2026-09-25 18:12:28,433 INFO    log file: logs/snipe-1001-1002-20260925-181228.log
2026-09-25 18:12:28,433 INFO    target: product=1001  slug=toyota-hilux-2019  max=4,000,000
2026-09-25 18:12:28,433 INFO    target: product=1002  slug=mazda-cx-5-2020  max=4,020,000
2026-09-25 18:12:28,504 INFO    HTTP Request: HEAD http://localhost:9000/ "HTTP/1.1 404 Not Found"
2026-09-25 18:12:28,508 INFO    clock offset: -0.501s  (rtt=10ms, samples=1)
2026-09-25 18:12:28,513 INFO    HTTP Request: HEAD http://localhost:9000/ "HTTP/1.1 404 Not Found"
2026-09-25 18:12:28,515 INFO    clock offset: -0.501s  (rtt=6ms, samples=2)
2026-09-25 18:12:28,515 INFO    [1001] starting  max=4,000,000
2026-09-25 18:12:28,518 INFO    [1002] starting  max=4,020,000
2026-09-25 18:12:28,521 INFO    HTTP Request: GET http://localhost:9000/product/toyota-hilux-2019/ "HTTP/1.1 200 OK"
2026-09-25 18:12:28,523 INFO    [1001] finish_time=1790349440  remaining=292s
2026-09-25 18:12:28,524 INFO    HTTP Request: GET http://localhost:9000/product/mazda-cx-5-2020/ "HTTP/1.1 200 OK"
2026-09-25 18:12:28,524 INFO    [1002] finish_time=1790349440  remaining=292s
2026-09-25 18:12:28,527 INFO    HTTP Request: GET http://localhost:9000/wp-json/wc/store/v1/products/1002 "HTTP/1.1 200 OK"
2026-09-25 18:12:28,528 INFO    HTTP Request: GET http://localhost:9000/wp-json/wc/store/v1/products/1001 "HTTP/1.1 200 OK"
2026-09-25 18:12:28,531 INFO    [1002] initial state=Bid now
2026-09-25 18:12:28,531 INFO    [1001] initial state=Bid now
2026-09-25 18:12:28,582 INFO    HTTP Request: GET http://localhost:9000/wp-json/wc/store/v1/products/1002 "HTTP/1.1 200 OK"
2026-09-25 18:12:28,583 INFO    HTTP Request: GET http://localhost:9000/wp-json/wc/store/v1/products/1001 "HTTP/1.1 200 OK"
2026-09-25 18:12:28,584 INFO    [1002] initial price=2,750,000
2026-09-25 18:12:28,584 INFO    [1002] monitoring until T-120s...
2026-09-25 18:12:28,585 INFO    [1001] initial price=1,370,000
2026-09-25 18:12:28,585 INFO    [1001] monitoring until T-120s...
2026-09-25 18:12:28,587 INFO    HTTP Request: GET http://localhost:9000/wp-json/wc/store/v1/products/1002 "HTTP/1.1 200 OK"
2026-09-25 18:12:28,587 INFO    HTTP Request: GET http://localhost:9000/wp-json/wc/store/v1/products/1001 "HTTP/1.1 200 OK"
2026-09-25 18:12:28,594 INFO    HTTP Request: GET http://localhost:9000/wp-json/wc/store/v1/products/1001 "HTTP/1.1 200 OK"
2026-09-25 18:12:28,596 INFO    HTTP Request: GET http://localhost:9000/wp-json/wc/store/v1/products/1002 "HTTP/1.1 200 OK"
2026-09-25 18:12:28,596 INFO    [1001] tick   1  price=1,370,000  state=Bid now
2026-09-25 18:12:28,596 INFO    [1002] tick   1  price=2,750,000  state=Bid now
2026-09-25 18:12:45,330 INFO    HTTP Request: GET http://localhost:9000/wp-json/wc/store/v1/products/1001 "HTTP/1.1 200 OK"
2026-09-25 18:12:45,344 INFO    HTTP Request: GET http://localhost:9000/wp-json/wc/store/v1/products/1001 "HTTP/1.1 200 OK"
2026-09-25 18:12:45,345 INFO    [1001] tick   2  price=1,410,000  state=Bid now
2026-09-25 18:12:50,493 INFO    HTTP Request: GET http://localhost:9000/wp-json/wc/store/v1/products/1002 "HTTP/1.1 200 OK"
2026-09-25 18:12:50,499 INFO    HTTP Request: GET http://localhost:9000/wp-json/wc/store/v1/products/1002 "HTTP/1.1 200 OK"
2026-09-25 18:12:50,501 INFO    [1002] tick   2  price=2,850,000  state=Bid now
2026-09-25 18:13:08,987 INFO    HTTP Request: GET http://localhost:9000/wp-json/wc/store/v1/products/1001 "HTTP/1.1 200 OK"
2026-09-25 18:13:08,994 INFO    HTTP Request: GET http://localhost:9000/wp-json/wc/store/v1/products/1001 "HTTP/1.1 200 OK"
2026-09-25 18:13:08,996 INFO    [1001] tick   3  price=1,440,000  state=Bid now
2026-09-25 18:13:14,046 INFO    HTTP Request: GET http://localhost:9000/wp-json/wc/store/v1/products/1002 "HTTP/1.1 200 OK"
2026-09-25 18:13:14,053 INFO    HTTP Request: GET http://localhost:9000/wp-json/wc/store/v1/products/1002 "HTTP/1.1 200 OK"
2026-09-25 18:13:14,054 INFO    [1002] tick   3  price=2,890,000  state=Bid now
2026-09-25 18:13:31,158 INFO    HTTP Request: GET http://localhost:9000/wp-json/wc/store/v1/products/1001 "HTTP/1.1 200 OK"
2026-09-25 18:13:31,160 INFO    HTTP Request: GET http://localhost:9000/wp-json/wc/store/v1/products/1001 "HTTP/1.1 200 OK"
2026-09-25 18:13:31,160 INFO    [1001] tick   4  price=1,485,000  state=Bid now
2026-09-25 18:13:33,226 INFO    HTTP Request: GET http://localhost:9000/wp-json/wc/store/v1/products/1002 "HTTP/1.1 200 OK"
2026-09-25 18:13:33,240 INFO    HTTP Request: GET http://localhost:9000/wp-json/wc/store/v1/products/1002 "HTTP/1.1 200 OK"
2026-09-25 18:13:33,241 INFO    [1002] tick   4  price=2,900,000  state=Bid now
2026-09-25 18:13:47,676 INFO    HTTP Request: GET http://localhost:9000/wp-json/wc/store/v1/products/1001 "HTTP/1.1 200 OK"
2026-09-25 18:13:47,688 INFO    HTTP Request: GET http://localhost:9000/wp-json/wc/store/v1/products/1001 "HTTP/1.1 200 OK"
2026-09-25 18:13:47,689 INFO    [1001] tick   5  price=1,500,000  state=Bid now
2026-09-25 18:13:50,223 INFO    HTTP Request: GET http://localhost:9000/wp-json/wc/store/v1/products/1002 "HTTP/1.1 200 OK"
2026-09-25 18:13:50,231 INFO    HTTP Request: GET http://localhost:9000/wp-json/wc/store/v1/products/1002 "HTTP/1.1 200 OK"
2026-09-25 18:13:50,233 INFO    [1002] tick   5  price=2,990,000  state=Bid now
2026-09-25 18:14:06,805 INFO    HTTP Request: GET http://localhost:9000/wp-json/wc/store/v1/products/1001 "HTTP/1.1 200 OK"
2026-09-25 18:14:06,807 INFO    HTTP Request: GET http://localhost:9000/wp-json/wc/store/v1/products/1001 "HTTP/1.1 200 OK"
2026-09-25 18:14:06,807 INFO    [1001] tick   6  price=1,515,000  state=Bid now
2026-09-25 18:14:10,094 INFO    HTTP Request: GET http://localhost:9000/wp-json/wc/store/v1/products/1002 "HTTP/1.1 200 OK"
2026-09-25 18:14:10,101 INFO    HTTP Request: GET http://localhost:9000/wp-json/wc/store/v1/products/1002 "HTTP/1.1 200 OK"
2026-09-25 18:14:10,102 INFO    [1002] tick   6  price=3,040,000  state=Bid now
2026-09-25 18:14:27,166 INFO    HTTP Request: GET http://localhost:9000/wp-json/wc/store/v1/products/1002 "HTTP/1.1 200 OK"
2026-09-25 18:14:27,176 INFO    HTTP Request: GET http://localhost:9000/wp-json/wc/store/v1/products/1002 "HTTP/1.1 200 OK"
2026-09-25 18:14:27,177 INFO    [1002] tick   7  price=3,090,000  state=Bid now
2026-09-25 18:14:28,184 INFO    HTTP Request: GET http://localhost:9000/wp-json/wc/store/v1/products/1001 "HTTP/1.1 200 OK"
2026-09-25 18:14:28,196 INFO    HTTP Request: GET http://localhost:9000/wp-json/wc/store/v1/products/1001 "HTTP/1.1 200 OK"
2026-09-25 18:14:28,199 INFO    [1001] tick   7  price=1,520,000  state=Bid now
2026-09-25 18:14:47,720 INFO    HTTP Request: GET http://localhost:9000/wp-json/wc/store/v1/products/1002 "HTTP/1.1 200 OK"
2026-09-25 18:14:47,729 INFO    HTTP Request: GET http://localhost:9000/wp-json/wc/store/v1/products/1002 "HTTP/1.1 200 OK"
2026-09-25 18:14:47,731 INFO    [1002] tick   8  price=3,190,000  state=Bid now
2026-09-25 18:14:48,501 INFO    HTTP Request: GET http://localhost:9000/wp-json/wc/store/v1/products/1001 "HTTP/1.1 200 OK"
2026-09-25 18:14:48,504 INFO    HTTP Request: GET http://localhost:9000/wp-json/wc/store/v1/products/1001 "HTTP/1.1 200 OK"
2026-09-25 18:14:48,504 INFO    [1001] tick   8  price=1,530,000  state=Bid now
2026-09-25 18:15:07,145 INFO    HTTP Request: GET http://localhost:9000/wp-json/wc/store/v1/products/1002 "HTTP/1.1 200 OK"
2026-09-25 18:15:07,153 INFO    HTTP Request: GET http://localhost:9000/wp-json/wc/store/v1/products/1002 "HTTP/1.1 200 OK"
2026-09-25 18:15:07,155 INFO    [1002] tick   9  price=3,250,000  state=Bid now
2026-09-25 18:15:08,169 INFO    HTTP Request: GET http://localhost:9000/wp-json/wc/store/v1/products/1001 "HTTP/1.1 200 OK"
2026-09-25 18:15:08,176 INFO    HTTP Request: GET http://localhost:9000/wp-json/wc/store/v1/products/1001 "HTTP/1.1 200 OK"
2026-09-25 18:15:08,177 INFO    [1001] tick   9  price=1,540,000  state=Bid now
2026-09-25 18:15:20,508 INFO    HTTP Request: HEAD http://localhost:9000/ "HTTP/1.1 404 Not Found"
2026-09-25 18:15:20,510 INFO    HTTP Request: HEAD http://localhost:9000/ "HTTP/1.1 404 Not Found"
2026-09-25 18:15:20,511 INFO    clock offset: -0.506s  (rtt=11ms, samples=3)
2026-09-25 18:15:20,513 INFO    clock offset: -0.506s  (rtt=9ms, samples=4)
2026-09-25 18:15:20,514 INFO    [1001] === endgame begins ===
2026-09-25 18:15:20,513 INFO    [1002] === endgame begins ===
2026-09-25 18:15:20,524 INFO    HTTP Request: GET http://localhost:9000/wp-json/wc/store/v1/products/1001 "HTTP/1.1 200 OK"
2026-09-25 18:15:20,525 INFO    HTTP Request: GET http://localhost:9000/wp-json/wc/store/v1/products/1002 "HTTP/1.1 200 OK"
2026-09-25 18:15:20,536 INFO    HTTP Request: GET http://localhost:9000/wp-json/wc/store/v1/products/1002 "HTTP/1.1 200 OK"
2026-09-25 18:15:20,538 INFO    HTTP Request: GET http://localhost:9000/wp-json/wc/store/v1/products/1001 "HTTP/1.1 200 OK"
2026-09-25 18:15:20,542 INFO    [1002] price 3,290,000 (state=Bid now, my_last=—, bids=0)
2026-09-25 18:15:20,545 INFO    [1001] price 1,580,000 (state=Bid now, my_last=—, bids=0)
2026-09-25 18:15:20,552 INFO    HTTP Request: POST http://localhost:9000/wp-admin/admin-ajax.php "HTTP/1.1 404 Not Found"
2026-09-25 18:15:20,556 INFO    [1002] fire 3,295,000 → success=False data={}
2026-09-25 18:15:20,558 INFO    HTTP Request: POST http://localhost:9000/wp-admin/admin-ajax.php "HTTP/1.1 404 Not Found"
2026-09-25 18:15:20,560 INFO    [1001] fire 1,585,000 → success=False data={}
2026-09-25 18:15:23,883 INFO    HTTP Request: GET http://localhost:9000/wp-json/wc/store/v1/products/1001 "HTTP/1.1 200 OK"
2026-09-25 18:15:23,886 INFO    HTTP Request: GET http://localhost:9000/wp-json/wc/store/v1/products/1001 "HTTP/1.1 200 OK"
2026-09-25 18:15:23,890 INFO    HTTP Request: POST http://localhost:9000/wp-admin/admin-ajax.php "HTTP/1.1 404 Not Found"
2026-09-25 18:15:23,891 INFO    [1001] fire 1,585,000 → success=False data={}
2026-09-25 18:15:24,375 INFO    HTTP Request: GET http://localhost:9000/wp-json/wc/store/v1/products/1002 "HTTP/1.1 200 OK"
2026-09-25 18:15:24,390 INFO    HTTP Request: GET http://localhost:9000/wp-json/wc/store/v1/products/1002 "HTTP/1.1 200 OK"
2026-09-25 18:15:24,407 INFO    HTTP Request: POST http://localhost:9000/wp-admin/admin-ajax.php "HTTP/1.1 404 Not Found"
2026-09-25 18:15:24,412 INFO    [1002] fire 3,295,000 → success=False data={}
2026-09-25 18:15:27,310 INFO    HTTP Request: GET http://localhost:9000/wp-json/wc/store/v1/products/1001 "HTTP/1.1 200 OK"
2026-09-25 18:15:27,313 INFO    HTTP Request: GET http://localhost:9000/wp-json/wc/store/v1/products/1001 "HTTP/1.1 200 OK"
2026-09-25 18:15:27,315 INFO    HTTP Request: POST http://localhost:9000/wp-admin/admin-ajax.php "HTTP/1.1 404 Not Found"
2026-09-25 18:15:27,316 INFO    [1001] fire 1,585,000 → success=False data={}
2026-09-25 18:15:28,303 INFO    HTTP Request: GET http://localhost:9000/wp-json/wc/store/v1/products/1002 "HTTP/1.1 200 OK"
2026-09-25 18:15:28,309 INFO    HTTP Request: GET http://localhost:9000/wp-json/wc/store/v1/products/1002 "HTTP/1.1 200 OK"
2026-09-25 18:15:28,321 INFO    HTTP Request: POST http://localhost:9000/wp-admin/admin-ajax.php "HTTP/1.1 404 Not Found"
2026-09-25 18:15:28,324 INFO    [1002] fire 3,295,000 → success=False data={}
2026-09-25 18:15:31,637 INFO    HTTP Request: GET http://localhost:9000/wp-json/wc/store/v1/products/1002 "HTTP/1.1 200 OK"
2026-09-25 18:15:31,643 INFO    HTTP Request: GET http://localhost:9000/wp-json/wc/store/v1/products/1002 "HTTP/1.1 200 OK"
2026-09-25 18:15:31,650 INFO    HTTP Request: POST http://localhost:9000/wp-admin/admin-ajax.php "HTTP/1.1 404 Not Found"
2026-09-25 18:15:31,652 INFO    [1002] fire 3,295,000 → success=False data={}
2026-09-25 18:15:31,667 INFO    HTTP Request: GET http://localhost:9000/wp-json/wc/store/v1/products/1001 "HTTP/1.1 200 OK"
2026-09-25 18:15:31,674 INFO    HTTP Request: GET http://localhost:9000/wp-json/wc/store/v1/products/1001 "HTTP/1.1 200 OK"
2026-09-25 18:15:31,683 INFO    HTTP Request: POST http://localhost:9000/wp-admin/admin-ajax.php "HTTP/1.1 404 Not Found"
2026-09-25 18:15:31,687 INFO    [1001] fire 1,585,000 → success=False data={}
2026-09-25 18:15:35,089 INFO    HTTP Request: GET http://localhost:9000/wp-json/wc/store/v1/products/1001 "HTTP/1.1 200 OK"
2026-09-25 18:15:35,095 INFO    HTTP Request: GET http://localhost:9000/wp-json/wc/store/v1/products/1001 "HTTP/1.1 200 OK"
2026-09-25 18:15:35,101 INFO    HTTP Request: POST http://localhost:9000/wp-admin/admin-ajax.php "HTTP/1.1 404 Not Found"
2026-09-25 18:15:35,103 INFO    [1001] fire 1,585,000 → success=False data={}
2026-09-25 18:15:36,149 INFO    HTTP Request: GET http://localhost:9000/wp-json/wc/store/v1/products/1002 "HTTP/1.1 200 OK"
2026-09-25 18:15:36,153 INFO    HTTP Request: GET http://localhost:9000/wp-json/wc/store/v1/products/1002 "HTTP/1.1 200 OK"
2026-09-25 18:15:36,157 INFO    HTTP Request: POST http://localhost:9000/wp-admin/admin-ajax.php "HTTP/1.1 404 Not Found"
2026-09-25 18:15:36,158 INFO    [1002] fire 3,295,000 → success=False data={}
2026-09-25 18:15:39,439 INFO    HTTP Request: GET http://localhost:9000/wp-json/wc/store/v1/products/1001 "HTTP/1.1 200 OK"
2026-09-25 18:15:39,444 INFO    HTTP Request: GET http://localhost:9000/wp-json/wc/store/v1/products/1001 "HTTP/1.1 200 OK"
2026-09-25 18:15:39,450 INFO    HTTP Request: POST http://localhost:9000/wp-admin/admin-ajax.php "HTTP/1.1 404 Not Found"
2026-09-25 18:15:39,452 INFO    [1001] fire 1,585,000 → success=False data={}
2026-09-25 18:15:39,793 INFO    HTTP Request: GET http://localhost:9000/wp-json/wc/store/v1/products/1002 "HTTP/1.1 200 OK"
2026-09-25 18:15:39,801 INFO    HTTP Request: GET http://localhost:9000/wp-json/wc/store/v1/products/1002 "HTTP/1.1 200 OK"
2026-09-25 18:15:39,810 INFO    HTTP Request: POST http://localhost:9000/wp-admin/admin-ajax.php "HTTP/1.1 404 Not Found"
2026-09-25 18:15:39,813 INFO    [1002] fire 3,295,000 → success=False data={}
2026-09-25 18:15:43,490 INFO    HTTP Request: GET http://localhost:9000/wp-json/wc/store/v1/products/1002 "HTTP/1.1 200 OK"
2026-09-25 18:15:43,495 INFO    HTTP Request: GET http://localhost:9000/wp-json/wc/store/v1/products/1002 "HTTP/1.1 200 OK"
2026-09-25 18:15:43,496 INFO    [1002] price 3,390,000 (state=Bid now, my_last=—, bids=6)
2026-09-25 18:15:43,500 INFO    HTTP Request: POST http://localhost:9000/wp-admin/admin-ajax.php "HTTP/1.1 404 Not Found"
2026-09-25 18:15:43,501 INFO    [1002] fire 3,395,000 → success=False data={}
2026-09-25 18:15:43,569 INFO    HTTP Request: GET http://localhost:9000/wp-json/wc/store/v1/products/1001 "HTTP/1.1 200 OK"
2026-09-25 18:15:43,581 INFO    HTTP Request: GET http://localhost:9000/wp-json/wc/store/v1/products/1001 "HTTP/1.1 200 OK"
2026-09-25 18:15:43,582 INFO    [1001] price 1,600,000 (state=Bid now, my_last=—, bids=6)
2026-09-25 18:15:43,587 INFO    HTTP Request: POST http://localhost:9000/wp-admin/admin-ajax.php "HTTP/1.1 404 Not Found"
2026-09-25 18:15:43,588 INFO    [1001] fire 1,605,000 → success=False data={}
2026-09-25 18:15:47,245 INFO    HTTP Request: GET http://localhost:9000/wp-json/wc/store/v1/products/1001 "HTTP/1.1 200 OK"
2026-09-25 18:15:47,251 INFO    HTTP Request: GET http://localhost:9000/wp-json/wc/store/v1/products/1001 "HTTP/1.1 200 OK"
2026-09-25 18:15:47,257 INFO    HTTP Request: POST http://localhost:9000/wp-admin/admin-ajax.php "HTTP/1.1 404 Not Found"
2026-09-25 18:15:47,259 INFO    [1001] fire 1,605,000 → success=False data={}
2026-09-25 18:15:47,335 INFO    HTTP Request: GET http://localhost:9000/wp-json/wc/store/v1/products/1002 "HTTP/1.1 200 OK"
2026-09-25 18:15:47,342 INFO    HTTP Request: GET http://localhost:9000/wp-json/wc/store/v1/products/1002 "HTTP/1.1 200 OK"
2026-09-25 18:15:47,349 INFO    HTTP Request: POST http://localhost:9000/wp-admin/admin-ajax.php "HTTP/1.1 404 Not Found"
2026-09-25 18:15:47,350 INFO    [1002] fire 3,395,000 → success=False data={}
2026-09-25 18:15:50,492 INFO    HTTP Request: GET http://localhost:9000/wp-json/wc/store/v1/products/1001 "HTTP/1.1 200 OK"
2026-09-25 18:15:50,500 INFO    HTTP Request: GET http://localhost:9000/wp-json/wc/store/v1/products/1001 "HTTP/1.1 200 OK"
2026-09-25 18:15:50,517 INFO    HTTP Request: POST http://localhost:9000/wp-admin/admin-ajax.php "HTTP/1.1 404 Not Found"
2026-09-25 18:15:50,518 INFO    [1001] fire 1,605,000 → success=False data={}
2026-09-25 18:15:51,723 INFO    HTTP Request: GET http://localhost:9000/wp-json/wc/store/v1/products/1002 "HTTP/1.1 200 OK"
2026-09-25 18:15:51,725 INFO    HTTP Request: GET http://localhost:9000/wp-json/wc/store/v1/products/1002 "HTTP/1.1 200 OK"
2026-09-25 18:15:51,727 INFO    HTTP Request: POST http://localhost:9000/wp-admin/admin-ajax.php "HTTP/1.1 404 Not Found"
2026-09-25 18:15:51,728 INFO    [1002] fire 3,395,000 → success=False data={}
2026-09-25 18:15:55,088 INFO    HTTP Request: GET http://localhost:9000/wp-json/wc/store/v1/products/1001 "HTTP/1.1 200 OK"
2026-09-25 18:15:55,090 INFO    HTTP Request: GET http://localhost:9000/wp-json/wc/store/v1/products/1001 "HTTP/1.1 200 OK"
2026-09-25 18:15:55,093 INFO    HTTP Request: POST http://localhost:9000/wp-admin/admin-ajax.php "HTTP/1.1 404 Not Found"
2026-09-25 18:15:55,093 INFO    [1001] fire 1,605,000 → success=False data={}
2026-09-25 18:15:56,224 INFO    HTTP Request: GET http://localhost:9000/wp-json/wc/store/v1/products/1002 "HTTP/1.1 200 OK"
2026-09-25 18:15:56,233 INFO    HTTP Request: GET http://localhost:9000/wp-json/wc/store/v1/products/1002 "HTTP/1.1 200 OK"
2026-09-25 18:15:56,240 INFO    HTTP Request: POST http://localhost:9000/wp-admin/admin-ajax.php "HTTP/1.1 404 Not Found"
2026-09-25 18:15:56,242 INFO    [1002] fire 3,395,000 → success=False data={}
2026-09-25 18:15:59,648 INFO    HTTP Request: GET http://localhost:9000/wp-json/wc/store/v1/products/1001 "HTTP/1.1 200 OK"
2026-09-25 18:15:59,656 INFO    HTTP Request: GET http://localhost:9000/wp-json/wc/store/v1/products/1001 "HTTP/1.1 200 OK"
2026-09-25 18:15:59,662 INFO    HTTP Request: GET http://localhost:9000/wp-json/wc/store/v1/products/1002 "HTTP/1.1 200 OK"
2026-09-25 18:15:59,667 INFO    HTTP Request: POST http://localhost:9000/wp-admin/admin-ajax.php "HTTP/1.1 404 Not Found"
2026-09-25 18:15:59,670 INFO    [1001] fire 1,605,000 → success=False data={}
2026-09-25 18:15:59,669 INFO    HTTP Request: GET http://localhost:9000/wp-json/wc/store/v1/products/1002 "HTTP/1.1 200 OK"
2026-09-25 18:15:59,676 INFO    HTTP Request: POST http://localhost:9000/wp-admin/admin-ajax.php "HTTP/1.1 404 Not Found"
2026-09-25 18:15:59,678 INFO    [1002] fire 3,395,000 → success=False data={}
2026-09-25 18:16:04,029 INFO    HTTP Request: GET http://localhost:9000/wp-json/wc/store/v1/products/1002 "HTTP/1.1 200 OK"
2026-09-25 18:16:04,037 INFO    HTTP Request: GET http://localhost:9000/wp-json/wc/store/v1/products/1002 "HTTP/1.1 200 OK"
2026-09-25 18:16:04,038 INFO    [1002] price 3,460,000 (state=Bid now, my_last=—, bids=11)
2026-09-25 18:16:04,043 INFO    HTTP Request: POST http://localhost:9000/wp-admin/admin-ajax.php "HTTP/1.1 404 Not Found"
2026-09-25 18:16:04,045 INFO    [1002] fire 3,465,000 → success=False data={}
2026-09-25 18:16:04,309 INFO    HTTP Request: GET http://localhost:9000/wp-json/wc/store/v1/products/1001 "HTTP/1.1 200 OK"
2026-09-25 18:16:04,316 INFO    HTTP Request: GET http://localhost:9000/wp-json/wc/store/v1/products/1001 "HTTP/1.1 200 OK"
2026-09-25 18:16:04,317 INFO    [1001] price 1,605,000 (state=Bid now, my_last=—, bids=11)
2026-09-25 18:16:04,324 INFO    HTTP Request: POST http://localhost:9000/wp-admin/admin-ajax.php "HTTP/1.1 404 Not Found"
2026-09-25 18:16:04,326 INFO    [1001] fire 1,610,000 → success=False data={}
2026-09-25 18:16:07,859 INFO    HTTP Request: GET http://localhost:9000/wp-json/wc/store/v1/products/1002 "HTTP/1.1 200 OK"
2026-09-25 18:16:07,861 INFO    HTTP Request: GET http://localhost:9000/wp-json/wc/store/v1/products/1002 "HTTP/1.1 200 OK"
2026-09-25 18:16:07,863 INFO    HTTP Request: POST http://localhost:9000/wp-admin/admin-ajax.php "HTTP/1.1 404 Not Found"
2026-09-25 18:16:07,863 INFO    [1002] fire 3,465,000 → success=False data={}
2026-09-25 18:16:09,083 INFO    HTTP Request: GET http://localhost:9000/wp-json/wc/store/v1/products/1001 "HTTP/1.1 200 OK"
2026-09-25 18:16:09,095 INFO    HTTP Request: GET http://localhost:9000/wp-json/wc/store/v1/products/1001 "HTTP/1.1 200 OK"
2026-09-25 18:16:09,112 INFO    HTTP Request: POST http://localhost:9000/wp-admin/admin-ajax.php "HTTP/1.1 404 Not Found"
2026-09-25 18:16:09,120 INFO    [1001] fire 1,610,000 → success=False data={}
2026-09-25 18:16:11,545 INFO    HTTP Request: GET http://localhost:9000/wp-json/wc/store/v1/products/1002 "HTTP/1.1 200 OK"
2026-09-25 18:16:11,548 INFO    HTTP Request: GET http://localhost:9000/wp-json/wc/store/v1/products/1002 "HTTP/1.1 200 OK"
2026-09-25 18:16:11,557 INFO    HTTP Request: POST http://localhost:9000/wp-admin/admin-ajax.php "HTTP/1.1 404 Not Found"
2026-09-25 18:16:11,559 INFO    [1002] fire 3,465,000 → success=False data={}
2026-09-25 18:16:13,407 INFO    HTTP Request: GET http://localhost:9000/wp-json/wc/store/v1/products/1001 "HTTP/1.1 200 OK"
2026-09-25 18:16:13,413 INFO    HTTP Request: GET http://localhost:9000/wp-json/wc/store/v1/products/1001 "HTTP/1.1 200 OK"
2026-09-25 18:16:13,420 INFO    HTTP Request: POST http://localhost:9000/wp-admin/admin-ajax.php "HTTP/1.1 404 Not Found"
2026-09-25 18:16:13,421 INFO    [1001] fire 1,610,000 → success=False data={}
2026-09-25 18:16:15,218 INFO    HTTP Request: GET http://localhost:9000/wp-json/wc/store/v1/products/1002 "HTTP/1.1 200 OK"
2026-09-25 18:16:15,221 INFO    HTTP Request: GET http://localhost:9000/wp-json/wc/store/v1/products/1002 "HTTP/1.1 200 OK"
2026-09-25 18:16:15,224 INFO    HTTP Request: POST http://localhost:9000/wp-admin/admin-ajax.php "HTTP/1.1 404 Not Found"
2026-09-25 18:16:15,225 INFO    [1002] fire 3,465,000 → success=False data={}
2026-09-25 18:16:16,717 INFO    HTTP Request: GET http://localhost:9000/wp-json/wc/store/v1/products/1001 "HTTP/1.1 200 OK"
2026-09-25 18:16:16,723 INFO    HTTP Request: GET http://localhost:9000/wp-json/wc/store/v1/products/1001 "HTTP/1.1 200 OK"
2026-09-25 18:16:16,728 INFO    HTTP Request: POST http://localhost:9000/wp-admin/admin-ajax.php "HTTP/1.1 404 Not Found"
2026-09-25 18:16:16,729 INFO    [1001] fire 1,610,000 → success=False data={}
2026-09-25 18:16:19,032 INFO    HTTP Request: GET http://localhost:9000/wp-json/wc/store/v1/products/1002 "HTTP/1.1 200 OK"
2026-09-25 18:16:19,035 INFO    HTTP Request: GET http://localhost:9000/wp-json/wc/store/v1/products/1002 "HTTP/1.1 200 OK"
2026-09-25 18:16:19,037 INFO    HTTP Request: POST http://localhost:9000/wp-admin/admin-ajax.php "HTTP/1.1 404 Not Found"
2026-09-25 18:16:19,038 INFO    [1002] fire 3,465,000 → success=False data={}
2026-09-25 18:16:21,337 INFO    HTTP Request: GET http://localhost:9000/wp-json/wc/store/v1/products/1001 "HTTP/1.1 200 OK"
2026-09-25 18:16:21,343 INFO    HTTP Request: GET http://localhost:9000/wp-json/wc/store/v1/products/1001 "HTTP/1.1 200 OK"
2026-09-25 18:16:21,344 INFO    [1001] price 1,640,000 (state=Bid now, my_last=—, bids=15)
2026-09-25 18:16:21,350 INFO    HTTP Request: POST http://localhost:9000/wp-admin/admin-ajax.php "HTTP/1.1 404 Not Found"
2026-09-25 18:16:21,352 INFO    [1001] fire 1,645,000 → success=False data={}
2026-09-25 18:16:22,314 INFO    HTTP Request: GET http://localhost:9000/wp-json/wc/store/v1/products/1002 "HTTP/1.1 200 OK"
2026-09-25 18:16:22,324 INFO    HTTP Request: GET http://localhost:9000/wp-json/wc/store/v1/products/1002 "HTTP/1.1 200 OK"
2026-09-25 18:16:22,327 INFO    [1002] price 3,510,000 (state=Bid now, my_last=—, bids=16)
2026-09-25 18:16:22,340 INFO    HTTP Request: POST http://localhost:9000/wp-admin/admin-ajax.php "HTTP/1.1 404 Not Found"
2026-09-25 18:16:22,342 INFO    [1002] fire 3,515,000 → success=False data={}
2026-09-25 18:16:23,430 INFO    HTTP Request: GET http://localhost:9000/wp-json/wc/store/v1/products/1001 "HTTP/1.1 200 OK"
2026-09-25 18:16:23,439 INFO    HTTP Request: GET http://localhost:9000/wp-json/wc/store/v1/products/1001 "HTTP/1.1 200 OK"
2026-09-25 18:16:23,449 INFO    HTTP Request: POST http://localhost:9000/wp-admin/admin-ajax.php "HTTP/1.1 404 Not Found"
2026-09-25 18:16:23,452 INFO    [1001] fire 1,645,000 → success=False data={}
2026-09-25 18:16:24,556 INFO    HTTP Request: GET http://localhost:9000/wp-json/wc/store/v1/products/1002 "HTTP/1.1 200 OK"
2026-09-25 18:16:24,567 INFO    HTTP Request: GET http://localhost:9000/wp-json/wc/store/v1/products/1002 "HTTP/1.1 200 OK"
2026-09-25 18:16:24,574 INFO    HTTP Request: POST http://localhost:9000/wp-admin/admin-ajax.php "HTTP/1.1 404 Not Found"
2026-09-25 18:16:24,576 INFO    [1002] fire 3,515,000 → success=False data={}
2026-09-25 18:16:25,077 INFO    HTTP Request: GET http://localhost:9000/wp-json/wc/store/v1/products/1001 "HTTP/1.1 200 OK"
2026-09-25 18:16:25,083 INFO    HTTP Request: GET http://localhost:9000/wp-json/wc/store/v1/products/1001 "HTTP/1.1 200 OK"
2026-09-25 18:16:25,091 INFO    HTTP Request: POST http://localhost:9000/wp-admin/admin-ajax.php "HTTP/1.1 404 Not Found"
2026-09-25 18:16:25,092 INFO    [1001] fire 1,645,000 → success=False data={}
2026-09-25 18:16:26,966 INFO    HTTP Request: GET http://localhost:9000/wp-json/wc/store/v1/products/1002 "HTTP/1.1 200 OK"
2026-09-25 18:16:26,972 INFO    HTTP Request: GET http://localhost:9000/wp-json/wc/store/v1/products/1002 "HTTP/1.1 200 OK"
2026-09-25 18:16:26,980 INFO    HTTP Request: POST http://localhost:9000/wp-admin/admin-ajax.php "HTTP/1.1 404 Not Found"
2026-09-25 18:16:26,982 INFO    [1002] fire 3,515,000 → success=False data={}
2026-09-25 18:16:27,395 INFO    HTTP Request: GET http://localhost:9000/wp-json/wc/store/v1/products/1001 "HTTP/1.1 200 OK"
2026-09-25 18:16:27,402 INFO    HTTP Request: GET http://localhost:9000/wp-json/wc/store/v1/products/1001 "HTTP/1.1 200 OK"
2026-09-25 18:16:27,408 INFO    HTTP Request: POST http://localhost:9000/wp-admin/admin-ajax.php "HTTP/1.1 404 Not Found"
2026-09-25 18:16:27,409 INFO    [1001] fire 1,645,000 → success=False data={}
2026-09-25 18:16:29,126 INFO    HTTP Request: GET http://localhost:9000/wp-json/wc/store/v1/products/1002 "HTTP/1.1 200 OK"
2026-09-25 18:16:29,128 INFO    HTTP Request: GET http://localhost:9000/wp-json/wc/store/v1/products/1002 "HTTP/1.1 200 OK"
2026-09-25 18:16:29,130 INFO    HTTP Request: POST http://localhost:9000/wp-admin/admin-ajax.php "HTTP/1.1 404 Not Found"
2026-09-25 18:16:29,131 INFO    [1002] fire 3,515,000 → success=False data={}
2026-09-25 18:16:29,283 INFO    HTTP Request: GET http://localhost:9000/wp-json/wc/store/v1/products/1001 "HTTP/1.1 200 OK"
2026-09-25 18:16:29,285 INFO    HTTP Request: GET http://localhost:9000/wp-json/wc/store/v1/products/1001 "HTTP/1.1 200 OK"
2026-09-25 18:16:29,288 INFO    HTTP Request: POST http://localhost:9000/wp-admin/admin-ajax.php "HTTP/1.1 404 Not Found"
2026-09-25 18:16:29,289 INFO    [1001] fire 1,645,000 → success=False data={}
2026-09-25 18:16:31,055 INFO    HTTP Request: GET http://localhost:9000/wp-json/wc/store/v1/products/1002 "HTTP/1.1 200 OK"
2026-09-25 18:16:31,058 INFO    HTTP Request: GET http://localhost:9000/wp-json/wc/store/v1/products/1002 "HTTP/1.1 200 OK"
2026-09-25 18:16:31,064 INFO    HTTP Request: POST http://localhost:9000/wp-admin/admin-ajax.php "HTTP/1.1 404 Not Found"
2026-09-25 18:16:31,064 INFO    [1002] fire 3,515,000 → success=False data={}
2026-09-25 18:16:31,509 INFO    HTTP Request: GET http://localhost:9000/wp-json/wc/store/v1/products/1001 "HTTP/1.1 200 OK"
2026-09-25 18:16:31,516 INFO    HTTP Request: GET http://localhost:9000/wp-json/wc/store/v1/products/1001 "HTTP/1.1 200 OK"
2026-09-25 18:16:31,522 INFO    HTTP Request: POST http://localhost:9000/wp-admin/admin-ajax.php "HTTP/1.1 404 Not Found"
2026-09-25 18:16:31,523 INFO    [1001] fire 1,645,000 → success=False data={}
2026-09-25 18:16:33,187 INFO    HTTP Request: GET http://localhost:9000/wp-json/wc/store/v1/products/1002 "HTTP/1.1 200 OK"
2026-09-25 18:16:33,194 INFO    HTTP Request: GET http://localhost:9000/wp-json/wc/store/v1/products/1002 "HTTP/1.1 200 OK"
2026-09-25 18:16:33,201 INFO    HTTP Request: POST http://localhost:9000/wp-admin/admin-ajax.php "HTTP/1.1 404 Not Found"
2026-09-25 18:16:33,202 INFO    [1002] fire 3,515,000 → success=False data={}
2026-09-25 18:16:33,451 INFO    HTTP Request: GET http://localhost:9000/wp-json/wc/store/v1/products/1001 "HTTP/1.1 200 OK"
2026-09-25 18:16:33,458 INFO    HTTP Request: GET http://localhost:9000/wp-json/wc/store/v1/products/1001 "HTTP/1.1 200 OK"
2026-09-25 18:16:33,465 INFO    HTTP Request: POST http://localhost:9000/wp-admin/admin-ajax.php "HTTP/1.1 404 Not Found"
2026-09-25 18:16:33,466 INFO    [1001] fire 1,645,000 → success=False data={}
2026-09-25 18:16:34,905 INFO    HTTP Request: GET http://localhost:9000/wp-json/wc/store/v1/products/1002 "HTTP/1.1 200 OK"
2026-09-25 18:16:34,910 INFO    HTTP Request: GET http://localhost:9000/wp-json/wc/store/v1/products/1002 "HTTP/1.1 200 OK"
2026-09-25 18:16:34,915 INFO    HTTP Request: POST http://localhost:9000/wp-admin/admin-ajax.php "HTTP/1.1 404 Not Found"
2026-09-25 18:16:34,915 INFO    [1002] fire 3,515,000 → success=False data={}
2026-09-25 18:16:35,104 INFO    HTTP Request: GET http://localhost:9000/wp-json/wc/store/v1/products/1001 "HTTP/1.1 200 OK"
2026-09-25 18:16:35,109 INFO    HTTP Request: GET http://localhost:9000/wp-json/wc/store/v1/products/1001 "HTTP/1.1 200 OK"
2026-09-25 18:16:35,112 INFO    HTTP Request: POST http://localhost:9000/wp-admin/admin-ajax.php "HTTP/1.1 404 Not Found"
2026-09-25 18:16:35,113 INFO    [1001] fire 1,645,000 → success=False data={}
2026-09-25 18:16:36,933 INFO    HTTP Request: GET http://localhost:9000/wp-json/wc/store/v1/products/1001 "HTTP/1.1 200 OK"
2026-09-25 18:16:36,936 INFO    HTTP Request: GET http://localhost:9000/wp-json/wc/store/v1/products/1001 "HTTP/1.1 200 OK"
2026-09-25 18:16:36,941 INFO    HTTP Request: POST http://localhost:9000/wp-admin/admin-ajax.php "HTTP/1.1 404 Not Found"
2026-09-25 18:16:36,942 INFO    [1001] fire 1,645,000 → success=False data={}
2026-09-25 18:16:37,064 INFO    HTTP Request: GET http://localhost:9000/wp-json/wc/store/v1/products/1002 "HTTP/1.1 200 OK"
2026-09-25 18:16:37,066 INFO    HTTP Request: GET http://localhost:9000/wp-json/wc/store/v1/products/1002 "HTTP/1.1 200 OK"
2026-09-25 18:16:37,067 INFO    HTTP Request: POST http://localhost:9000/wp-admin/admin-ajax.php "HTTP/1.1 404 Not Found"
2026-09-25 18:16:37,067 INFO    [1002] fire 3,515,000 → success=False data={}
2026-09-25 18:16:38,590 INFO    HTTP Request: GET http://localhost:9000/wp-json/wc/store/v1/products/1001 "HTTP/1.1 200 OK"
2026-09-25 18:16:38,597 INFO    HTTP Request: GET http://localhost:9000/wp-json/wc/store/v1/products/1001 "HTTP/1.1 200 OK"
2026-09-25 18:16:38,603 INFO    HTTP Request: POST http://localhost:9000/wp-admin/admin-ajax.php "HTTP/1.1 404 Not Found"
2026-09-25 18:16:38,605 INFO    [1001] fire 1,645,000 → success=False data={}
2026-09-25 18:16:38,711 INFO    HTTP Request: GET http://localhost:9000/wp-json/wc/store/v1/products/1002 "HTTP/1.1 200 OK"
2026-09-25 18:16:38,714 INFO    HTTP Request: GET http://localhost:9000/wp-json/wc/store/v1/products/1002 "HTTP/1.1 200 OK"
2026-09-25 18:16:38,717 INFO    HTTP Request: POST http://localhost:9000/wp-admin/admin-ajax.php "HTTP/1.1 404 Not Found"
2026-09-25 18:16:38,717 INFO    [1002] fire 3,515,000 → success=False data={}
2026-09-25 18:16:40,732 INFO    HTTP Request: GET http://localhost:9000/wp-json/wc/store/v1/products/1002 "HTTP/1.1 200 OK"
2026-09-25 18:16:40,735 INFO    HTTP Request: GET http://localhost:9000/wp-json/wc/store/v1/products/1002 "HTTP/1.1 200 OK"
2026-09-25 18:16:40,735 INFO    [1002] price 3,590,000 (state=Bid now, my_last=—, bids=25)
2026-09-25 18:16:40,738 INFO    HTTP Request: POST http://localhost:9000/wp-admin/admin-ajax.php "HTTP/1.1 404 Not Found"
2026-09-25 18:16:40,740 INFO    [1002] fire 3,595,000 → success=False data={}
2026-09-25 18:16:40,919 INFO    HTTP Request: GET http://localhost:9000/wp-json/wc/store/v1/products/1001 "HTTP/1.1 200 OK"
2026-09-25 18:16:40,932 INFO    HTTP Request: GET http://localhost:9000/wp-json/wc/store/v1/products/1001 "HTTP/1.1 200 OK"
2026-09-25 18:16:40,933 INFO    [1001] price 1,680,000 (state=Bid now, my_last=—, bids=25)
2026-09-25 18:16:40,944 INFO    HTTP Request: POST http://localhost:9000/wp-admin/admin-ajax.php "HTTP/1.1 404 Not Found"
2026-09-25 18:16:40,948 INFO    [1001] fire 1,685,000 → success=False data={}
2026-09-25 18:16:42,523 INFO    HTTP Request: GET http://localhost:9000/wp-json/wc/store/v1/products/1002 "HTTP/1.1 200 OK"
2026-09-25 18:16:42,526 INFO    HTTP Request: GET http://localhost:9000/wp-json/wc/store/v1/products/1002 "HTTP/1.1 200 OK"
2026-09-25 18:16:42,528 INFO    HTTP Request: POST http://localhost:9000/wp-admin/admin-ajax.php "HTTP/1.1 404 Not Found"
2026-09-25 18:16:42,528 INFO    [1002] fire 3,595,000 → success=False data={}
2026-09-25 18:16:42,910 INFO    HTTP Request: GET http://localhost:9000/wp-json/wc/store/v1/products/1001 "HTTP/1.1 200 OK"
2026-09-25 18:16:42,915 INFO    HTTP Request: GET http://localhost:9000/wp-json/wc/store/v1/products/1001 "HTTP/1.1 200 OK"
2026-09-25 18:16:42,921 INFO    HTTP Request: POST http://localhost:9000/wp-admin/admin-ajax.php "HTTP/1.1 404 Not Found"
2026-09-25 18:16:42,923 INFO    [1001] fire 1,685,000 → success=False data={}
2026-09-25 18:16:44,803 INFO    HTTP Request: GET http://localhost:9000/wp-json/wc/store/v1/products/1001 "HTTP/1.1 200 OK"
2026-09-25 18:16:44,809 INFO    HTTP Request: GET http://localhost:9000/wp-json/wc/store/v1/products/1001 "HTTP/1.1 200 OK"
2026-09-25 18:16:44,816 INFO    HTTP Request: POST http://localhost:9000/wp-admin/admin-ajax.php "HTTP/1.1 404 Not Found"
2026-09-25 18:16:44,817 INFO    [1001] fire 1,685,000 → success=False data={}
2026-09-25 18:16:44,878 INFO    HTTP Request: GET http://localhost:9000/wp-json/wc/store/v1/products/1002 "HTTP/1.1 200 OK"
2026-09-25 18:16:44,884 INFO    HTTP Request: GET http://localhost:9000/wp-json/wc/store/v1/products/1002 "HTTP/1.1 200 OK"
2026-09-25 18:16:44,891 INFO    HTTP Request: POST http://localhost:9000/wp-admin/admin-ajax.php "HTTP/1.1 404 Not Found"
2026-09-25 18:16:44,892 INFO    [1002] fire 3,595,000 → success=False data={}
2026-09-25 18:16:46,584 INFO    HTTP Request: GET http://localhost:9000/wp-json/wc/store/v1/products/1002 "HTTP/1.1 200 OK"
2026-09-25 18:16:46,590 INFO    HTTP Request: GET http://localhost:9000/wp-json/wc/store/v1/products/1002 "HTTP/1.1 200 OK"
2026-09-25 18:16:46,594 INFO    HTTP Request: POST http://localhost:9000/wp-admin/admin-ajax.php "HTTP/1.1 404 Not Found"
2026-09-25 18:16:46,595 INFO    [1002] fire 3,595,000 → success=False data={}
2026-09-25 18:16:46,668 INFO    HTTP Request: GET http://localhost:9000/wp-json/wc/store/v1/products/1001 "HTTP/1.1 200 OK"
2026-09-25 18:16:46,671 INFO    HTTP Request: GET http://localhost:9000/wp-json/wc/store/v1/products/1001 "HTTP/1.1 200 OK"
2026-09-25 18:16:46,674 INFO    HTTP Request: POST http://localhost:9000/wp-admin/admin-ajax.php "HTTP/1.1 404 Not Found"
2026-09-25 18:16:46,674 INFO    [1001] fire 1,685,000 → success=False data={}
2026-09-25 18:16:48,759 INFO    HTTP Request: GET http://localhost:9000/wp-json/wc/store/v1/products/1001 "HTTP/1.1 200 OK"
2026-09-25 18:16:48,765 INFO    HTTP Request: GET http://localhost:9000/wp-json/wc/store/v1/products/1001 "HTTP/1.1 200 OK"
2026-09-25 18:16:48,772 INFO    HTTP Request: POST http://localhost:9000/wp-admin/admin-ajax.php "HTTP/1.1 404 Not Found"
2026-09-25 18:16:48,773 INFO    [1001] fire 1,685,000 → success=False data={}
2026-09-25 18:16:48,990 INFO    HTTP Request: GET http://localhost:9000/wp-json/wc/store/v1/products/1002 "HTTP/1.1 200 OK"
2026-09-25 18:16:48,995 INFO    HTTP Request: GET http://localhost:9000/wp-json/wc/store/v1/products/1002 "HTTP/1.1 200 OK"
2026-09-25 18:16:49,001 INFO    HTTP Request: POST http://localhost:9000/wp-admin/admin-ajax.php "HTTP/1.1 404 Not Found"
2026-09-25 18:16:49,003 INFO    [1002] fire 3,595,000 → success=False data={}
2026-09-25 18:16:50,498 INFO    HTTP Request: GET http://localhost:9000/wp-json/wc/store/v1/products/1001 "HTTP/1.1 200 OK"
2026-09-25 18:16:50,505 INFO    HTTP Request: GET http://localhost:9000/wp-json/wc/store/v1/products/1001 "HTTP/1.1 200 OK"
2026-09-25 18:16:50,506 WARNING [1001] bid cap reached (30) — giving up
2026-09-25 18:16:50,506 INFO    [1001] endgame done: bids=30 last_bid=—
2026-09-25 18:16:50,738 INFO    HTTP Request: GET http://localhost:9000/wp-json/wc/store/v1/products/1002 "HTTP/1.1 200 OK"
2026-09-25 18:16:50,744 INFO    HTTP Request: GET http://localhost:9000/wp-json/wc/store/v1/products/1002 "HTTP/1.1 200 OK"
2026-09-25 18:16:50,745 WARNING [1002] bid cap reached (30) — giving up
2026-09-25 18:16:50,746 INFO    [1002] endgame done: bids=30 last_bid=—
2026-09-25 18:16:50,746 INFO    done
