2026-09-25 20:31:10,899 INFO    log file: logs/snipe-1001-20260925-203110.log
2026-09-25 20:31:10,899 INFO    target: product=1001  vehicle_id=1  armed_bid_id=1  max=10,500,000
2026-09-25 20:31:11,011 INFO    HTTP Request: HEAD http://localhost:9000/ "HTTP/1.1 404 Not Found"
2026-09-25 20:31:11,015 INFO    clock offset: -0.008s  (rtt=8ms, samples=1)
2026-09-25 20:31:11,017 INFO    HTTP Request: HEAD http://localhost:9000/ "HTTP/1.1 404 Not Found"
2026-09-25 20:31:11,017 INFO    clock offset: -0.008s  (rtt=2ms, samples=2)
2026-09-25 20:31:11,018 INFO    [1001] starting  max=10,500,000
2026-09-25 20:31:11,019 INFO    HTTP Request: GET http://localhost:9000/product/toyota-hilux-2019/ "HTTP/1.1 200 OK"
2026-09-25 20:31:11,020 INFO    [1001] finish_time=1790357871  remaining=400s
2026-09-25 20:31:11,021 INFO    HTTP Request: GET http://localhost:9000/wp-json/wc/store/v1/products/1001 "HTTP/1.1 200 OK"
2026-09-25 20:31:11,022 INFO    [1001] initial state=Bid now
2026-09-25 20:31:11,023 INFO    HTTP Request: GET http://localhost:9000/wp-json/wc/store/v1/products/1001 "HTTP/1.1 200 OK"
2026-09-25 20:31:11,024 INFO    [1001] initial price=1,260,000
2026-09-25 20:31:11,024 INFO    [1001] monitoring until T-120s...
2026-09-25 20:31:11,031 INFO    HTTP Request: GET http://localhost:9000/wp-json/wc/store/v1/products/1001 "HTTP/1.1 200 OK"
2026-09-25 20:31:11,034 INFO    HTTP Request: GET http://localhost:9000/wp-json/wc/store/v1/products/1001 "HTTP/1.1 200 OK"
2026-09-25 20:31:11,035 INFO    [1001] tick   1  price=1,260,000  state=Bid now
2026-09-25 20:31:32,299 INFO    HTTP Request: GET http://localhost:9000/wp-json/wc/store/v1/products/1001 "HTTP/1.1 200 OK"
2026-09-25 20:31:32,305 INFO    HTTP Request: GET http://localhost:9000/wp-json/wc/store/v1/products/1001 "HTTP/1.1 200 OK"
2026-09-25 20:31:32,307 INFO    [1001] tick   2  price=1,280,000  state=Bid now
2026-09-25 20:31:54,653 INFO    HTTP Request: GET http://localhost:9000/wp-json/wc/store/v1/products/1001 "HTTP/1.1 200 OK"
2026-09-25 20:31:54,660 INFO    HTTP Request: GET http://localhost:9000/wp-json/wc/store/v1/products/1001 "HTTP/1.1 200 OK"
2026-09-25 20:31:54,661 INFO    [1001] tick   3  price=1,325,000  state=Bid now
2026-09-25 20:32:11,106 INFO    HTTP Request: GET http://localhost:9000/wp-json/wc/store/v1/products/1001 "HTTP/1.1 200 OK"
2026-09-25 20:32:11,112 INFO    HTTP Request: GET http://localhost:9000/wp-json/wc/store/v1/products/1001 "HTTP/1.1 200 OK"
2026-09-25 20:32:11,113 INFO    [1001] tick   4  price=1,360,000  state=Bid now
2026-09-25 20:32:28,258 INFO    HTTP Request: GET http://localhost:9000/wp-json/wc/store/v1/products/1001 "HTTP/1.1 200 OK"
2026-09-25 20:32:28,265 INFO    HTTP Request: GET http://localhost:9000/wp-json/wc/store/v1/products/1001 "HTTP/1.1 200 OK"
2026-09-25 20:32:28,266 INFO    [1001] tick   5  price=1,360,000  state=Bid now
2026-09-25 20:32:46,939 INFO    HTTP Request: GET http://localhost:9000/wp-json/wc/store/v1/products/1001 "HTTP/1.1 200 OK"
2026-09-25 20:32:46,945 INFO    HTTP Request: GET http://localhost:9000/wp-json/wc/store/v1/products/1001 "HTTP/1.1 200 OK"
2026-09-25 20:32:46,946 INFO    [1001] tick   6  price=1,365,000  state=Bid now
2026-09-25 20:33:05,715 INFO    HTTP Request: GET http://localhost:9000/wp-json/wc/store/v1/products/1001 "HTTP/1.1 200 OK"
2026-09-25 20:33:05,721 INFO    HTTP Request: GET http://localhost:9000/wp-json/wc/store/v1/products/1001 "HTTP/1.1 200 OK"
2026-09-25 20:33:05,722 INFO    [1001] tick   7  price=1,370,000  state=Bid now
2026-09-25 20:33:24,493 INFO    HTTP Request: GET http://localhost:9000/wp-json/wc/store/v1/products/1001 "HTTP/1.1 200 OK"
2026-09-25 20:33:24,498 INFO    HTTP Request: GET http://localhost:9000/wp-json/wc/store/v1/products/1001 "HTTP/1.1 200 OK"
2026-09-25 20:33:24,500 INFO    [1001] tick   8  price=1,410,000  state=Bid now
2026-09-25 20:33:45,995 INFO    HTTP Request: GET http://localhost:9000/wp-json/wc/store/v1/products/1001 "HTTP/1.1 200 OK"
2026-09-25 20:33:46,002 INFO    HTTP Request: GET http://localhost:9000/wp-json/wc/store/v1/products/1001 "HTTP/1.1 200 OK"
2026-09-25 20:33:46,004 INFO    [1001] tick   9  price=1,440,000  state=Bid now
2026-09-25 20:34:09,154 INFO    HTTP Request: GET http://localhost:9000/wp-json/wc/store/v1/products/1001 "HTTP/1.1 200 OK"
2026-09-25 20:34:09,156 INFO    HTTP Request: GET http://localhost:9000/wp-json/wc/store/v1/products/1001 "HTTP/1.1 200 OK"
2026-09-25 20:34:09,156 INFO    [1001] tick  10  price=1,485,000  state=Bid now
2026-09-25 20:34:26,491 INFO    HTTP Request: GET http://localhost:9000/wp-json/wc/store/v1/products/1001 "HTTP/1.1 200 OK"
2026-09-25 20:34:26,496 INFO    HTTP Request: GET http://localhost:9000/wp-json/wc/store/v1/products/1001 "HTTP/1.1 200 OK"
2026-09-25 20:34:26,498 INFO    [1001] tick  11  price=1,500,000  state=Bid now
2026-09-25 20:34:42,768 INFO    HTTP Request: GET http://localhost:9000/wp-json/wc/store/v1/products/1001 "HTTP/1.1 200 OK"
2026-09-25 20:34:42,771 INFO    HTTP Request: GET http://localhost:9000/wp-json/wc/store/v1/products/1001 "HTTP/1.1 200 OK"
2026-09-25 20:34:42,773 INFO    [1001] tick  12  price=1,515,000  state=Bid now
2026-09-25 20:35:06,306 INFO    HTTP Request: GET http://localhost:9000/wp-json/wc/store/v1/products/1001 "HTTP/1.1 200 OK"
2026-09-25 20:35:06,311 INFO    HTTP Request: GET http://localhost:9000/wp-json/wc/store/v1/products/1001 "HTTP/1.1 200 OK"
2026-09-25 20:35:06,313 INFO    [1001] tick  13  price=1,520,000  state=Bid now
2026-09-25 20:35:28,130 INFO    HTTP Request: GET http://localhost:9000/wp-json/wc/store/v1/products/1001 "HTTP/1.1 200 OK"
2026-09-25 20:35:28,136 INFO    HTTP Request: GET http://localhost:9000/wp-json/wc/store/v1/products/1001 "HTTP/1.1 200 OK"
2026-09-25 20:35:28,137 INFO    [1001] tick  14  price=1,530,000  state=Bid now
2026-09-25 20:35:48,805 INFO    HTTP Request: GET http://localhost:9000/wp-json/wc/store/v1/products/1001 "HTTP/1.1 200 OK"
2026-09-25 20:35:48,807 INFO    HTTP Request: GET http://localhost:9000/wp-json/wc/store/v1/products/1001 "HTTP/1.1 200 OK"
2026-09-25 20:35:48,807 INFO    [1001] tick  15  price=1,540,000  state=Bid now
2026-09-25 20:35:51,011 INFO    HTTP Request: HEAD http://localhost:9000/ "HTTP/1.1 404 Not Found"
2026-09-25 20:35:51,012 INFO    clock offset: -0.010s  (rtt=4ms, samples=3)
2026-09-25 20:35:51,012 INFO    [1001] === endgame begins ===
2026-09-25 20:35:51,026 INFO    HTTP Request: GET http://localhost:9000/wp-json/wc/store/v1/products/1001 "HTTP/1.1 200 OK"
2026-09-25 20:35:51,032 INFO    HTTP Request: GET http://localhost:9000/wp-json/wc/store/v1/products/1001 "HTTP/1.1 200 OK"
2026-09-25 20:35:51,033 INFO    [1001] price 1,580,000 (state=Bid now, my_last=—, bids=0)
2026-09-25 20:35:51,035 INFO    HTTP Request: POST http://localhost:9000/wp-admin/admin-ajax "HTTP/1.1 200 OK"
2026-09-25 20:35:51,078 INFO    [1001] fire 1,585,000 → success=True data={}
2026-09-25 20:35:55,405 INFO    HTTP Request: GET http://localhost:9000/wp-json/wc/store/v1/products/1001 "HTTP/1.1 200 OK"
2026-09-25 20:35:55,411 INFO    HTTP Request: GET http://localhost:9000/wp-json/wc/store/v1/products/1001 "HTTP/1.1 200 OK"
2026-09-25 20:35:55,413 INFO    [1001] price 1,585,000 (state=Bid now, my_last=1,585,000, bids=1)
2026-09-25 20:35:55,419 INFO    HTTP Request: POST http://localhost:9000/wp-admin/admin-ajax "HTTP/1.1 200 OK"
2026-09-25 20:35:55,423 INFO    [1001] fire 1,590,000 → success=True data={}
2026-09-25 20:35:58,964 INFO    HTTP Request: GET http://localhost:9000/wp-json/wc/store/v1/products/1001 "HTTP/1.1 200 OK"
2026-09-25 20:35:58,971 INFO    HTTP Request: GET http://localhost:9000/wp-json/wc/store/v1/products/1001 "HTTP/1.1 200 OK"
2026-09-25 20:35:58,972 INFO    [1001] price 1,590,000 (state=Bid now, my_last=1,590,000, bids=2)
2026-09-25 20:35:58,979 INFO    HTTP Request: POST http://localhost:9000/wp-admin/admin-ajax "HTTP/1.1 200 OK"
2026-09-25 20:35:58,983 INFO    [1001] fire 1,595,000 → success=True data={}
2026-09-25 20:36:03,777 INFO    HTTP Request: GET http://localhost:9000/wp-json/wc/store/v1/products/1001 "HTTP/1.1 200 OK"
2026-09-25 20:36:03,779 INFO    HTTP Request: GET http://localhost:9000/wp-json/wc/store/v1/products/1001 "HTTP/1.1 200 OK"
2026-09-25 20:36:03,780 INFO    [1001] price 1,595,000 (state=Bid now, my_last=1,595,000, bids=3)
2026-09-25 20:36:03,781 INFO    HTTP Request: POST http://localhost:9000/wp-admin/admin-ajax "HTTP/1.1 200 OK"
2026-09-25 20:36:03,790 INFO    [1001] fire 1,600,000 → success=True data={}
2026-09-25 20:36:08,565 INFO    HTTP Request: GET http://localhost:9000/wp-json/wc/store/v1/products/1001 "HTTP/1.1 200 OK"
2026-09-25 20:36:08,568 INFO    HTTP Request: GET http://localhost:9000/wp-json/wc/store/v1/products/1001 "HTTP/1.1 200 OK"
2026-09-25 20:36:08,568 INFO    [1001] price 1,600,000 (state=Bid now, my_last=1,600,000, bids=4)
2026-09-25 20:36:08,570 INFO    HTTP Request: POST http://localhost:9000/wp-admin/admin-ajax "HTTP/1.1 200 OK"
2026-09-25 20:36:08,574 INFO    [1001] fire 1,605,000 → success=True data={}
2026-09-25 20:36:12,588 INFO    HTTP Request: GET http://localhost:9000/wp-json/wc/store/v1/products/1001 "HTTP/1.1 200 OK"
2026-09-25 20:36:12,594 INFO    HTTP Request: GET http://localhost:9000/wp-json/wc/store/v1/products/1001 "HTTP/1.1 200 OK"
2026-09-25 20:36:12,594 INFO    [1001] price 1,605,000 (state=Bid now, my_last=1,605,000, bids=5)
2026-09-25 20:36:12,598 INFO    HTTP Request: POST http://localhost:9000/wp-admin/admin-ajax "HTTP/1.1 200 OK"
2026-09-25 20:36:12,605 INFO    [1001] fire 1,610,000 → success=True data={}
2026-09-25 20:36:17,041 INFO    HTTP Request: GET http://localhost:9000/wp-json/wc/store/v1/products/1001 "HTTP/1.1 200 OK"
2026-09-25 20:36:17,046 INFO    HTTP Request: GET http://localhost:9000/wp-json/wc/store/v1/products/1001 "HTTP/1.1 200 OK"
2026-09-25 20:36:17,048 INFO    [1001] price 1,610,000 (state=Bid now, my_last=1,610,000, bids=6)
2026-09-25 20:36:17,053 INFO    HTTP Request: POST http://localhost:9000/wp-admin/admin-ajax "HTTP/1.1 200 OK"
2026-09-25 20:36:17,060 INFO    [1001] fire 1,615,000 → success=True data={}
2026-09-25 20:36:21,194 INFO    HTTP Request: GET http://localhost:9000/wp-json/wc/store/v1/products/1001 "HTTP/1.1 200 OK"
2026-09-25 20:36:21,196 INFO    HTTP Request: GET http://localhost:9000/wp-json/wc/store/v1/products/1001 "HTTP/1.1 200 OK"
2026-09-25 20:36:21,197 INFO    [1001] price 1,615,000 (state=Bid now, my_last=1,615,000, bids=7)
2026-09-25 20:36:21,199 INFO    HTTP Request: POST http://localhost:9000/wp-admin/admin-ajax "HTTP/1.1 200 OK"
2026-09-25 20:36:21,206 INFO    [1001] fire 1,620,000 → success=True data={}
2026-09-25 20:36:25,493 INFO    HTTP Request: GET http://localhost:9000/wp-json/wc/store/v1/products/1001 "HTTP/1.1 200 OK"
2026-09-25 20:36:25,499 INFO    HTTP Request: GET http://localhost:9000/wp-json/wc/store/v1/products/1001 "HTTP/1.1 200 OK"
2026-09-25 20:36:25,500 INFO    [1001] price 1,620,000 (state=Bid now, my_last=1,620,000, bids=8)
2026-09-25 20:36:25,506 INFO    HTTP Request: POST http://localhost:9000/wp-admin/admin-ajax "HTTP/1.1 200 OK"
2026-09-25 20:36:25,514 INFO    [1001] fire 1,625,000 → success=True data={}
2026-09-25 20:36:29,977 INFO    HTTP Request: GET http://localhost:9000/wp-json/wc/store/v1/products/1001 "HTTP/1.1 200 OK"
2026-09-25 20:36:29,985 INFO    HTTP Request: GET http://localhost:9000/wp-json/wc/store/v1/products/1001 "HTTP/1.1 200 OK"
2026-09-25 20:36:29,986 INFO    [1001] price 1,625,000 (state=Bid now, my_last=1,625,000, bids=9)
2026-09-25 20:36:29,994 INFO    HTTP Request: POST http://localhost:9000/wp-admin/admin-ajax "HTTP/1.1 200 OK"
2026-09-25 20:36:29,999 INFO    [1001] fire 1,630,000 → success=True data={}
2026-09-25 20:36:33,824 INFO    HTTP Request: GET http://localhost:9000/wp-json/wc/store/v1/products/1001 "HTTP/1.1 200 OK"
2026-09-25 20:36:33,826 INFO    HTTP Request: GET http://localhost:9000/wp-json/wc/store/v1/products/1001 "HTTP/1.1 200 OK"
2026-09-25 20:36:33,826 INFO    [1001] price 1,630,000 (state=Bid now, my_last=1,630,000, bids=10)
2026-09-25 20:36:33,828 INFO    HTTP Request: POST http://localhost:9000/wp-admin/admin-ajax "HTTP/1.1 200 OK"
2026-09-25 20:36:33,831 INFO    [1001] fire 1,635,000 → success=True data={}
2026-09-25 20:36:37,376 INFO    HTTP Request: GET http://localhost:9000/wp-json/wc/store/v1/products/1001 "HTTP/1.1 200 OK"
2026-09-25 20:36:37,383 INFO    HTTP Request: GET http://localhost:9000/wp-json/wc/store/v1/products/1001 "HTTP/1.1 200 OK"
2026-09-25 20:36:37,384 INFO    [1001] price 1,635,000 (state=Bid now, my_last=1,635,000, bids=11)
2026-09-25 20:36:37,391 INFO    HTTP Request: POST http://localhost:9000/wp-admin/admin-ajax "HTTP/1.1 200 OK"
2026-09-25 20:36:37,396 INFO    [1001] fire 1,640,000 → success=True data={}
2026-09-25 20:36:41,373 INFO    HTTP Request: GET http://localhost:9000/wp-json/wc/store/v1/products/1001 "HTTP/1.1 200 OK"
2026-09-25 20:36:41,374 INFO    HTTP Request: GET http://localhost:9000/wp-json/wc/store/v1/products/1001 "HTTP/1.1 200 OK"
2026-09-25 20:36:41,375 INFO    [1001] price 1,640,000 (state=Bid now, my_last=1,640,000, bids=12)
2026-09-25 20:36:41,377 INFO    HTTP Request: POST http://localhost:9000/wp-admin/admin-ajax "HTTP/1.1 200 OK"
2026-09-25 20:36:41,379 INFO    [1001] fire 1,645,000 → success=True data={}
2026-09-25 20:36:45,025 INFO    HTTP Request: GET http://localhost:9000/wp-json/wc/store/v1/products/1001 "HTTP/1.1 200 OK"
2026-09-25 20:36:45,032 INFO    HTTP Request: GET http://localhost:9000/wp-json/wc/store/v1/products/1001 "HTTP/1.1 200 OK"
2026-09-25 20:36:45,033 INFO    [1001] price 1,645,000 (state=Bid now, my_last=1,645,000, bids=13)
2026-09-25 20:36:45,041 INFO    HTTP Request: POST http://localhost:9000/wp-admin/admin-ajax "HTTP/1.1 200 OK"
2026-09-25 20:36:45,051 INFO    [1001] fire 1,650,000 → success=True data={}
2026-09-25 20:36:48,708 INFO    HTTP Request: GET http://localhost:9000/wp-json/wc/store/v1/products/1001 "HTTP/1.1 200 OK"
2026-09-25 20:36:48,716 INFO    HTTP Request: GET http://localhost:9000/wp-json/wc/store/v1/products/1001 "HTTP/1.1 200 OK"
2026-09-25 20:36:48,717 INFO    [1001] price 1,650,000 (state=Bid now, my_last=1,650,000, bids=14)
2026-09-25 20:36:48,723 INFO    HTTP Request: POST http://localhost:9000/wp-admin/admin-ajax "HTTP/1.1 200 OK"
2026-09-25 20:36:48,730 INFO    [1001] fire 1,655,000 → success=True data={}
2026-09-25 20:36:52,839 INFO    HTTP Request: GET http://localhost:9000/wp-json/wc/store/v1/products/1001 "HTTP/1.1 200 OK"
2026-09-25 20:36:52,846 INFO    HTTP Request: GET http://localhost:9000/wp-json/wc/store/v1/products/1001 "HTTP/1.1 200 OK"
2026-09-25 20:36:52,847 INFO    [1001] price 1,655,000 (state=Bid now, my_last=1,655,000, bids=15)
2026-09-25 20:36:52,854 INFO    HTTP Request: POST http://localhost:9000/wp-admin/admin-ajax "HTTP/1.1 200 OK"
2026-09-25 20:36:52,859 INFO    [1001] fire 1,660,000 → success=True data={}
2026-09-25 20:36:54,689 INFO    HTTP Request: GET http://localhost:9000/wp-json/wc/store/v1/products/1001 "HTTP/1.1 200 OK"
2026-09-25 20:36:54,691 INFO    HTTP Request: GET http://localhost:9000/wp-json/wc/store/v1/products/1001 "HTTP/1.1 200 OK"
2026-09-25 20:36:54,692 INFO    [1001] price 1,660,000 (state=Bid now, my_last=1,660,000, bids=16)
2026-09-25 20:36:54,698 INFO    HTTP Request: POST http://localhost:9000/wp-admin/admin-ajax "HTTP/1.1 200 OK"
2026-09-25 20:36:54,706 INFO    [1001] fire 1,665,000 → success=True data={}
2026-09-25 20:36:56,753 INFO    HTTP Request: GET http://localhost:9000/wp-json/wc/store/v1/products/1001 "HTTP/1.1 200 OK"
2026-09-25 20:36:56,759 INFO    HTTP Request: GET http://localhost:9000/wp-json/wc/store/v1/products/1001 "HTTP/1.1 200 OK"
2026-09-25 20:36:56,760 INFO    [1001] price 1,665,000 (state=Bid now, my_last=1,665,000, bids=17)
2026-09-25 20:36:56,766 INFO    HTTP Request: POST http://localhost:9000/wp-admin/admin-ajax "HTTP/1.1 200 OK"
2026-09-25 20:36:56,774 INFO    [1001] fire 1,670,000 → success=True data={}
2026-09-25 20:36:58,780 INFO    HTTP Request: GET http://localhost:9000/wp-json/wc/store/v1/products/1001 "HTTP/1.1 200 OK"
2026-09-25 20:36:58,785 INFO    HTTP Request: GET http://localhost:9000/wp-json/wc/store/v1/products/1001 "HTTP/1.1 200 OK"
2026-09-25 20:36:58,787 INFO    [1001] price 1,670,000 (state=Bid now, my_last=1,670,000, bids=18)
2026-09-25 20:36:58,793 INFO    HTTP Request: POST http://localhost:9000/wp-admin/admin-ajax "HTTP/1.1 200 OK"
2026-09-25 20:36:58,802 INFO    [1001] fire 1,675,000 → success=True data={}
2026-09-25 20:37:01,048 INFO    HTTP Request: GET http://localhost:9000/wp-json/wc/store/v1/products/1001 "HTTP/1.1 200 OK"
2026-09-25 20:37:01,054 INFO    HTTP Request: GET http://localhost:9000/wp-json/wc/store/v1/products/1001 "HTTP/1.1 200 OK"
2026-09-25 20:37:01,056 INFO    [1001] price 1,675,000 (state=Bid now, my_last=1,675,000, bids=19)
2026-09-25 20:37:01,062 INFO    HTTP Request: POST http://localhost:9000/wp-admin/admin-ajax "HTTP/1.1 200 OK"
2026-09-25 20:37:01,069 INFO    [1001] fire 1,680,000 → success=True data={}
2026-09-25 20:37:03,055 INFO    HTTP Request: GET http://localhost:9000/wp-json/wc/store/v1/products/1001 "HTTP/1.1 200 OK"
2026-09-25 20:37:03,057 INFO    HTTP Request: GET http://localhost:9000/wp-json/wc/store/v1/products/1001 "HTTP/1.1 200 OK"
2026-09-25 20:37:03,057 INFO    [1001] price 1,680,000 (state=Bid now, my_last=1,680,000, bids=20)
2026-09-25 20:37:03,059 INFO    HTTP Request: POST http://localhost:9000/wp-admin/admin-ajax "HTTP/1.1 200 OK"
2026-09-25 20:37:03,064 INFO    [1001] fire 1,685,000 → success=True data={}
2026-09-25 20:37:05,080 INFO    HTTP Request: GET http://localhost:9000/wp-json/wc/store/v1/products/1001 "HTTP/1.1 200 OK"
2026-09-25 20:37:05,087 INFO    HTTP Request: GET http://localhost:9000/wp-json/wc/store/v1/products/1001 "HTTP/1.1 200 OK"
2026-09-25 20:37:05,089 INFO    [1001] price 1,685,000 (state=Bid now, my_last=1,685,000, bids=21)
2026-09-25 20:37:05,097 INFO    HTTP Request: POST http://localhost:9000/wp-admin/admin-ajax "HTTP/1.1 200 OK"
2026-09-25 20:37:05,106 INFO    [1001] fire 1,690,000 → success=True data={}
2026-09-25 20:37:07,214 INFO    HTTP Request: GET http://localhost:9000/wp-json/wc/store/v1/products/1001 "HTTP/1.1 200 OK"
2026-09-25 20:37:07,220 INFO    HTTP Request: GET http://localhost:9000/wp-json/wc/store/v1/products/1001 "HTTP/1.1 200 OK"
2026-09-25 20:37:07,221 INFO    [1001] price 1,690,000 (state=Bid now, my_last=1,690,000, bids=22)
2026-09-25 20:37:07,228 INFO    HTTP Request: POST http://localhost:9000/wp-admin/admin-ajax "HTTP/1.1 200 OK"
2026-09-25 20:37:07,234 INFO    [1001] fire 1,695,000 → success=True data={}
2026-09-25 20:37:09,361 INFO    HTTP Request: GET http://localhost:9000/wp-json/wc/store/v1/products/1001 "HTTP/1.1 200 OK"
2026-09-25 20:37:09,368 INFO    HTTP Request: GET http://localhost:9000/wp-json/wc/store/v1/products/1001 "HTTP/1.1 200 OK"
2026-09-25 20:37:09,369 INFO    [1001] price 1,695,000 (state=Bid now, my_last=1,695,000, bids=23)
2026-09-25 20:37:09,376 INFO    HTTP Request: POST http://localhost:9000/wp-admin/admin-ajax "HTTP/1.1 200 OK"
2026-09-25 20:37:09,385 INFO    [1001] fire 1,700,000 → success=True data={}
2026-09-25 20:37:11,205 INFO    HTTP Request: GET http://localhost:9000/wp-json/wc/store/v1/products/1001 "HTTP/1.1 200 OK"
2026-09-25 20:37:11,212 INFO    HTTP Request: GET http://localhost:9000/wp-json/wc/store/v1/products/1001 "HTTP/1.1 200 OK"
2026-09-25 20:37:11,213 INFO    [1001] price 1,700,000 (state=Bid now, my_last=1,700,000, bids=24)
2026-09-25 20:37:11,220 INFO    HTTP Request: POST http://localhost:9000/wp-admin/admin-ajax "HTTP/1.1 200 OK"
2026-09-25 20:37:11,225 INFO    [1001] fire 1,705,000 → success=True data={}
2026-09-25 20:37:13,359 INFO    HTTP Request: GET http://localhost:9000/wp-json/wc/store/v1/products/1001 "HTTP/1.1 200 OK"
2026-09-25 20:37:13,365 INFO    HTTP Request: GET http://localhost:9000/wp-json/wc/store/v1/products/1001 "HTTP/1.1 200 OK"
2026-09-25 20:37:13,367 INFO    [1001] price 1,705,000 (state=Bid now, my_last=1,705,000, bids=25)
2026-09-25 20:37:13,373 INFO    HTTP Request: POST http://localhost:9000/wp-admin/admin-ajax "HTTP/1.1 200 OK"
2026-09-25 20:37:13,383 INFO    [1001] fire 1,710,000 → success=True data={}
2026-09-25 20:37:15,120 INFO    HTTP Request: GET http://localhost:9000/wp-json/wc/store/v1/products/1001 "HTTP/1.1 200 OK"
2026-09-25 20:37:15,122 INFO    HTTP Request: GET http://localhost:9000/wp-json/wc/store/v1/products/1001 "HTTP/1.1 200 OK"
2026-09-25 20:37:15,123 INFO    [1001] price 1,710,000 (state=Bid now, my_last=1,710,000, bids=26)
2026-09-25 20:37:15,131 INFO    HTTP Request: POST http://localhost:9000/wp-admin/admin-ajax "HTTP/1.1 200 OK"
2026-09-25 20:37:15,140 INFO    [1001] fire 1,715,000 → success=True data={}
2026-09-25 20:37:16,883 INFO    HTTP Request: GET http://localhost:9000/wp-json/wc/store/v1/products/1001 "HTTP/1.1 200 OK"
2026-09-25 20:37:16,885 INFO    HTTP Request: GET http://localhost:9000/wp-json/wc/store/v1/products/1001 "HTTP/1.1 200 OK"
2026-09-25 20:37:16,885 INFO    [1001] price 1,715,000 (state=Bid now, my_last=1,715,000, bids=27)
2026-09-25 20:37:16,887 INFO    HTTP Request: POST http://localhost:9000/wp-admin/admin-ajax "HTTP/1.1 200 OK"
2026-09-25 20:37:16,889 INFO    [1001] fire 1,720,000 → success=True data={}
2026-09-25 20:37:19,031 INFO    HTTP Request: GET http://localhost:9000/wp-json/wc/store/v1/products/1001 "HTTP/1.1 200 OK"
2026-09-25 20:37:19,033 INFO    HTTP Request: GET http://localhost:9000/wp-json/wc/store/v1/products/1001 "HTTP/1.1 200 OK"
2026-09-25 20:37:19,034 INFO    [1001] price 1,720,000 (state=Bid now, my_last=1,720,000, bids=28)
2026-09-25 20:37:19,036 INFO    HTTP Request: POST http://localhost:9000/wp-admin/admin-ajax "HTTP/1.1 200 OK"
2026-09-25 20:37:19,044 INFO    [1001] fire 1,725,000 → success=True data={}
2026-09-25 20:37:21,287 INFO    HTTP Request: GET http://localhost:9000/wp-json/wc/store/v1/products/1001 "HTTP/1.1 200 OK"
2026-09-25 20:37:21,294 INFO    HTTP Request: GET http://localhost:9000/wp-json/wc/store/v1/products/1001 "HTTP/1.1 200 OK"
2026-09-25 20:37:21,294 INFO    [1001] price 1,725,000 (state=Bid now, my_last=1,725,000, bids=29)
2026-09-25 20:37:21,296 INFO    HTTP Request: POST http://localhost:9000/wp-admin/admin-ajax "HTTP/1.1 200 OK"
2026-09-25 20:37:21,331 INFO    [1001] fire 1,730,000 → success=True data={}
2026-09-25 20:37:22,197 INFO    HTTP Request: GET http://localhost:9000/wp-json/wc/store/v1/products/1001 "HTTP/1.1 200 OK"
2026-09-25 20:37:22,199 INFO    HTTP Request: GET http://localhost:9000/wp-json/wc/store/v1/products/1001 "HTTP/1.1 200 OK"
2026-09-25 20:37:22,200 INFO    [1001] price 1,730,000 (state=Bid now, my_last=1,730,000, bids=30)
2026-09-25 20:37:22,204 INFO    HTTP Request: POST http://localhost:9000/wp-admin/admin-ajax "HTTP/1.1 200 OK"
2026-09-25 20:37:22,212 INFO    [1001] fire 1,735,000 → success=True data={}
2026-09-25 20:37:23,047 INFO    HTTP Request: GET http://localhost:9000/wp-json/wc/store/v1/products/1001 "HTTP/1.1 200 OK"
2026-09-25 20:37:23,049 INFO    HTTP Request: GET http://localhost:9000/wp-json/wc/store/v1/products/1001 "HTTP/1.1 200 OK"
2026-09-25 20:37:23,050 INFO    [1001] price 1,735,000 (state=Bid now, my_last=1,735,000, bids=31)
2026-09-25 20:37:23,052 INFO    HTTP Request: POST http://localhost:9000/wp-admin/admin-ajax "HTTP/1.1 200 OK"
2026-09-25 20:37:23,059 INFO    [1001] fire 1,740,000 → success=True data={}
2026-09-25 20:37:24,231 INFO    HTTP Request: GET http://localhost:9000/wp-json/wc/store/v1/products/1001 "HTTP/1.1 200 OK"
2026-09-25 20:37:24,232 INFO    HTTP Request: GET http://localhost:9000/wp-json/wc/store/v1/products/1001 "HTTP/1.1 200 OK"
2026-09-25 20:37:24,233 INFO    [1001] price 1,740,000 (state=Bid now, my_last=1,740,000, bids=32)
2026-09-25 20:37:24,234 INFO    HTTP Request: POST http://localhost:9000/wp-admin/admin-ajax "HTTP/1.1 200 OK"
2026-09-25 20:37:24,251 INFO    [1001] fire 1,745,000 → success=True data={}
2026-09-25 20:37:25,312 INFO    HTTP Request: GET http://localhost:9000/wp-json/wc/store/v1/products/1001 "HTTP/1.1 200 OK"
2026-09-25 20:37:25,319 INFO    HTTP Request: GET http://localhost:9000/wp-json/wc/store/v1/products/1001 "HTTP/1.1 200 OK"
2026-09-25 20:37:25,320 INFO    [1001] price 1,745,000 (state=Bid now, my_last=1,745,000, bids=33)
2026-09-25 20:37:25,327 INFO    HTTP Request: POST http://localhost:9000/wp-admin/admin-ajax "HTTP/1.1 200 OK"
2026-09-25 20:37:25,333 INFO    [1001] fire 1,750,000 → success=True data={}
2026-09-25 20:37:26,396 INFO    HTTP Request: GET http://localhost:9000/wp-json/wc/store/v1/products/1001 "HTTP/1.1 200 OK"
2026-09-25 20:37:26,402 INFO    HTTP Request: GET http://localhost:9000/wp-json/wc/store/v1/products/1001 "HTTP/1.1 200 OK"
2026-09-25 20:37:26,403 INFO    [1001] price 1,750,000 (state=Bid now, my_last=1,750,000, bids=34)
2026-09-25 20:37:26,410 INFO    HTTP Request: POST http://localhost:9000/wp-admin/admin-ajax "HTTP/1.1 200 OK"
2026-09-25 20:37:26,418 INFO    [1001] fire 1,755,000 → success=True data={}
2026-09-25 20:37:27,576 INFO    HTTP Request: GET http://localhost:9000/wp-json/wc/store/v1/products/1001 "HTTP/1.1 200 OK"
2026-09-25 20:37:27,578 INFO    HTTP Request: GET http://localhost:9000/wp-json/wc/store/v1/products/1001 "HTTP/1.1 200 OK"
2026-09-25 20:37:27,578 INFO    [1001] price 1,755,000 (state=Bid now, my_last=1,755,000, bids=35)
2026-09-25 20:37:27,580 INFO    HTTP Request: POST http://localhost:9000/wp-admin/admin-ajax "HTTP/1.1 200 OK"
2026-09-25 20:37:27,585 INFO    [1001] fire 1,760,000 → success=True data={}
2026-09-25 20:37:28,515 INFO    HTTP Request: GET http://localhost:9000/wp-json/wc/store/v1/products/1001 "HTTP/1.1 200 OK"
2026-09-25 20:37:28,521 INFO    HTTP Request: GET http://localhost:9000/wp-json/wc/store/v1/products/1001 "HTTP/1.1 200 OK"
2026-09-25 20:37:28,523 INFO    [1001] price 1,760,000 (state=Bid now, my_last=1,760,000, bids=36)
2026-09-25 20:37:28,530 INFO    HTTP Request: POST http://localhost:9000/wp-admin/admin-ajax "HTTP/1.1 200 OK"
2026-09-25 20:37:28,534 INFO    [1001] fire 1,765,000 → success=True data={}
2026-09-25 20:37:29,681 INFO    HTTP Request: GET http://localhost:9000/wp-json/wc/store/v1/products/1001 "HTTP/1.1 200 OK"
2026-09-25 20:37:29,687 INFO    HTTP Request: GET http://localhost:9000/wp-json/wc/store/v1/products/1001 "HTTP/1.1 200 OK"
2026-09-25 20:37:29,688 INFO    [1001] price 1,765,000 (state=Bid now, my_last=1,765,000, bids=37)
2026-09-25 20:37:29,698 INFO    HTTP Request: POST http://localhost:9000/wp-admin/admin-ajax "HTTP/1.1 200 OK"
2026-09-25 20:37:29,704 INFO    [1001] fire 1,770,000 → success=True data={}
2026-09-25 20:37:30,761 INFO    HTTP Request: GET http://localhost:9000/wp-json/wc/store/v1/products/1001 "HTTP/1.1 200 OK"
2026-09-25 20:37:30,767 INFO    HTTP Request: GET http://localhost:9000/wp-json/wc/store/v1/products/1001 "HTTP/1.1 200 OK"
2026-09-25 20:37:30,768 INFO    [1001] price 1,770,000 (state=Bid now, my_last=1,770,000, bids=38)
2026-09-25 20:37:30,777 INFO    HTTP Request: POST http://localhost:9000/wp-admin/admin-ajax "HTTP/1.1 200 OK"
2026-09-25 20:37:30,785 INFO    [1001] fire 1,775,000 → success=True data={}
2026-09-25 20:37:31,927 INFO    HTTP Request: GET http://localhost:9000/wp-json/wc/store/v1/products/1001 "HTTP/1.1 200 OK"
2026-09-25 20:37:31,931 INFO    HTTP Request: GET http://localhost:9000/wp-json/wc/store/v1/products/1001 "HTTP/1.1 200 OK"
2026-09-25 20:37:31,932 INFO    [1001] price 1,775,000 (state=Bid now, my_last=1,775,000, bids=39)
2026-09-25 20:37:31,934 INFO    HTTP Request: POST http://localhost:9000/wp-admin/admin-ajax "HTTP/1.1 200 OK"
2026-09-25 20:37:31,942 INFO    [1001] fire 1,780,000 → success=True data={}
2026-09-25 20:37:32,780 INFO    HTTP Request: GET http://localhost:9000/wp-json/wc/store/v1/products/1001 "HTTP/1.1 200 OK"
2026-09-25 20:37:32,786 INFO    HTTP Request: GET http://localhost:9000/wp-json/wc/store/v1/products/1001 "HTTP/1.1 200 OK"
2026-09-25 20:37:32,788 INFO    [1001] price 1,780,000 (state=Bid now, my_last=1,780,000, bids=40)
2026-09-25 20:37:32,795 INFO    HTTP Request: POST http://localhost:9000/wp-admin/admin-ajax "HTTP/1.1 200 OK"
2026-09-25 20:37:32,800 INFO    [1001] fire 1,785,000 → success=True data={}
2026-09-25 20:37:33,713 INFO    HTTP Request: GET http://localhost:9000/wp-json/wc/store/v1/products/1001 "HTTP/1.1 200 OK"
2026-09-25 20:37:33,719 INFO    HTTP Request: GET http://localhost:9000/wp-json/wc/store/v1/products/1001 "HTTP/1.1 200 OK"
2026-09-25 20:37:33,721 INFO    [1001] price 1,785,000 (state=Bid now, my_last=1,785,000, bids=41)
2026-09-25 20:37:33,728 INFO    HTTP Request: POST http://localhost:9000/wp-admin/admin-ajax "HTTP/1.1 200 OK"
2026-09-25 20:37:33,737 INFO    [1001] fire 1,790,000 → success=True data={}
2026-09-25 20:37:34,578 INFO    HTTP Request: GET http://localhost:9000/wp-json/wc/store/v1/products/1001 "HTTP/1.1 200 OK"
2026-09-25 20:37:34,583 INFO    HTTP Request: GET http://localhost:9000/wp-json/wc/store/v1/products/1001 "HTTP/1.1 200 OK"
2026-09-25 20:37:34,585 INFO    [1001] price 1,790,000 (state=Bid now, my_last=1,790,000, bids=42)
2026-09-25 20:37:34,591 INFO    HTTP Request: POST http://localhost:9000/wp-admin/admin-ajax "HTTP/1.1 200 OK"
2026-09-25 20:37:34,599 INFO    [1001] fire 1,795,000 → success=True data={}
2026-09-25 20:37:35,531 INFO    HTTP Request: GET http://localhost:9000/wp-json/wc/store/v1/products/1001 "HTTP/1.1 200 OK"
2026-09-25 20:37:35,537 INFO    HTTP Request: GET http://localhost:9000/wp-json/wc/store/v1/products/1001 "HTTP/1.1 200 OK"
2026-09-25 20:37:35,539 INFO    [1001] price 1,795,000 (state=Bid now, my_last=1,795,000, bids=43)
2026-09-25 20:37:35,545 INFO    HTTP Request: POST http://localhost:9000/wp-admin/admin-ajax "HTTP/1.1 200 OK"
2026-09-25 20:37:35,551 INFO    [1001] fire 1,800,000 → success=True data={}
2026-09-25 20:37:36,443 INFO    HTTP Request: GET http://localhost:9000/wp-json/wc/store/v1/products/1001 "HTTP/1.1 200 OK"
2026-09-25 20:37:36,449 INFO    HTTP Request: GET http://localhost:9000/wp-json/wc/store/v1/products/1001 "HTTP/1.1 200 OK"
2026-09-25 20:37:36,451 INFO    [1001] price 1,800,000 (state=Bid now, my_last=1,800,000, bids=44)
2026-09-25 20:37:36,459 INFO    HTTP Request: POST http://localhost:9000/wp-admin/admin-ajax "HTTP/1.1 200 OK"
2026-09-25 20:37:36,464 INFO    [1001] fire 1,805,000 → success=True data={}
2026-09-25 20:37:37,416 INFO    HTTP Request: GET http://localhost:9000/wp-json/wc/store/v1/products/1001 "HTTP/1.1 200 OK"
2026-09-25 20:37:37,423 INFO    HTTP Request: GET http://localhost:9000/wp-json/wc/store/v1/products/1001 "HTTP/1.1 200 OK"
2026-09-25 20:37:37,425 INFO    [1001] price 1,805,000 (state=Bid now, my_last=1,805,000, bids=45)
2026-09-25 20:37:37,431 INFO    HTTP Request: POST http://localhost:9000/wp-admin/admin-ajax "HTTP/1.1 200 OK"
2026-09-25 20:37:37,439 INFO    [1001] fire 1,810,000 → success=True data={}
2026-09-25 20:37:38,418 INFO    HTTP Request: GET http://localhost:9000/wp-json/wc/store/v1/products/1001 "HTTP/1.1 200 OK"
2026-09-25 20:37:38,425 INFO    HTTP Request: GET http://localhost:9000/wp-json/wc/store/v1/products/1001 "HTTP/1.1 200 OK"
2026-09-25 20:37:38,427 INFO    [1001] price 1,810,000 (state=Bid now, my_last=1,810,000, bids=46)
2026-09-25 20:37:38,433 INFO    HTTP Request: POST http://localhost:9000/wp-admin/admin-ajax "HTTP/1.1 200 OK"
2026-09-25 20:37:38,442 INFO    [1001] fire 1,815,000 → success=True data={}
2026-09-25 20:37:39,273 INFO    HTTP Request: GET http://localhost:9000/wp-json/wc/store/v1/products/1001 "HTTP/1.1 200 OK"
2026-09-25 20:37:39,276 INFO    HTTP Request: GET http://localhost:9000/wp-json/wc/store/v1/products/1001 "HTTP/1.1 200 OK"
2026-09-25 20:37:39,276 INFO    [1001] price 1,815,000 (state=Bid now, my_last=1,815,000, bids=47)
2026-09-25 20:37:39,279 INFO    HTTP Request: POST http://localhost:9000/wp-admin/admin-ajax "HTTP/1.1 200 OK"
2026-09-25 20:37:39,282 INFO    [1001] fire 1,820,000 → success=True data={}
2026-09-25 20:37:40,307 INFO    HTTP Request: GET http://localhost:9000/wp-json/wc/store/v1/products/1001 "HTTP/1.1 200 OK"
2026-09-25 20:37:40,313 INFO    HTTP Request: GET http://localhost:9000/wp-json/wc/store/v1/products/1001 "HTTP/1.1 200 OK"
2026-09-25 20:37:40,314 INFO    [1001] price 1,820,000 (state=Bid now, my_last=1,820,000, bids=48)
2026-09-25 20:37:40,321 INFO    HTTP Request: POST http://localhost:9000/wp-admin/admin-ajax "HTTP/1.1 200 OK"
2026-09-25 20:37:40,329 INFO    [1001] fire 1,825,000 → success=True data={}
2026-09-25 20:37:41,498 INFO    HTTP Request: GET http://localhost:9000/wp-json/wc/store/v1/products/1001 "HTTP/1.1 200 OK"
2026-09-25 20:37:41,505 INFO    HTTP Request: GET http://localhost:9000/wp-json/wc/store/v1/products/1001 "HTTP/1.1 200 OK"
2026-09-25 20:37:41,506 INFO    [1001] price 1,825,000 (state=Bid now, my_last=1,825,000, bids=49)
2026-09-25 20:37:41,513 INFO    HTTP Request: POST http://localhost:9000/wp-admin/admin-ajax "HTTP/1.1 200 OK"
2026-09-25 20:37:41,521 INFO    [1001] fire 1,830,000 → success=True data={}
2026-09-25 20:37:42,545 INFO    HTTP Request: GET http://localhost:9000/wp-json/wc/store/v1/products/1001 "HTTP/1.1 200 OK"
2026-09-25 20:37:42,551 INFO    HTTP Request: GET http://localhost:9000/wp-json/wc/store/v1/products/1001 "HTTP/1.1 200 OK"
2026-09-25 20:37:42,553 INFO    [1001] price 1,830,000 (state=Bid now, my_last=1,830,000, bids=50)
2026-09-25 20:37:42,560 INFO    HTTP Request: POST http://localhost:9000/wp-admin/admin-ajax "HTTP/1.1 200 OK"
2026-09-25 20:37:42,564 INFO    [1001] fire 1,835,000 → success=True data={}
2026-09-25 20:37:43,754 INFO    HTTP Request: GET http://localhost:9000/wp-json/wc/store/v1/products/1001 "HTTP/1.1 200 OK"
2026-09-25 20:37:43,761 INFO    HTTP Request: GET http://localhost:9000/wp-json/wc/store/v1/products/1001 "HTTP/1.1 200 OK"
2026-09-25 20:37:43,763 INFO    [1001] price 1,835,000 (state=Bid now, my_last=1,835,000, bids=51)
2026-09-25 20:37:43,768 INFO    HTTP Request: POST http://localhost:9000/wp-admin/admin-ajax "HTTP/1.1 200 OK"
2026-09-25 20:37:43,774 INFO    [1001] fire 1,840,000 → success=True data={}
2026-09-25 20:37:44,834 INFO    HTTP Request: GET http://localhost:9000/wp-json/wc/store/v1/products/1001 "HTTP/1.1 200 OK"
2026-09-25 20:37:44,841 INFO    HTTP Request: GET http://localhost:9000/wp-json/wc/store/v1/products/1001 "HTTP/1.1 200 OK"
2026-09-25 20:37:44,842 INFO    [1001] price 1,840,000 (state=Bid now, my_last=1,840,000, bids=52)
2026-09-25 20:37:44,849 INFO    HTTP Request: POST http://localhost:9000/wp-admin/admin-ajax "HTTP/1.1 200 OK"
2026-09-25 20:37:44,853 INFO    [1001] fire 1,845,000 → success=True data={}
2026-09-25 20:37:46,022 INFO    HTTP Request: GET http://localhost:9000/wp-json/wc/store/v1/products/1001 "HTTP/1.1 200 OK"
2026-09-25 20:37:46,029 INFO    HTTP Request: GET http://localhost:9000/wp-json/wc/store/v1/products/1001 "HTTP/1.1 200 OK"
2026-09-25 20:37:46,031 INFO    [1001] price 1,845,000 (state=Bid now, my_last=1,845,000, bids=53)
2026-09-25 20:37:46,036 INFO    HTTP Request: POST http://localhost:9000/wp-admin/admin-ajax "HTTP/1.1 200 OK"
2026-09-25 20:37:46,048 INFO    [1001] fire 1,850,000 → success=True data={}
2026-09-25 20:37:47,073 INFO    HTTP Request: GET http://localhost:9000/wp-json/wc/store/v1/products/1001 "HTTP/1.1 200 OK"
2026-09-25 20:37:47,082 INFO    HTTP Request: GET http://localhost:9000/wp-json/wc/store/v1/products/1001 "HTTP/1.1 200 OK"
2026-09-25 20:37:47,083 INFO    [1001] price 1,850,000 (state=Bid now, my_last=1,850,000, bids=54)
2026-09-25 20:37:47,092 INFO    HTTP Request: POST http://localhost:9000/wp-admin/admin-ajax "HTTP/1.1 200 OK"
2026-09-25 20:37:47,102 INFO    [1001] fire 1,855,000 → success=True data={}
2026-09-25 20:37:48,090 INFO    HTTP Request: GET http://localhost:9000/wp-json/wc/store/v1/products/1001 "HTTP/1.1 200 OK"
2026-09-25 20:37:48,092 INFO    HTTP Request: GET http://localhost:9000/wp-json/wc/store/v1/products/1001 "HTTP/1.1 200 OK"
2026-09-25 20:37:48,092 INFO    [1001] price 1,855,000 (state=Bid now, my_last=1,855,000, bids=55)
2026-09-25 20:37:48,094 INFO    HTTP Request: POST http://localhost:9000/wp-admin/admin-ajax "HTTP/1.1 200 OK"
2026-09-25 20:37:48,136 INFO    [1001] fire 1,860,000 → success=True data={}
2026-09-25 20:37:49,121 INFO    HTTP Request: GET http://localhost:9000/wp-json/wc/store/v1/products/1001 "HTTP/1.1 200 OK"
2026-09-25 20:37:49,127 INFO    HTTP Request: GET http://localhost:9000/wp-json/wc/store/v1/products/1001 "HTTP/1.1 200 OK"
2026-09-25 20:37:49,129 INFO    [1001] price 1,860,000 (state=Bid now, my_last=1,860,000, bids=56)
2026-09-25 20:37:49,134 INFO    HTTP Request: POST http://localhost:9000/wp-admin/admin-ajax "HTTP/1.1 200 OK"
2026-09-25 20:37:49,142 INFO    [1001] fire 1,865,000 → success=True data={}
2026-09-25 20:37:50,245 INFO    HTTP Request: GET http://localhost:9000/wp-json/wc/store/v1/products/1001 "HTTP/1.1 200 OK"
2026-09-25 20:37:50,250 INFO    HTTP Request: GET http://localhost:9000/wp-json/wc/store/v1/products/1001 "HTTP/1.1 200 OK"
2026-09-25 20:37:50,251 INFO    [1001] price 1,865,000 (state=Bid now, my_last=1,865,000, bids=57)
2026-09-25 20:37:50,258 INFO    HTTP Request: POST http://localhost:9000/wp-admin/admin-ajax "HTTP/1.1 200 OK"
2026-09-25 20:37:50,332 INFO    [1001] fire 1,870,000 → success=True data={}
2026-09-25 20:37:51,456 INFO    [1001] endgame done: bids=58 last_bid=1,870,000
2026-09-25 20:37:51,459 INFO    done
