2026-09-25 22:01:14,897 INFO    log file: logs/snipe-1001-20260925-220114.log
2026-09-25 22:01:14,898 INFO    target: product=1001  vehicle_id=1  armed_bid_id=1  max=500,000
2026-09-25 22:01:15,025 INFO    HTTP Request: HEAD http://localhost:9000/ "HTTP/1.1 404 Not Found"
2026-09-25 22:01:15,027 INFO    clock offset: -0.012s  (rtt=26ms, samples=1)
2026-09-25 22:01:15,028 INFO    HTTP Request: HEAD http://localhost:9000/ "HTTP/1.1 404 Not Found"
2026-09-25 22:01:15,029 INFO    clock offset: -0.012s  (rtt=2ms, samples=2)
2026-09-25 22:01:15,029 INFO    [1001] starting  max=500,000
2026-09-25 22:01:15,031 INFO    HTTP Request: GET http://localhost:9000/product/toyota-hilux-2019/ "HTTP/1.1 200 OK"
2026-09-25 22:01:15,032 INFO    [1001] finish_time=1790362958  remaining=83s
2026-09-25 22:01:15,034 INFO    HTTP Request: GET http://localhost:9000/wp-json/wc/store/v1/products/1001 "HTTP/1.1 200 OK"
2026-09-25 22:01:15,034 INFO    [1001] initial state=Bid now
2026-09-25 22:01:15,036 INFO    HTTP Request: GET http://localhost:9000/wp-json/wc/store/v1/products/1001 "HTTP/1.1 200 OK"
2026-09-25 22:01:15,036 INFO    [1001] initial price=1,600,000
2026-09-25 22:01:15,052 INFO    HTTP Request: HEAD http://localhost:9000/ "HTTP/1.1 404 Not Found"
2026-09-25 22:01:15,053 INFO    clock offset: -0.028s  (rtt=7ms, samples=3)
2026-09-25 22:01:15,053 INFO    [1001] === endgame begins ===
2026-09-25 22:01:15,055 INFO    HTTP Request: GET http://localhost:9000/wp-json/wc/store/v1/products/1001 "HTTP/1.1 200 OK"
2026-09-25 22:01:15,057 INFO    HTTP Request: GET http://localhost:9000/wp-json/wc/store/v1/products/1001 "HTTP/1.1 200 OK"
2026-09-25 22:01:15,057 INFO    [1001] price 1,600,000 (my_last=—, bids=0, rem=83.0s)
2026-09-25 22:01:15,058 INFO    [1001] endgame done: bids=0 last_bid=—
2026-09-25 22:01:15,059 INFO    done
