2026-09-25 18:35:41,706 INFO    log file: logs/snipe-1003-1001-20260925-183541.log
2026-09-25 18:35:41,707 INFO    target: product=1003  slug=subaru-forester-2018  max=3,100,000
2026-09-25 18:35:41,707 INFO    target: product=1001  slug=toyota-hilux-2019  max=3,000,000
2026-09-25 18:35:42,528 INFO    HTTP Request: HEAD http://localhost:9000/ "HTTP/1.1 404 Not Found"
2026-09-25 18:35:42,541 INFO    clock offset: -0.508s  (rtt=46ms, samples=1)
2026-09-25 18:35:42,546 INFO    HTTP Request: HEAD http://localhost:9000/ "HTTP/1.1 404 Not Found"
2026-09-25 18:35:42,595 INFO    clock offset: -0.508s  (rtt=53ms, samples=2)
2026-09-25 18:35:42,598 INFO    [1003] starting  max=3,100,000
2026-09-25 18:35:42,603 INFO    [1001] starting  max=3,000,000
2026-09-25 18:35:42,613 INFO    HTTP Request: GET http://localhost:9000/product/toyota-hilux-2019/ "HTTP/1.1 200 OK"
2026-09-25 18:35:42,619 INFO    [1001] finish_time=1790350840  remaining=298s
2026-09-25 18:35:42,621 INFO    HTTP Request: GET http://localhost:9000/product/subaru-forester-2018/ "HTTP/1.1 200 OK"
2026-09-25 18:35:42,662 INFO    [1003] finish_time=1790350840  remaining=298s
2026-09-25 18:35:42,665 INFO    HTTP Request: GET http://localhost:9000/wp-json/wc/store/v1/products/1001 "HTTP/1.1 200 OK"
2026-09-25 18:35:42,668 INFO    [1001] initial state=Bid now
2026-09-25 18:35:42,670 INFO    HTTP Request: GET http://localhost:9000/wp-json/wc/store/v1/products/1003 "HTTP/1.1 200 OK"
2026-09-25 18:35:42,670 INFO    [1003] initial state=Bid now
2026-09-25 18:35:42,674 INFO    HTTP Request: GET http://localhost:9000/wp-json/wc/store/v1/products/1003 "HTTP/1.1 200 OK"
2026-09-25 18:35:42,675 INFO    HTTP Request: GET http://localhost:9000/wp-json/wc/store/v1/products/1001 "HTTP/1.1 200 OK"
2026-09-25 18:35:42,723 INFO    [1003] initial price=2,180,000
2026-09-25 18:35:42,723 INFO    [1001] initial price=1,370,000
2026-09-25 18:35:42,723 INFO    [1003] monitoring until T-120s...
2026-09-25 18:35:42,723 INFO    [1001] monitoring until T-120s...
2026-09-25 18:35:42,726 INFO    HTTP Request: GET http://localhost:9000/wp-json/wc/store/v1/products/1003 "HTTP/1.1 200 OK"
2026-09-25 18:35:42,726 INFO    HTTP Request: GET http://localhost:9000/wp-json/wc/store/v1/products/1001 "HTTP/1.1 200 OK"
2026-09-25 18:35:42,730 INFO    HTTP Request: GET http://localhost:9000/wp-json/wc/store/v1/products/1001 "HTTP/1.1 200 OK"
2026-09-25 18:35:42,731 INFO    HTTP Request: GET http://localhost:9000/wp-json/wc/store/v1/products/1003 "HTTP/1.1 200 OK"
2026-09-25 18:35:42,732 INFO    [1003] tick   1  price=2,180,000  state=Bid now
2026-09-25 18:35:42,732 INFO    [1001] tick   1  price=1,370,000  state=Bid now
2026-09-25 18:36:03,801 INFO    HTTP Request: GET http://localhost:9000/wp-json/wc/store/v1/products/1001 "HTTP/1.1 200 OK"
2026-09-25 18:36:03,806 INFO    HTTP Request: GET http://localhost:9000/wp-json/wc/store/v1/products/1001 "HTTP/1.1 200 OK"
2026-09-25 18:36:03,807 INFO    [1001] tick   2  price=1,410,000  state=Bid now
2026-09-25 18:36:06,546 INFO    HTTP Request: GET http://localhost:9000/wp-json/wc/store/v1/products/1003 "HTTP/1.1 200 OK"
2026-09-25 18:36:06,550 INFO    HTTP Request: GET http://localhost:9000/wp-json/wc/store/v1/products/1003 "HTTP/1.1 200 OK"
2026-09-25 18:36:06,551 INFO    [1003] tick   2  price=2,195,000  state=Bid now
2026-09-25 18:36:23,780 INFO    HTTP Request: GET http://localhost:9000/wp-json/wc/store/v1/products/1001 "HTTP/1.1 200 OK"
2026-09-25 18:36:23,786 INFO    HTTP Request: GET http://localhost:9000/wp-json/wc/store/v1/products/1001 "HTTP/1.1 200 OK"
2026-09-25 18:36:23,788 INFO    [1001] tick   3  price=1,440,000  state=Bid now
2026-09-25 18:36:29,761 INFO    HTTP Request: GET http://localhost:9000/wp-json/wc/store/v1/products/1003 "HTTP/1.1 200 OK"
2026-09-25 18:36:29,764 INFO    HTTP Request: GET http://localhost:9000/wp-json/wc/store/v1/products/1003 "HTTP/1.1 200 OK"
2026-09-25 18:36:29,765 INFO    [1003] tick   3  price=2,240,000  state=Bid now
2026-09-25 18:36:41,762 INFO    HTTP Request: GET http://localhost:9000/wp-json/wc/store/v1/products/1001 "HTTP/1.1 200 OK"
2026-09-25 18:36:41,766 INFO    HTTP Request: GET http://localhost:9000/wp-json/wc/store/v1/products/1001 "HTTP/1.1 200 OK"
2026-09-25 18:36:41,768 INFO    [1001] tick   4  price=1,485,000  state=Bid now
2026-09-25 18:36:46,185 INFO    HTTP Request: GET http://localhost:9000/wp-json/wc/store/v1/products/1003 "HTTP/1.1 200 OK"
2026-09-25 18:36:46,199 INFO    HTTP Request: GET http://localhost:9000/wp-json/wc/store/v1/products/1003 "HTTP/1.1 200 OK"
2026-09-25 18:36:46,204 INFO    [1003] tick   4  price=2,255,000  state=Bid now
2026-09-25 18:36:57,842 INFO    HTTP Request: GET http://localhost:9000/wp-json/wc/store/v1/products/1001 "HTTP/1.1 200 OK"
2026-09-25 18:36:57,850 INFO    HTTP Request: GET http://localhost:9000/wp-json/wc/store/v1/products/1001 "HTTP/1.1 200 OK"
2026-09-25 18:36:57,852 INFO    [1001] tick   5  price=1,485,000  state=Bid now
2026-09-25 18:37:03,682 INFO    HTTP Request: GET http://localhost:9000/wp-json/wc/store/v1/products/1003 "HTTP/1.1 200 OK"
2026-09-25 18:37:03,691 INFO    HTTP Request: GET http://localhost:9000/wp-json/wc/store/v1/products/1003 "HTTP/1.1 200 OK"
2026-09-25 18:37:03,692 INFO    [1003] tick   5  price=2,270,000  state=Bid now
2026-09-25 18:37:18,477 INFO    HTTP Request: GET http://localhost:9000/wp-json/wc/store/v1/products/1001 "HTTP/1.1 200 OK"
2026-09-25 18:37:18,491 INFO    HTTP Request: GET http://localhost:9000/wp-json/wc/store/v1/products/1001 "HTTP/1.1 200 OK"
2026-09-25 18:37:18,495 INFO    [1001] tick   6  price=1,500,000  state=Bid now
2026-09-25 18:37:25,982 INFO    HTTP Request: GET http://localhost:9000/wp-json/wc/store/v1/products/1003 "HTTP/1.1 200 OK"
2026-09-25 18:37:25,988 INFO    HTTP Request: GET http://localhost:9000/wp-json/wc/store/v1/products/1003 "HTTP/1.1 200 OK"
2026-09-25 18:37:25,990 INFO    [1003] tick   6  price=2,300,000  state=Bid now
2026-09-25 18:37:41,753 INFO    HTTP Request: GET http://localhost:9000/wp-json/wc/store/v1/products/1001 "HTTP/1.1 200 OK"
2026-09-25 18:37:41,760 INFO    HTTP Request: GET http://localhost:9000/wp-json/wc/store/v1/products/1001 "HTTP/1.1 200 OK"
2026-09-25 18:37:41,762 INFO    [1001] tick   7  price=1,520,000  state=Bid now
2026-09-25 18:37:47,303 INFO    HTTP Request: GET http://localhost:9000/wp-json/wc/store/v1/products/1003 "HTTP/1.1 200 OK"
2026-09-25 18:37:47,315 INFO    HTTP Request: GET http://localhost:9000/wp-json/wc/store/v1/products/1003 "HTTP/1.1 200 OK"
2026-09-25 18:37:47,316 INFO    [1003] tick   7  price=2,360,000  state=Bid now
2026-09-25 18:38:03,181 INFO    HTTP Request: GET http://localhost:9000/wp-json/wc/store/v1/products/1001 "HTTP/1.1 200 OK"
2026-09-25 18:38:03,188 INFO    HTTP Request: GET http://localhost:9000/wp-json/wc/store/v1/products/1001 "HTTP/1.1 200 OK"
2026-09-25 18:38:03,192 INFO    [1001] tick   8  price=1,530,000  state=Bid now
2026-09-25 18:38:04,070 INFO    HTTP Request: GET http://localhost:9000/wp-json/wc/store/v1/products/1003 "HTTP/1.1 200 OK"
2026-09-25 18:38:04,077 INFO    HTTP Request: GET http://localhost:9000/wp-json/wc/store/v1/products/1003 "HTTP/1.1 200 OK"
2026-09-25 18:38:04,078 INFO    [1003] tick   8  price=2,367,500  state=Bid now
2026-09-25 18:38:22,350 INFO    HTTP Request: GET http://localhost:9000/wp-json/wc/store/v1/products/1003 "HTTP/1.1 200 OK"
2026-09-25 18:38:22,357 INFO    HTTP Request: GET http://localhost:9000/wp-json/wc/store/v1/products/1003 "HTTP/1.1 200 OK"
2026-09-25 18:38:22,360 INFO    [1003] tick   9  price=2,420,000  state=Bid now
2026-09-25 18:38:23,236 INFO    HTTP Request: GET http://localhost:9000/wp-json/wc/store/v1/products/1001 "HTTP/1.1 200 OK"
2026-09-25 18:38:23,247 INFO    HTTP Request: GET http://localhost:9000/wp-json/wc/store/v1/products/1001 "HTTP/1.1 200 OK"
2026-09-25 18:38:23,249 INFO    [1001] tick   9  price=1,540,000  state=Bid now
2026-09-25 18:38:40,515 INFO    HTTP Request: HEAD http://localhost:9000/ "HTTP/1.1 404 Not Found"
2026-09-25 18:38:40,517 INFO    HTTP Request: HEAD http://localhost:9000/ "HTTP/1.1 404 Not Found"
2026-09-25 18:38:40,519 INFO    clock offset: -0.514s  (rtt=10ms, samples=3)
2026-09-25 18:38:40,520 INFO    [1003] === endgame begins ===
2026-09-25 18:38:40,520 INFO    clock offset: -0.514s  (rtt=12ms, samples=4)
2026-09-25 18:38:40,522 INFO    [1001] === endgame begins ===
2026-09-25 18:38:40,528 INFO    HTTP Request: GET http://localhost:9000/wp-json/wc/store/v1/products/1003 "HTTP/1.1 200 OK"
2026-09-25 18:38:40,531 INFO    HTTP Request: GET http://localhost:9000/wp-json/wc/store/v1/products/1001 "HTTP/1.1 200 OK"
2026-09-25 18:38:40,540 INFO    HTTP Request: GET http://localhost:9000/wp-json/wc/store/v1/products/1003 "HTTP/1.1 200 OK"
2026-09-25 18:38:40,542 INFO    [1003] price 2,487,500 (state=Bid now, my_last=—, bids=0)
2026-09-25 18:38:40,551 INFO    HTTP Request: GET http://localhost:9000/wp-json/wc/store/v1/products/1001 "HTTP/1.1 200 OK"
2026-09-25 18:38:40,554 INFO    [1001] price 1,580,000 (state=Bid now, my_last=—, bids=0)
2026-09-25 18:38:40,558 INFO    HTTP Request: POST http://localhost:9000/wp-admin/admin-ajax.php "HTTP/1.1 404 Not Found"
2026-09-25 18:38:40,560 INFO    [1003] fire 2,492,500 → success=False data={}
2026-09-25 18:38:40,565 INFO    HTTP Request: POST http://localhost:9000/wp-admin/admin-ajax.php "HTTP/1.1 404 Not Found"
2026-09-25 18:38:40,568 INFO    [1001] fire 1,585,000 → success=False data={}
2026-09-25 18:38:44,645 INFO    HTTP Request: GET http://localhost:9000/wp-json/wc/store/v1/products/1003 "HTTP/1.1 200 OK"
2026-09-25 18:38:44,652 INFO    HTTP Request: GET http://localhost:9000/wp-json/wc/store/v1/products/1003 "HTTP/1.1 200 OK"
2026-09-25 18:38:44,658 INFO    HTTP Request: POST http://localhost:9000/wp-admin/admin-ajax.php "HTTP/1.1 404 Not Found"
2026-09-25 18:38:44,660 INFO    [1003] fire 2,492,500 → success=False data={}
2026-09-25 18:38:44,727 INFO    HTTP Request: GET http://localhost:9000/wp-json/wc/store/v1/products/1001 "HTTP/1.1 200 OK"
2026-09-25 18:38:44,737 INFO    HTTP Request: GET http://localhost:9000/wp-json/wc/store/v1/products/1001 "HTTP/1.1 200 OK"
2026-09-25 18:38:44,748 INFO    HTTP Request: POST http://localhost:9000/wp-admin/admin-ajax.php "HTTP/1.1 404 Not Found"
2026-09-25 18:38:44,751 INFO    [1001] fire 1,585,000 → success=False data={}
2026-09-25 18:38:48,829 INFO    HTTP Request: GET http://localhost:9000/wp-json/wc/store/v1/products/1003 "HTTP/1.1 200 OK"
2026-09-25 18:38:48,832 INFO    HTTP Request: GET http://localhost:9000/wp-json/wc/store/v1/products/1003 "HTTP/1.1 200 OK"
2026-09-25 18:38:48,835 INFO    HTTP Request: POST http://localhost:9000/wp-admin/admin-ajax.php "HTTP/1.1 404 Not Found"
2026-09-25 18:38:48,835 INFO    [1003] fire 2,492,500 → success=False data={}
2026-09-25 18:38:49,232 INFO    HTTP Request: GET http://localhost:9000/wp-json/wc/store/v1/products/1001 "HTTP/1.1 200 OK"
2026-09-25 18:38:49,242 INFO    HTTP Request: GET http://localhost:9000/wp-json/wc/store/v1/products/1001 "HTTP/1.1 200 OK"
2026-09-25 18:38:49,255 INFO    HTTP Request: POST http://localhost:9000/wp-admin/admin-ajax.php "HTTP/1.1 404 Not Found"
2026-09-25 18:38:49,256 INFO    [1001] fire 1,585,000 → success=False data={}
2026-09-25 18:38:52,746 INFO    HTTP Request: GET http://localhost:9000/wp-json/wc/store/v1/products/1001 "HTTP/1.1 200 OK"
2026-09-25 18:38:52,754 INFO    HTTP Request: GET http://localhost:9000/wp-json/wc/store/v1/products/1001 "HTTP/1.1 200 OK"
2026-09-25 18:38:52,761 INFO    HTTP Request: POST http://localhost:9000/wp-admin/admin-ajax.php "HTTP/1.1 404 Not Found"
2026-09-25 18:38:52,763 INFO    [1001] fire 1,585,000 → success=False data={}
2026-09-25 18:38:53,233 INFO    HTTP Request: GET http://localhost:9000/wp-json/wc/store/v1/products/1003 "HTTP/1.1 200 OK"
2026-09-25 18:38:53,239 INFO    HTTP Request: GET http://localhost:9000/wp-json/wc/store/v1/products/1003 "HTTP/1.1 200 OK"
2026-09-25 18:38:53,246 INFO    HTTP Request: POST http://localhost:9000/wp-admin/admin-ajax.php "HTTP/1.1 404 Not Found"
2026-09-25 18:38:53,247 INFO    [1003] fire 2,492,500 → success=False data={}
2026-09-25 18:38:57,087 INFO    HTTP Request: GET http://localhost:9000/wp-json/wc/store/v1/products/1001 "HTTP/1.1 200 OK"
2026-09-25 18:38:57,095 INFO    HTTP Request: GET http://localhost:9000/wp-json/wc/store/v1/products/1001 "HTTP/1.1 200 OK"
2026-09-25 18:38:57,103 INFO    HTTP Request: POST http://localhost:9000/wp-admin/admin-ajax.php "HTTP/1.1 404 Not Found"
2026-09-25 18:38:57,104 INFO    [1001] fire 1,585,000 → success=False data={}
2026-09-25 18:38:57,976 INFO    HTTP Request: GET http://localhost:9000/wp-json/wc/store/v1/products/1003 "HTTP/1.1 200 OK"
2026-09-25 18:38:57,980 INFO    HTTP Request: GET http://localhost:9000/wp-json/wc/store/v1/products/1003 "HTTP/1.1 200 OK"
2026-09-25 18:38:57,986 INFO    HTTP Request: POST http://localhost:9000/wp-admin/admin-ajax.php "HTTP/1.1 404 Not Found"
2026-09-25 18:38:57,987 INFO    [1003] fire 2,492,500 → success=False data={}
2026-09-25 18:39:00,422 INFO    HTTP Request: GET http://localhost:9000/wp-json/wc/store/v1/products/1001 "HTTP/1.1 200 OK"
2026-09-25 18:39:00,425 INFO    HTTP Request: GET http://localhost:9000/wp-json/wc/store/v1/products/1001 "HTTP/1.1 200 OK"
2026-09-25 18:39:00,426 INFO    [1001] price 1,600,000 (state=Bid now, my_last=—, bids=5)
2026-09-25 18:39:00,428 INFO    HTTP Request: POST http://localhost:9000/wp-admin/admin-ajax.php "HTTP/1.1 404 Not Found"
2026-09-25 18:39:00,428 INFO    [1001] fire 1,605,000 → success=False data={}
2026-09-25 18:39:02,497 INFO    HTTP Request: GET http://localhost:9000/wp-json/wc/store/v1/products/1003 "HTTP/1.1 200 OK"
2026-09-25 18:39:02,507 INFO    HTTP Request: GET http://localhost:9000/wp-json/wc/store/v1/products/1003 "HTTP/1.1 200 OK"
2026-09-25 18:39:02,509 INFO    [1003] price 2,510,000 (state=Bid now, my_last=—, bids=5)
2026-09-25 18:39:02,515 INFO    HTTP Request: POST http://localhost:9000/wp-admin/admin-ajax.php "HTTP/1.1 404 Not Found"
2026-09-25 18:39:02,518 INFO    [1003] fire 2,515,000 → success=False data={}
2026-09-25 18:39:04,823 INFO    HTTP Request: GET http://localhost:9000/wp-json/wc/store/v1/products/1001 "HTTP/1.1 200 OK"
2026-09-25 18:39:04,830 INFO    HTTP Request: GET http://localhost:9000/wp-json/wc/store/v1/products/1001 "HTTP/1.1 200 OK"
2026-09-25 18:39:04,837 INFO    HTTP Request: POST http://localhost:9000/wp-admin/admin-ajax.php "HTTP/1.1 404 Not Found"
2026-09-25 18:39:04,839 INFO    [1001] fire 1,605,000 → success=False data={}
2026-09-25 18:39:05,828 INFO    HTTP Request: GET http://localhost:9000/wp-json/wc/store/v1/products/1003 "HTTP/1.1 200 OK"
2026-09-25 18:39:05,837 INFO    HTTP Request: GET http://localhost:9000/wp-json/wc/store/v1/products/1003 "HTTP/1.1 200 OK"
2026-09-25 18:39:05,844 INFO    HTTP Request: POST http://localhost:9000/wp-admin/admin-ajax.php "HTTP/1.1 404 Not Found"
2026-09-25 18:39:05,845 INFO    [1003] fire 2,515,000 → success=False data={}
2026-09-25 18:39:09,310 INFO    HTTP Request: GET http://localhost:9000/wp-json/wc/store/v1/products/1001 "HTTP/1.1 200 OK"
2026-09-25 18:39:09,316 INFO    HTTP Request: GET http://localhost:9000/wp-json/wc/store/v1/products/1001 "HTTP/1.1 200 OK"
2026-09-25 18:39:09,323 INFO    HTTP Request: POST http://localhost:9000/wp-admin/admin-ajax.php "HTTP/1.1 404 Not Found"
2026-09-25 18:39:09,325 INFO    [1001] fire 1,605,000 → success=False data={}
2026-09-25 18:39:10,452 INFO    HTTP Request: GET http://localhost:9000/wp-json/wc/store/v1/products/1003 "HTTP/1.1 200 OK"
2026-09-25 18:39:10,457 INFO    HTTP Request: GET http://localhost:9000/wp-json/wc/store/v1/products/1003 "HTTP/1.1 200 OK"
2026-09-25 18:39:10,462 INFO    HTTP Request: POST http://localhost:9000/wp-admin/admin-ajax.php "HTTP/1.1 404 Not Found"
2026-09-25 18:39:10,463 INFO    [1003] fire 2,515,000 → success=False data={}
2026-09-25 18:39:13,090 INFO    HTTP Request: GET http://localhost:9000/wp-json/wc/store/v1/products/1001 "HTTP/1.1 200 OK"
2026-09-25 18:39:13,097 INFO    HTTP Request: GET http://localhost:9000/wp-json/wc/store/v1/products/1001 "HTTP/1.1 200 OK"
2026-09-25 18:39:13,102 INFO    HTTP Request: POST http://localhost:9000/wp-admin/admin-ajax.php "HTTP/1.1 404 Not Found"
2026-09-25 18:39:13,103 INFO    [1001] fire 1,605,000 → success=False data={}
2026-09-25 18:39:15,230 INFO    HTTP Request: GET http://localhost:9000/wp-json/wc/store/v1/products/1003 "HTTP/1.1 200 OK"
2026-09-25 18:39:15,244 INFO    HTTP Request: GET http://localhost:9000/wp-json/wc/store/v1/products/1003 "HTTP/1.1 200 OK"
2026-09-25 18:39:15,260 INFO    HTTP Request: POST http://localhost:9000/wp-admin/admin-ajax.php "HTTP/1.1 404 Not Found"
2026-09-25 18:39:15,261 INFO    [1003] fire 2,515,000 → success=False data={}
2026-09-25 18:39:17,449 INFO    HTTP Request: GET http://localhost:9000/wp-json/wc/store/v1/products/1001 "HTTP/1.1 200 OK"
2026-09-25 18:39:17,455 INFO    HTTP Request: GET http://localhost:9000/wp-json/wc/store/v1/products/1001 "HTTP/1.1 200 OK"
2026-09-25 18:39:17,463 INFO    HTTP Request: POST http://localhost:9000/wp-admin/admin-ajax.php "HTTP/1.1 404 Not Found"
2026-09-25 18:39:17,466 INFO    [1001] fire 1,605,000 → success=False data={}
2026-09-25 18:39:19,438 INFO    HTTP Request: GET http://localhost:9000/wp-json/wc/store/v1/products/1003 "HTTP/1.1 200 OK"
2026-09-25 18:39:19,449 INFO    HTTP Request: GET http://localhost:9000/wp-json/wc/store/v1/products/1003 "HTTP/1.1 200 OK"
2026-09-25 18:39:19,454 INFO    HTTP Request: POST http://localhost:9000/wp-admin/admin-ajax.php "HTTP/1.1 404 Not Found"
2026-09-25 18:39:19,455 INFO    [1003] fire 2,515,000 → success=False data={}
2026-09-25 18:39:21,654 INFO    HTTP Request: GET http://localhost:9000/wp-json/wc/store/v1/products/1001 "HTTP/1.1 200 OK"
2026-09-25 18:39:21,660 INFO    HTTP Request: GET http://localhost:9000/wp-json/wc/store/v1/products/1001 "HTTP/1.1 200 OK"
2026-09-25 18:39:21,662 INFO    [1001] price 1,605,000 (state=Bid now, my_last=—, bids=10)
2026-09-25 18:39:21,669 INFO    HTTP Request: POST http://localhost:9000/wp-admin/admin-ajax.php "HTTP/1.1 404 Not Found"
2026-09-25 18:39:21,672 INFO    [1001] fire 1,610,000 → success=False data={}
2026-09-25 18:39:24,230 INFO    HTTP Request: GET http://localhost:9000/wp-json/wc/store/v1/products/1003 "HTTP/1.1 200 OK"
2026-09-25 18:39:24,239 INFO    HTTP Request: GET http://localhost:9000/wp-json/wc/store/v1/products/1003 "HTTP/1.1 200 OK"
2026-09-25 18:39:24,242 INFO    [1003] price 2,585,000 (state=Bid now, my_last=—, bids=10)
2026-09-25 18:39:24,250 INFO    HTTP Request: POST http://localhost:9000/wp-admin/admin-ajax.php "HTTP/1.1 404 Not Found"
2026-09-25 18:39:24,252 INFO    [1003] fire 2,590,000 → success=False data={}
2026-09-25 18:39:25,020 INFO    HTTP Request: GET http://localhost:9000/wp-json/wc/store/v1/products/1001 "HTTP/1.1 200 OK"
2026-09-25 18:39:25,026 INFO    HTTP Request: GET http://localhost:9000/wp-json/wc/store/v1/products/1001 "HTTP/1.1 200 OK"
2026-09-25 18:39:25,078 INFO    HTTP Request: POST http://localhost:9000/wp-admin/admin-ajax.php "HTTP/1.1 404 Not Found"
2026-09-25 18:39:25,079 INFO    [1001] fire 1,610,000 → success=False data={}
2026-09-25 18:39:28,188 INFO    HTTP Request: GET http://localhost:9000/wp-json/wc/store/v1/products/1003 "HTTP/1.1 200 OK"
2026-09-25 18:39:28,195 INFO    HTTP Request: GET http://localhost:9000/wp-json/wc/store/v1/products/1003 "HTTP/1.1 200 OK"
2026-09-25 18:39:28,203 INFO    HTTP Request: POST http://localhost:9000/wp-admin/admin-ajax.php "HTTP/1.1 404 Not Found"
2026-09-25 18:39:28,204 INFO    [1003] fire 2,590,000 → success=False data={}
2026-09-25 18:39:29,715 INFO    HTTP Request: GET http://localhost:9000/wp-json/wc/store/v1/products/1001 "HTTP/1.1 200 OK"
2026-09-25 18:39:29,722 INFO    HTTP Request: GET http://localhost:9000/wp-json/wc/store/v1/products/1001 "HTTP/1.1 200 OK"
2026-09-25 18:39:29,728 INFO    HTTP Request: POST http://localhost:9000/wp-admin/admin-ajax.php "HTTP/1.1 404 Not Found"
2026-09-25 18:39:29,730 INFO    [1001] fire 1,610,000 → success=False data={}
2026-09-25 18:39:32,837 INFO    HTTP Request: GET http://localhost:9000/wp-json/wc/store/v1/products/1003 "HTTP/1.1 200 OK"
2026-09-25 18:39:32,845 INFO    HTTP Request: GET http://localhost:9000/wp-json/wc/store/v1/products/1003 "HTTP/1.1 200 OK"
2026-09-25 18:39:32,853 INFO    HTTP Request: POST http://localhost:9000/wp-admin/admin-ajax.php "HTTP/1.1 404 Not Found"
2026-09-25 18:39:32,855 INFO    [1003] fire 2,590,000 → success=False data={}
2026-09-25 18:39:33,543 INFO    HTTP Request: GET http://localhost:9000/wp-json/wc/store/v1/products/1001 "HTTP/1.1 200 OK"
2026-09-25 18:39:33,549 INFO    HTTP Request: GET http://localhost:9000/wp-json/wc/store/v1/products/1001 "HTTP/1.1 200 OK"
2026-09-25 18:39:33,556 INFO    HTTP Request: POST http://localhost:9000/wp-admin/admin-ajax.php "HTTP/1.1 404 Not Found"
2026-09-25 18:39:33,558 INFO    [1001] fire 1,610,000 → success=False data={}
2026-09-25 18:39:36,527 INFO    HTTP Request: GET http://localhost:9000/wp-json/wc/store/v1/products/1003 "HTTP/1.1 200 OK"
2026-09-25 18:39:36,533 INFO    HTTP Request: GET http://localhost:9000/wp-json/wc/store/v1/products/1003 "HTTP/1.1 200 OK"
2026-09-25 18:39:36,542 INFO    HTTP Request: POST http://localhost:9000/wp-admin/admin-ajax.php "HTTP/1.1 404 Not Found"
2026-09-25 18:39:36,543 INFO    [1003] fire 2,590,000 → success=False data={}
2026-09-25 18:39:37,902 INFO    HTTP Request: GET http://localhost:9000/wp-json/wc/store/v1/products/1001 "HTTP/1.1 200 OK"
2026-09-25 18:39:37,911 INFO    HTTP Request: GET http://localhost:9000/wp-json/wc/store/v1/products/1001 "HTTP/1.1 200 OK"
2026-09-25 18:39:37,919 INFO    HTTP Request: POST http://localhost:9000/wp-admin/admin-ajax.php "HTTP/1.1 404 Not Found"
2026-09-25 18:39:37,920 INFO    [1001] fire 1,610,000 → success=False data={}
2026-09-25 18:39:41,021 INFO    HTTP Request: GET http://localhost:9000/wp-json/wc/store/v1/products/1003 "HTTP/1.1 200 OK"
2026-09-25 18:39:41,029 INFO    HTTP Request: GET http://localhost:9000/wp-json/wc/store/v1/products/1003 "HTTP/1.1 200 OK"
2026-09-25 18:39:41,030 INFO    [1003] price 2,645,000 (state=Bid now, my_last=—, bids=14)
2026-09-25 18:39:41,038 INFO    HTTP Request: POST http://localhost:9000/wp-admin/admin-ajax.php "HTTP/1.1 404 Not Found"
2026-09-25 18:39:41,039 INFO    [1003] fire 2,650,000 → success=False data={}
2026-09-25 18:39:41,566 INFO    HTTP Request: GET http://localhost:9000/wp-json/wc/store/v1/products/1001 "HTTP/1.1 200 OK"
2026-09-25 18:39:41,572 INFO    HTTP Request: GET http://localhost:9000/wp-json/wc/store/v1/products/1001 "HTTP/1.1 200 OK"
2026-09-25 18:39:41,574 INFO    [1001] price 1,640,000 (state=Bid now, my_last=—, bids=15)
2026-09-25 18:39:41,580 INFO    HTTP Request: POST http://localhost:9000/wp-admin/admin-ajax.php "HTTP/1.1 404 Not Found"
2026-09-25 18:39:41,582 INFO    [1001] fire 1,645,000 → success=False data={}
2026-09-25 18:39:42,668 INFO    HTTP Request: GET http://localhost:9000/wp-json/wc/store/v1/products/1003 "HTTP/1.1 200 OK"
2026-09-25 18:39:42,671 INFO    HTTP Request: GET http://localhost:9000/wp-json/wc/store/v1/products/1003 "HTTP/1.1 200 OK"
2026-09-25 18:39:42,675 INFO    HTTP Request: POST http://localhost:9000/wp-admin/admin-ajax.php "HTTP/1.1 404 Not Found"
2026-09-25 18:39:42,677 INFO    [1003] fire 2,650,000 → success=False data={}
2026-09-25 18:39:43,829 INFO    HTTP Request: GET http://localhost:9000/wp-json/wc/store/v1/products/1001 "HTTP/1.1 200 OK"
2026-09-25 18:39:43,837 INFO    HTTP Request: GET http://localhost:9000/wp-json/wc/store/v1/products/1001 "HTTP/1.1 200 OK"
2026-09-25 18:39:43,852 INFO    HTTP Request: POST http://localhost:9000/wp-admin/admin-ajax.php "HTTP/1.1 404 Not Found"
2026-09-25 18:39:43,855 INFO    [1001] fire 1,645,000 → success=False data={}
2026-09-25 18:39:44,514 INFO    HTTP Request: GET http://localhost:9000/wp-json/wc/store/v1/products/1003 "HTTP/1.1 200 OK"
2026-09-25 18:39:44,520 INFO    HTTP Request: GET http://localhost:9000/wp-json/wc/store/v1/products/1003 "HTTP/1.1 200 OK"
2026-09-25 18:39:44,527 INFO    HTTP Request: POST http://localhost:9000/wp-admin/admin-ajax.php "HTTP/1.1 404 Not Found"
2026-09-25 18:39:44,529 INFO    [1003] fire 2,650,000 → success=False data={}
2026-09-25 18:39:45,592 INFO    HTTP Request: GET http://localhost:9000/wp-json/wc/store/v1/products/1001 "HTTP/1.1 200 OK"
2026-09-25 18:39:45,601 INFO    HTTP Request: GET http://localhost:9000/wp-json/wc/store/v1/products/1001 "HTTP/1.1 200 OK"
2026-09-25 18:39:45,608 INFO    HTTP Request: POST http://localhost:9000/wp-admin/admin-ajax.php "HTTP/1.1 404 Not Found"
2026-09-25 18:39:45,610 INFO    [1001] fire 1,645,000 → success=False data={}
2026-09-25 18:39:46,287 INFO    HTTP Request: GET http://localhost:9000/wp-json/wc/store/v1/products/1003 "HTTP/1.1 200 OK"
2026-09-25 18:39:46,294 INFO    HTTP Request: GET http://localhost:9000/wp-json/wc/store/v1/products/1003 "HTTP/1.1 200 OK"
2026-09-25 18:39:46,300 INFO    HTTP Request: POST http://localhost:9000/wp-admin/admin-ajax.php "HTTP/1.1 404 Not Found"
2026-09-25 18:39:46,301 INFO    [1003] fire 2,650,000 → success=False data={}
2026-09-25 18:39:47,487 INFO    HTTP Request: GET http://localhost:9000/wp-json/wc/store/v1/products/1001 "HTTP/1.1 200 OK"
2026-09-25 18:39:47,501 INFO    HTTP Request: GET http://localhost:9000/wp-json/wc/store/v1/products/1001 "HTTP/1.1 200 OK"
2026-09-25 18:39:47,514 INFO    HTTP Request: POST http://localhost:9000/wp-admin/admin-ajax.php "HTTP/1.1 404 Not Found"
2026-09-25 18:39:47,515 INFO    [1001] fire 1,645,000 → success=False data={}
2026-09-25 18:39:48,512 INFO    HTTP Request: GET http://localhost:9000/wp-json/wc/store/v1/products/1003 "HTTP/1.1 200 OK"
2026-09-25 18:39:48,518 INFO    HTTP Request: GET http://localhost:9000/wp-json/wc/store/v1/products/1003 "HTTP/1.1 200 OK"
2026-09-25 18:39:48,525 INFO    HTTP Request: POST http://localhost:9000/wp-admin/admin-ajax.php "HTTP/1.1 404 Not Found"
2026-09-25 18:39:48,526 INFO    [1003] fire 2,650,000 → success=False data={}
2026-09-25 18:39:49,616 INFO    HTTP Request: GET http://localhost:9000/wp-json/wc/store/v1/products/1001 "HTTP/1.1 200 OK"
2026-09-25 18:39:49,620 INFO    HTTP Request: GET http://localhost:9000/wp-json/wc/store/v1/products/1001 "HTTP/1.1 200 OK"
2026-09-25 18:39:49,626 INFO    HTTP Request: POST http://localhost:9000/wp-admin/admin-ajax.php "HTTP/1.1 404 Not Found"
2026-09-25 18:39:49,629 INFO    [1001] fire 1,645,000 → success=False data={}
2026-09-25 18:39:50,643 INFO    HTTP Request: GET http://localhost:9000/wp-json/wc/store/v1/products/1003 "HTTP/1.1 200 OK"
2026-09-25 18:39:50,650 INFO    HTTP Request: GET http://localhost:9000/wp-json/wc/store/v1/products/1003 "HTTP/1.1 200 OK"
2026-09-25 18:39:50,656 INFO    HTTP Request: POST http://localhost:9000/wp-admin/admin-ajax.php "HTTP/1.1 404 Not Found"
2026-09-25 18:39:50,658 INFO    [1003] fire 2,650,000 → success=False data={}
2026-09-25 18:39:51,334 INFO    HTTP Request: GET http://localhost:9000/wp-json/wc/store/v1/products/1001 "HTTP/1.1 200 OK"
2026-09-25 18:39:51,339 INFO    HTTP Request: GET http://localhost:9000/wp-json/wc/store/v1/products/1001 "HTTP/1.1 200 OK"
2026-09-25 18:39:51,344 INFO    HTTP Request: POST http://localhost:9000/wp-admin/admin-ajax.php "HTTP/1.1 404 Not Found"
2026-09-25 18:39:51,346 INFO    [1001] fire 1,645,000 → success=False data={}
2026-09-25 18:39:52,964 INFO    HTTP Request: GET http://localhost:9000/wp-json/wc/store/v1/products/1003 "HTTP/1.1 200 OK"
2026-09-25 18:39:52,967 INFO    HTTP Request: GET http://localhost:9000/wp-json/wc/store/v1/products/1003 "HTTP/1.1 200 OK"
2026-09-25 18:39:52,969 INFO    HTTP Request: POST http://localhost:9000/wp-admin/admin-ajax.php "HTTP/1.1 404 Not Found"
2026-09-25 18:39:52,969 INFO    [1003] fire 2,650,000 → success=False data={}
2026-09-25 18:39:53,350 INFO    HTTP Request: GET http://localhost:9000/wp-json/wc/store/v1/products/1001 "HTTP/1.1 200 OK"
2026-09-25 18:39:53,354 INFO    HTTP Request: GET http://localhost:9000/wp-json/wc/store/v1/products/1001 "HTTP/1.1 200 OK"
2026-09-25 18:39:53,359 INFO    HTTP Request: POST http://localhost:9000/wp-admin/admin-ajax.php "HTTP/1.1 404 Not Found"
2026-09-25 18:39:53,360 INFO    [1001] fire 1,645,000 → success=False data={}
2026-09-25 18:39:55,246 INFO    HTTP Request: GET http://localhost:9000/wp-json/wc/store/v1/products/1003 "HTTP/1.1 200 OK"
2026-09-25 18:39:55,253 INFO    HTTP Request: GET http://localhost:9000/wp-json/wc/store/v1/products/1003 "HTTP/1.1 200 OK"
2026-09-25 18:39:55,260 INFO    HTTP Request: POST http://localhost:9000/wp-admin/admin-ajax.php "HTTP/1.1 404 Not Found"
2026-09-25 18:39:55,262 INFO    [1003] fire 2,650,000 → success=False data={}
2026-09-25 18:39:55,646 INFO    HTTP Request: GET http://localhost:9000/wp-json/wc/store/v1/products/1001 "HTTP/1.1 200 OK"
2026-09-25 18:39:55,653 INFO    HTTP Request: GET http://localhost:9000/wp-json/wc/store/v1/products/1001 "HTTP/1.1 200 OK"
2026-09-25 18:39:55,657 INFO    HTTP Request: POST http://localhost:9000/wp-admin/admin-ajax.php "HTTP/1.1 404 Not Found"
2026-09-25 18:39:55,658 INFO    [1001] fire 1,645,000 → success=False data={}
2026-09-25 18:39:57,198 INFO    HTTP Request: GET http://localhost:9000/wp-json/wc/store/v1/products/1003 "HTTP/1.1 200 OK"
2026-09-25 18:39:57,205 INFO    HTTP Request: GET http://localhost:9000/wp-json/wc/store/v1/products/1003 "HTTP/1.1 200 OK"
2026-09-25 18:39:57,218 INFO    HTTP Request: POST http://localhost:9000/wp-admin/admin-ajax.php "HTTP/1.1 404 Not Found"
2026-09-25 18:39:57,219 INFO    [1003] fire 2,650,000 → success=False data={}
2026-09-25 18:39:57,429 INFO    HTTP Request: GET http://localhost:9000/wp-json/wc/store/v1/products/1001 "HTTP/1.1 200 OK"
2026-09-25 18:39:57,435 INFO    HTTP Request: GET http://localhost:9000/wp-json/wc/store/v1/products/1001 "HTTP/1.1 200 OK"
2026-09-25 18:39:57,443 INFO    HTTP Request: POST http://localhost:9000/wp-admin/admin-ajax.php "HTTP/1.1 404 Not Found"
2026-09-25 18:39:57,445 INFO    [1001] fire 1,645,000 → success=False data={}
2026-09-25 18:39:59,067 INFO    HTTP Request: GET http://localhost:9000/wp-json/wc/store/v1/products/1001 "HTTP/1.1 200 OK"
2026-09-25 18:39:59,075 INFO    HTTP Request: GET http://localhost:9000/wp-json/wc/store/v1/products/1001 "HTTP/1.1 200 OK"
2026-09-25 18:39:59,086 INFO    HTTP Request: POST http://localhost:9000/wp-admin/admin-ajax.php "HTTP/1.1 404 Not Found"
2026-09-25 18:39:59,087 INFO    [1001] fire 1,645,000 → success=False data={}
2026-09-25 18:39:59,306 INFO    HTTP Request: GET http://localhost:9000/wp-json/wc/store/v1/products/1003 "HTTP/1.1 200 OK"
2026-09-25 18:39:59,314 INFO    HTTP Request: GET http://localhost:9000/wp-json/wc/store/v1/products/1003 "HTTP/1.1 200 OK"
2026-09-25 18:39:59,318 INFO    HTTP Request: POST http://localhost:9000/wp-admin/admin-ajax.php "HTTP/1.1 404 Not Found"
2026-09-25 18:39:59,321 INFO    [1003] fire 2,650,000 → success=False data={}
2026-09-25 18:40:01,253 INFO    HTTP Request: GET http://localhost:9000/wp-json/wc/store/v1/products/1001 "HTTP/1.1 200 OK"
2026-09-25 18:40:01,278 INFO    HTTP Request: GET http://localhost:9000/wp-json/wc/store/v1/products/1001 "HTTP/1.1 200 OK"
2026-09-25 18:40:01,284 INFO    [1001] price 1,680,000 (state=Bid now, my_last=—, bids=25)
2026-09-25 18:40:01,302 INFO    HTTP Request: POST http://localhost:9000/wp-admin/admin-ajax.php "HTTP/1.1 404 Not Found"
2026-09-25 18:40:01,303 INFO    [1001] fire 1,685,000 → success=False data={}
2026-09-25 18:40:01,390 INFO    HTTP Request: GET http://localhost:9000/wp-json/wc/store/v1/products/1003 "HTTP/1.1 200 OK"
2026-09-25 18:40:01,398 INFO    HTTP Request: GET http://localhost:9000/wp-json/wc/store/v1/products/1003 "HTTP/1.1 200 OK"
2026-09-25 18:40:01,399 INFO    [1003] price 2,712,500 (state=Bid now, my_last=—, bids=24)
2026-09-25 18:40:01,405 INFO    HTTP Request: POST http://localhost:9000/wp-admin/admin-ajax.php "HTTP/1.1 404 Not Found"
2026-09-25 18:40:01,407 INFO    [1003] fire 2,717,500 → success=False data={}
2026-09-25 18:40:03,253 INFO    HTTP Request: GET http://localhost:9000/wp-json/wc/store/v1/products/1003 "HTTP/1.1 200 OK"
2026-09-25 18:40:03,260 INFO    HTTP Request: GET http://localhost:9000/wp-json/wc/store/v1/products/1003 "HTTP/1.1 200 OK"
2026-09-25 18:40:03,267 INFO    HTTP Request: POST http://localhost:9000/wp-admin/admin-ajax.php "HTTP/1.1 404 Not Found"
2026-09-25 18:40:03,270 INFO    [1003] fire 2,717,500 → success=False data={}
2026-09-25 18:40:03,317 INFO    HTTP Request: GET http://localhost:9000/wp-json/wc/store/v1/products/1001 "HTTP/1.1 200 OK"
2026-09-25 18:40:03,324 INFO    HTTP Request: GET http://localhost:9000/wp-json/wc/store/v1/products/1001 "HTTP/1.1 200 OK"
2026-09-25 18:40:03,334 INFO    HTTP Request: POST http://localhost:9000/wp-admin/admin-ajax.php "HTTP/1.1 404 Not Found"
2026-09-25 18:40:03,335 INFO    [1001] fire 1,685,000 → success=False data={}
2026-09-25 18:40:05,025 INFO    HTTP Request: GET http://localhost:9000/wp-json/wc/store/v1/products/1001 "HTTP/1.1 200 OK"
2026-09-25 18:40:05,034 INFO    HTTP Request: GET http://localhost:9000/wp-json/wc/store/v1/products/1001 "HTTP/1.1 200 OK"
2026-09-25 18:40:05,040 INFO    HTTP Request: POST http://localhost:9000/wp-admin/admin-ajax.php "HTTP/1.1 404 Not Found"
2026-09-25 18:40:05,043 INFO    [1001] fire 1,685,000 → success=False data={}
2026-09-25 18:40:05,202 INFO    HTTP Request: GET http://localhost:9000/wp-json/wc/store/v1/products/1003 "HTTP/1.1 200 OK"
2026-09-25 18:40:05,217 INFO    HTTP Request: GET http://localhost:9000/wp-json/wc/store/v1/products/1003 "HTTP/1.1 200 OK"
2026-09-25 18:40:05,231 INFO    HTTP Request: POST http://localhost:9000/wp-admin/admin-ajax.php "HTTP/1.1 404 Not Found"
2026-09-25 18:40:05,233 INFO    [1003] fire 2,717,500 → success=False data={}
2026-09-25 18:40:07,134 INFO    HTTP Request: GET http://localhost:9000/wp-json/wc/store/v1/products/1001 "HTTP/1.1 200 OK"
2026-09-25 18:40:07,141 INFO    HTTP Request: GET http://localhost:9000/wp-json/wc/store/v1/products/1001 "HTTP/1.1 200 OK"
2026-09-25 18:40:07,148 INFO    HTTP Request: POST http://localhost:9000/wp-admin/admin-ajax.php "HTTP/1.1 404 Not Found"
2026-09-25 18:40:07,149 INFO    [1001] fire 1,685,000 → success=False data={}
2026-09-25 18:40:07,334 INFO    HTTP Request: GET http://localhost:9000/wp-json/wc/store/v1/products/1003 "HTTP/1.1 200 OK"
2026-09-25 18:40:07,341 INFO    HTTP Request: GET http://localhost:9000/wp-json/wc/store/v1/products/1003 "HTTP/1.1 200 OK"
2026-09-25 18:40:07,353 INFO    HTTP Request: POST http://localhost:9000/wp-admin/admin-ajax.php "HTTP/1.1 404 Not Found"
2026-09-25 18:40:07,355 INFO    [1003] fire 2,717,500 → success=False data={}
2026-09-25 18:40:08,764 INFO    HTTP Request: GET http://localhost:9000/wp-json/wc/store/v1/products/1001 "HTTP/1.1 200 OK"
2026-09-25 18:40:08,767 INFO    HTTP Request: GET http://localhost:9000/wp-json/wc/store/v1/products/1001 "HTTP/1.1 200 OK"
2026-09-25 18:40:08,770 INFO    HTTP Request: POST http://localhost:9000/wp-admin/admin-ajax.php "HTTP/1.1 404 Not Found"
2026-09-25 18:40:08,770 INFO    [1001] fire 1,685,000 → success=False data={}
2026-09-25 18:40:09,594 INFO    HTTP Request: GET http://localhost:9000/wp-json/wc/store/v1/products/1003 "HTTP/1.1 200 OK"
2026-09-25 18:40:09,600 INFO    HTTP Request: GET http://localhost:9000/wp-json/wc/store/v1/products/1003 "HTTP/1.1 200 OK"
2026-09-25 18:40:09,608 INFO    HTTP Request: POST http://localhost:9000/wp-admin/admin-ajax.php "HTTP/1.1 404 Not Found"
2026-09-25 18:40:09,610 INFO    [1003] fire 2,717,500 → success=False data={}
2026-09-25 18:40:11,086 INFO    HTTP Request: GET http://localhost:9000/wp-json/wc/store/v1/products/1001 "HTTP/1.1 200 OK"
2026-09-25 18:40:11,097 INFO    HTTP Request: GET http://localhost:9000/wp-json/wc/store/v1/products/1001 "HTTP/1.1 200 OK"
2026-09-25 18:40:11,099 WARNING [1001] bid cap reached (30) — giving up
2026-09-25 18:40:11,099 INFO    [1001] endgame done: bids=30 last_bid=—
2026-09-25 18:40:11,419 INFO    HTTP Request: GET http://localhost:9000/wp-json/wc/store/v1/products/1003 "HTTP/1.1 200 OK"
2026-09-25 18:40:11,422 INFO    HTTP Request: GET http://localhost:9000/wp-json/wc/store/v1/products/1003 "HTTP/1.1 200 OK"
2026-09-25 18:40:11,431 INFO    HTTP Request: POST http://localhost:9000/wp-admin/admin-ajax.php "HTTP/1.1 404 Not Found"
2026-09-25 18:40:11,433 INFO    [1003] fire 2,717,500 → success=False data={}
2026-09-25 18:40:12,591 INFO    HTTP Request: GET http://localhost:9000/wp-json/wc/store/v1/products/1003 "HTTP/1.1 200 OK"
2026-09-25 18:40:12,598 INFO    HTTP Request: GET http://localhost:9000/wp-json/wc/store/v1/products/1003 "HTTP/1.1 200 OK"
2026-09-25 18:40:12,599 WARNING [1003] bid cap reached (30) — giving up
2026-09-25 18:40:12,600 INFO    [1003] endgame done: bids=30 last_bid=—
2026-09-25 18:40:12,600 INFO    done
