2026-09-25 22:02:08,438 INFO    log file: logs/snipe-1001-20260925-220208.log
2026-09-25 22:02:08,439 INFO    target: product=1001  vehicle_id=1  armed_bid_id=1  max=500,000
2026-09-25 22:02:08,540 INFO    HTTP Request: HEAD http://localhost:9000/ "HTTP/1.1 404 Not Found"
2026-09-25 22:02:08,543 INFO    clock offset: -0.538s  (rtt=8ms, samples=1)
2026-09-25 22:02:08,545 INFO    HTTP Request: HEAD http://localhost:9000/ "HTTP/1.1 404 Not Found"
2026-09-25 22:02:08,545 INFO    clock offset: -0.538s  (rtt=2ms, samples=2)
2026-09-25 22:02:08,546 INFO    [1001] starting  max=500,000
2026-09-25 22:02:08,547 INFO    HTTP Request: GET http://localhost:9000/product/toyota-hilux-2019/ "HTTP/1.1 200 OK"
2026-09-25 22:02:08,548 INFO    [1001] finish_time=1790363379  remaining=451s
2026-09-25 22:02:08,550 INFO    HTTP Request: GET http://localhost:9000/wp-json/wc/store/v1/products/1001 "HTTP/1.1 200 OK"
2026-09-25 22:02:08,550 INFO    [1001] initial state=Bid now
2026-09-25 22:02:08,551 INFO    HTTP Request: GET http://localhost:9000/wp-json/wc/store/v1/products/1001 "HTTP/1.1 200 OK"
2026-09-25 22:02:08,552 INFO    [1001] initial price=1,200,000
2026-09-25 22:02:08,563 INFO    HTTP Request: HEAD http://localhost:9000/ "HTTP/1.1 404 Not Found"
2026-09-25 22:02:08,563 INFO    clock offset: -0.545s  (rtt=2ms, samples=3)
2026-09-25 22:02:08,563 INFO    [1001] === endgame begins ===
2026-09-25 22:02:08,566 INFO    HTTP Request: GET http://localhost:9000/wp-json/wc/store/v1/products/1001 "HTTP/1.1 200 OK"
2026-09-25 22:02:08,570 INFO    HTTP Request: GET http://localhost:9000/wp-json/wc/store/v1/products/1001 "HTTP/1.1 200 OK"
2026-09-25 22:02:08,570 INFO    [1001] price 1,200,000 (my_last=—, bids=0, rem=451.0s)
2026-09-25 22:02:08,571 INFO    [1001] endgame done: bids=0 last_bid=—
2026-09-25 22:02:08,615 INFO    done
