2026-09-25 18:05:45,898 INFO    log file: logs/snipe-1001-20260925-180545.log
2026-09-25 18:05:45,898 INFO    target: product=1001  slug=toyota-hilux-2019  max=1,500,000
2026-09-25 18:05:45,969 INFO    HTTP Request: HEAD http://localhost:9000/ "HTTP/1.1 404 Not Found"
2026-09-25 18:05:45,971 INFO    clock offset: -0.967s  (rtt=7ms, samples=1)
2026-09-25 18:05:45,973 INFO    HTTP Request: HEAD http://localhost:9000/ "HTTP/1.1 404 Not Found"
2026-09-25 18:05:45,974 INFO    clock offset: -0.967s  (rtt=2ms, samples=2)
2026-09-25 18:05:45,975 INFO    [1001] starting  max=1,500,000
2026-09-25 18:05:45,978 INFO    HTTP Request: GET http://localhost:9000/product/toyota-hilux-2019/ "HTTP/1.1 200 OK"
2026-09-25 18:05:45,979 INFO    [1001] finish_time=1790349059  remaining=314s
2026-09-25 18:05:45,981 INFO    HTTP Request: GET http://localhost:9000/wp-json/wc/store/v1/products/1001 "HTTP/1.1 200 OK"
2026-09-25 18:05:45,982 INFO    [1001] initial state=Bid now
2026-09-25 18:05:45,986 INFO    HTTP Request: GET http://localhost:9000/wp-json/wc/store/v1/products/1001 "HTTP/1.1 200 OK"
2026-09-25 18:05:45,988 INFO    [1001] initial price=1,365,000
2026-09-25 18:05:45,988 INFO    [1001] monitoring until T-120s...
2026-09-25 18:05:45,989 INFO    HTTP Request: GET http://localhost:9000/wp-json/wc/store/v1/products/1001 "HTTP/1.1 200 OK"
2026-09-25 18:05:45,991 INFO    HTTP Request: GET http://localhost:9000/wp-json/wc/store/v1/products/1001 "HTTP/1.1 200 OK"
2026-09-25 18:05:45,993 INFO    [1001] tick   1  price=1,365,000  state=Bid now
2026-09-25 18:06:06,242 INFO    HTTP Request: GET http://localhost:9000/wp-json/wc/store/v1/products/1001 "HTTP/1.1 200 OK"
2026-09-25 18:06:06,248 INFO    HTTP Request: GET http://localhost:9000/wp-json/wc/store/v1/products/1001 "HTTP/1.1 200 OK"
2026-09-25 18:06:06,249 INFO    [1001] tick   2  price=1,370,000  state=Bid now
2026-09-25 18:06:25,544 INFO    HTTP Request: GET http://localhost:9000/wp-json/wc/store/v1/products/1001 "HTTP/1.1 200 OK"
2026-09-25 18:06:25,552 INFO    HTTP Request: GET http://localhost:9000/wp-json/wc/store/v1/products/1001 "HTTP/1.1 200 OK"
2026-09-25 18:06:25,555 INFO    [1001] tick   3  price=1,410,000  state=Bid now
2026-09-25 18:06:46,672 INFO    HTTP Request: GET http://localhost:9000/wp-json/wc/store/v1/products/1001 "HTTP/1.1 200 OK"
2026-09-25 18:06:46,678 INFO    HTTP Request: GET http://localhost:9000/wp-json/wc/store/v1/products/1001 "HTTP/1.1 200 OK"
2026-09-25 18:06:46,679 INFO    [1001] tick   4  price=1,440,000  state=Bid now
2026-09-25 18:07:04,163 INFO    HTTP Request: GET http://localhost:9000/wp-json/wc/store/v1/products/1001 "HTTP/1.1 200 OK"
2026-09-25 18:07:04,164 INFO    HTTP Request: GET http://localhost:9000/wp-json/wc/store/v1/products/1001 "HTTP/1.1 200 OK"
2026-09-25 18:07:04,165 INFO    [1001] tick   5  price=1,485,000  state=Bid now
2026-09-25 18:07:26,573 INFO    HTTP Request: GET http://localhost:9000/wp-json/wc/store/v1/products/1001 "HTTP/1.1 200 OK"
2026-09-25 18:07:26,584 INFO    HTTP Request: GET http://localhost:9000/wp-json/wc/store/v1/products/1001 "HTTP/1.1 200 OK"
2026-09-25 18:07:26,586 INFO    [1001] tick   6  price=1,500,000  state=Bid now
2026-09-25 18:07:42,800 INFO    HTTP Request: GET http://localhost:9000/wp-json/wc/store/v1/products/1001 "HTTP/1.1 200 OK"
2026-09-25 18:07:42,806 INFO    HTTP Request: GET http://localhost:9000/wp-json/wc/store/v1/products/1001 "HTTP/1.1 200 OK"
2026-09-25 18:07:42,807 INFO    [1001] tick   7  price=1,515,000  state=Bid now
2026-09-25 18:08:06,131 INFO    HTTP Request: GET http://localhost:9000/wp-json/wc/store/v1/products/1001 "HTTP/1.1 200 OK"
2026-09-25 18:08:06,136 INFO    HTTP Request: GET http://localhost:9000/wp-json/wc/store/v1/products/1001 "HTTP/1.1 200 OK"
2026-09-25 18:08:06,138 INFO    [1001] tick   8  price=1,520,000  state=Bid now
2026-09-25 18:08:27,215 INFO    interrupted by user
2026-09-25 18:08:27,215 INFO    done
