2026-09-25 20:10:35,412 INFO    log file: logs/snipe-1001-20260925-201035.log
2026-09-25 20:10:35,412 INFO    target: product=1001  vehicle_id=1  armed_bid_id=1  max=10,500,000
2026-09-25 20:10:35,532 INFO    HTTP Request: HEAD http://localhost:9000/ "HTTP/1.1 404 Not Found"
2026-09-25 20:10:35,535 INFO    clock offset: -0.529s  (rtt=7ms, samples=1)
2026-09-25 20:10:35,537 INFO    HTTP Request: HEAD http://localhost:9000/ "HTTP/1.1 404 Not Found"
2026-09-25 20:10:35,537 INFO    clock offset: -0.529s  (rtt=2ms, samples=2)
2026-09-25 20:10:35,538 INFO    [1001] starting  max=10,500,000
2026-09-25 20:10:35,540 INFO    HTTP Request: GET http://localhost:9000/product/toyota-hilux-2019/ "HTTP/1.1 200 OK"
2026-09-25 20:10:35,541 INFO    [1001] finish_time=1790356408  remaining=173s
2026-09-25 20:10:35,542 INFO    HTTP Request: GET http://localhost:9000/wp-json/wc/store/v1/products/1001 "HTTP/1.1 200 OK"
2026-09-25 20:10:35,543 INFO    [1001] initial state=Bid now
2026-09-25 20:10:35,545 INFO    HTTP Request: GET http://localhost:9000/wp-json/wc/store/v1/products/1001 "HTTP/1.1 200 OK"
2026-09-25 20:10:35,545 INFO    [1001] initial price=1,480,000
2026-09-25 20:10:35,546 INFO    [1001] monitoring until T-120s...
2026-09-25 20:10:35,552 INFO    HTTP Request: GET http://localhost:9000/wp-json/wc/store/v1/products/1001 "HTTP/1.1 200 OK"
2026-09-25 20:10:35,558 INFO    HTTP Request: GET http://localhost:9000/wp-json/wc/store/v1/products/1001 "HTTP/1.1 200 OK"
2026-09-25 20:10:35,558 INFO    [1001] tick   1  price=1,480,000  state=Bid now
2026-09-25 20:10:46,737 INFO    interrupted by user
2026-09-25 20:10:46,738 INFO    done
2026-09-25 20:10:54,305 ERROR   [1001] worker crashed: Cannot send a request, as the client has been closed.
Traceback (most recent call last):
  File "/home/wanjohi/Code/Web/phillips-bot/app/Scripts/snipe.py", line 606, in vehicle_worker
    monitor.run_until(endgame_start, interval_s=cfg.monitor_interval_s)
    ~~~~~~~~~~~~~~~~~^^^^^^^^^^^^^^^^^^^^^^^^^^^^^^^^^^^^^^^^^^^^^^^^^^
  File "/home/wanjohi/Code/Web/phillips-bot/app/Scripts/snipe.py", line 381, in run_until
    self.poll_once()
    ~~~~~~~~~~~~~~^^
  File "/home/wanjohi/Code/Web/phillips-bot/app/Scripts/snipe.py", line 367, in poll_once
    price = self.client.read_price(self.vehicle.product_id)
  File "/home/wanjohi/Code/Web/phillips-bot/app/Scripts/snipe.py", line 323, in read_price
    data = self.read_store(product_id)
  File "/home/wanjohi/Code/Web/phillips-bot/app/Scripts/snipe.py", line 307, in read_store
    r = self.http.get(f"/wp-json/wc/store/v1/products/{product_id}")
  File "/home/wanjohi/Code/Web/phillips-bot/.venv/lib/python3.14/site-packages/httpx/_client.py", line 1053, in get
    return self.request(
           ~~~~~~~~~~~~^
        "GET",
        ^^^^^^
    ...<7 lines>...
        extensions=extensions,
        ^^^^^^^^^^^^^^^^^^^^^^
    )
    ^
  File "/home/wanjohi/Code/Web/phillips-bot/.venv/lib/python3.14/site-packages/httpx/_client.py", line 825, in request
    return self.send(request, auth=auth, follow_redirects=follow_redirects)
           ~~~~~~~~~^^^^^^^^^^^^^^^^^^^^^^^^^^^^^^^^^^^^^^^^^^^^^^^^^^^^^^^
  File "/home/wanjohi/Code/Web/phillips-bot/.venv/lib/python3.14/site-packages/httpx/_client.py", line 901, in send
    raise RuntimeError("Cannot send a request, as the client has been closed.")
RuntimeError: Cannot send a request, as the client has been closed.
2026-09-25 20:10:54,311 WARNING set_armed_status failed: Cannot operate on a closed database.
