2026-09-25 19:45:18,316 INFO    log file: logs/snipe-1003-1001-20260925-194518.log
2026-09-25 19:45:18,316 INFO    target: product=1003  slug=subaru-forester-2018  max=4,000,000
2026-09-25 19:45:18,316 INFO    target: product=1001  slug=toyota-hilux-2019  max=4,000,000
2026-09-25 19:45:18,408 INFO    HTTP Request: HEAD http://localhost:9000/ "HTTP/1.1 404 Not Found"
2026-09-25 19:45:18,411 INFO    clock offset: -0.405s  (rtt=9ms, samples=1)
2026-09-25 19:45:18,412 INFO    HTTP Request: HEAD http://localhost:9000/ "HTTP/1.1 404 Not Found"
2026-09-25 19:45:18,412 INFO    clock offset: -0.405s  (rtt=1ms, samples=2)
2026-09-25 19:45:18,413 INFO    [1003] starting  max=4,000,000
2026-09-25 19:45:18,413 INFO    [1001] starting  max=4,000,000
2026-09-25 19:45:18,414 INFO    HTTP Request: GET http://localhost:9000/product/subaru-forester-2018/ "HTTP/1.1 200 OK"
2026-09-25 19:45:18,415 INFO    HTTP Request: GET http://localhost:9000/product/toyota-hilux-2019/ "HTTP/1.1 200 OK"
2026-09-25 19:45:18,415 INFO    [1001] finish_time=1790354968  remaining=250s
2026-09-25 19:45:18,416 INFO    [1003] finish_time=1790354968  remaining=250s
2026-09-25 19:45:18,417 INFO    HTTP Request: GET http://localhost:9000/wp-json/wc/store/v1/products/1001 "HTTP/1.1 200 OK"
2026-09-25 19:45:18,418 INFO    HTTP Request: GET http://localhost:9000/wp-json/wc/store/v1/products/1003 "HTTP/1.1 200 OK"
2026-09-25 19:45:18,418 INFO    [1003] initial state=Bid now
2026-09-25 19:45:18,418 INFO    [1001] initial state=Bid now
2026-09-25 19:45:18,420 INFO    HTTP Request: GET http://localhost:9000/wp-json/wc/store/v1/products/1003 "HTTP/1.1 200 OK"
2026-09-25 19:45:18,420 INFO    HTTP Request: GET http://localhost:9000/wp-json/wc/store/v1/products/1001 "HTTP/1.1 200 OK"
2026-09-25 19:45:18,420 INFO    [1001] initial price=1,440,000
2026-09-25 19:45:18,420 INFO    [1001] monitoring until T-120s...
2026-09-25 19:45:18,421 INFO    [1003] initial price=2,240,000
2026-09-25 19:45:18,421 INFO    [1003] monitoring until T-120s...
2026-09-25 19:45:18,422 INFO    HTTP Request: GET http://localhost:9000/wp-json/wc/store/v1/products/1001 "HTTP/1.1 200 OK"
2026-09-25 19:45:18,423 INFO    HTTP Request: GET http://localhost:9000/wp-json/wc/store/v1/products/1003 "HTTP/1.1 200 OK"
2026-09-25 19:45:18,425 INFO    HTTP Request: GET http://localhost:9000/wp-json/wc/store/v1/products/1001 "HTTP/1.1 200 OK"
2026-09-25 19:45:18,425 INFO    HTTP Request: GET http://localhost:9000/wp-json/wc/store/v1/products/1003 "HTTP/1.1 200 OK"
2026-09-25 19:45:18,426 INFO    [1003] tick   1  price=2,240,000  state=Bid now
2026-09-25 19:45:18,426 INFO    [1001] tick   1  price=1,440,000  state=Bid now
2026-09-25 19:45:37,959 INFO    HTTP Request: GET http://localhost:9000/wp-json/wc/store/v1/products/1003 "HTTP/1.1 200 OK"
2026-09-25 19:45:37,964 INFO    HTTP Request: GET http://localhost:9000/wp-json/wc/store/v1/products/1003 "HTTP/1.1 200 OK"
2026-09-25 19:45:37,965 INFO    [1003] tick   2  price=2,255,000  state=Bid now
2026-09-25 19:45:39,813 INFO    HTTP Request: GET http://localhost:9000/wp-json/wc/store/v1/products/1001 "HTTP/1.1 200 OK"
2026-09-25 19:45:39,818 INFO    HTTP Request: GET http://localhost:9000/wp-json/wc/store/v1/products/1001 "HTTP/1.1 200 OK"
2026-09-25 19:45:39,820 INFO    [1001] tick   2  price=1,485,000  state=Bid now
2026-09-25 19:45:56,648 INFO    HTTP Request: GET http://localhost:9000/wp-json/wc/store/v1/products/1003 "HTTP/1.1 200 OK"
2026-09-25 19:45:56,653 INFO    HTTP Request: GET http://localhost:9000/wp-json/wc/store/v1/products/1003 "HTTP/1.1 200 OK"
2026-09-25 19:45:56,654 INFO    [1003] tick   3  price=2,270,000  state=Bid now
2026-09-25 19:46:02,353 INFO    HTTP Request: GET http://localhost:9000/wp-json/wc/store/v1/products/1001 "HTTP/1.1 200 OK"
2026-09-25 19:46:02,358 INFO    HTTP Request: GET http://localhost:9000/wp-json/wc/store/v1/products/1001 "HTTP/1.1 200 OK"
2026-09-25 19:46:02,359 INFO    [1001] tick   3  price=1,500,000  state=Bid now
2026-09-25 19:46:16,430 INFO    HTTP Request: GET http://localhost:9000/wp-json/wc/store/v1/products/1003 "HTTP/1.1 200 OK"
2026-09-25 19:46:16,435 INFO    HTTP Request: GET http://localhost:9000/wp-json/wc/store/v1/products/1003 "HTTP/1.1 200 OK"
2026-09-25 19:46:16,437 INFO    [1003] tick   4  price=2,300,000  state=Bid now
2026-09-25 19:46:24,356 INFO    HTTP Request: GET http://localhost:9000/wp-json/wc/store/v1/products/1001 "HTTP/1.1 200 OK"
2026-09-25 19:46:24,362 INFO    HTTP Request: GET http://localhost:9000/wp-json/wc/store/v1/products/1001 "HTTP/1.1 200 OK"
2026-09-25 19:46:24,364 INFO    [1001] tick   4  price=1,515,000  state=Bid now
2026-09-25 19:46:37,206 INFO    HTTP Request: GET http://localhost:9000/wp-json/wc/store/v1/products/1003 "HTTP/1.1 200 OK"
2026-09-25 19:46:37,216 INFO    HTTP Request: GET http://localhost:9000/wp-json/wc/store/v1/products/1003 "HTTP/1.1 200 OK"
2026-09-25 19:46:37,218 INFO    [1003] tick   5  price=2,360,000  state=Bid now
2026-09-25 19:46:44,318 INFO    HTTP Request: GET http://localhost:9000/wp-json/wc/store/v1/products/1001 "HTTP/1.1 200 OK"
2026-09-25 19:46:44,323 INFO    HTTP Request: GET http://localhost:9000/wp-json/wc/store/v1/products/1001 "HTTP/1.1 200 OK"
2026-09-25 19:46:44,324 INFO    [1001] tick   5  price=1,520,000  state=Bid now
2026-09-25 19:46:57,095 INFO    HTTP Request: GET http://localhost:9000/wp-json/wc/store/v1/products/1003 "HTTP/1.1 200 OK"
2026-09-25 19:46:57,101 INFO    HTTP Request: GET http://localhost:9000/wp-json/wc/store/v1/products/1003 "HTTP/1.1 200 OK"
2026-09-25 19:46:57,103 INFO    [1003] tick   6  price=2,367,500  state=Bid now
2026-09-25 19:47:08,116 INFO    HTTP Request: GET http://localhost:9000/wp-json/wc/store/v1/products/1001 "HTTP/1.1 200 OK"
2026-09-25 19:47:08,122 INFO    HTTP Request: GET http://localhost:9000/wp-json/wc/store/v1/products/1001 "HTTP/1.1 200 OK"
2026-09-25 19:47:08,124 INFO    [1001] tick   6  price=1,540,000  state=Bid now
2026-09-25 19:47:18,665 INFO    HTTP Request: GET http://localhost:9000/wp-json/wc/store/v1/products/1003 "HTTP/1.1 200 OK"
2026-09-25 19:47:18,671 INFO    HTTP Request: GET http://localhost:9000/wp-json/wc/store/v1/products/1003 "HTTP/1.1 200 OK"
2026-09-25 19:47:18,672 INFO    [1003] tick   7  price=2,420,000  state=Bid now
2026-09-25 19:47:26,362 INFO    HTTP Request: GET http://localhost:9000/wp-json/wc/store/v1/products/1001 "HTTP/1.1 200 OK"
2026-09-25 19:47:26,369 INFO    HTTP Request: GET http://localhost:9000/wp-json/wc/store/v1/products/1001 "HTTP/1.1 200 OK"
2026-09-25 19:47:26,372 INFO    [1001] tick   7  price=1,540,000  state=Bid now
2026-09-25 19:47:28,411 INFO    HTTP Request: HEAD http://localhost:9000/ "HTTP/1.1 404 Not Found"
2026-09-25 19:47:28,412 INFO    clock offset: -0.409s  (rtt=7ms, samples=3)
2026-09-25 19:47:28,413 INFO    HTTP Request: HEAD http://localhost:9000/ "HTTP/1.1 404 Not Found"
2026-09-25 19:47:28,414 INFO    [1003] === endgame begins ===
2026-09-25 19:47:28,416 INFO    clock offset: -0.409s  (rtt=10ms, samples=4)
2026-09-25 19:47:28,417 INFO    [1001] === endgame begins ===
2026-09-25 19:47:28,421 INFO    HTTP Request: GET http://localhost:9000/wp-json/wc/store/v1/products/1003 "HTTP/1.1 200 OK"
2026-09-25 19:47:28,423 INFO    HTTP Request: GET http://localhost:9000/wp-json/wc/store/v1/products/1001 "HTTP/1.1 200 OK"
2026-09-25 19:47:28,435 INFO    HTTP Request: GET http://localhost:9000/wp-json/wc/store/v1/products/1003 "HTTP/1.1 200 OK"
2026-09-25 19:47:28,436 INFO    HTTP Request: GET http://localhost:9000/wp-json/wc/store/v1/products/1001 "HTTP/1.1 200 OK"
2026-09-25 19:47:28,437 INFO    [1001] price 1,580,000 (state=Bid now, my_last=—, bids=0)
2026-09-25 19:47:28,436 INFO    [1003] price 2,487,500 (state=Bid now, my_last=—, bids=0)
2026-09-25 19:47:28,441 INFO    HTTP Request: POST http://localhost:9000/wp-admin/admin-ajax "HTTP/1.1 200 OK"
2026-09-25 19:47:28,444 INFO    HTTP Request: POST http://localhost:9000/wp-admin/admin-ajax "HTTP/1.1 200 OK"
2026-09-25 19:47:28,446 INFO    [1001] fire 1,585,000 → success=True data={}
2026-09-25 19:47:28,449 INFO    [1003] fire 2,492,500 → success=True data={}
2026-09-25 19:47:32,314 INFO    HTTP Request: GET http://localhost:9000/wp-json/wc/store/v1/products/1003 "HTTP/1.1 200 OK"
2026-09-25 19:47:32,321 INFO    HTTP Request: GET http://localhost:9000/wp-json/wc/store/v1/products/1003 "HTTP/1.1 200 OK"
2026-09-25 19:47:32,322 INFO    [1003] price 2,492,500 (state=Bid now, my_last=2,492,500, bids=1)
2026-09-25 19:47:32,329 INFO    HTTP Request: POST http://localhost:9000/wp-admin/admin-ajax "HTTP/1.1 200 OK"
2026-09-25 19:47:32,331 INFO    [1003] fire 2,497,500 → success=True data={}
2026-09-25 19:47:32,982 INFO    HTTP Request: GET http://localhost:9000/wp-json/wc/store/v1/products/1001 "HTTP/1.1 200 OK"
2026-09-25 19:47:32,990 INFO    HTTP Request: GET http://localhost:9000/wp-json/wc/store/v1/products/1001 "HTTP/1.1 200 OK"
2026-09-25 19:47:32,992 INFO    [1001] price 1,585,000 (state=Bid now, my_last=1,585,000, bids=1)
2026-09-25 19:47:32,998 INFO    HTTP Request: POST http://localhost:9000/wp-admin/admin-ajax "HTTP/1.1 200 OK"
2026-09-25 19:47:33,000 INFO    [1001] fire 1,590,000 → success=True data={}
2026-09-25 19:47:37,015 INFO    HTTP Request: GET http://localhost:9000/wp-json/wc/store/v1/products/1001 "HTTP/1.1 200 OK"
2026-09-25 19:47:37,017 INFO    HTTP Request: GET http://localhost:9000/wp-json/wc/store/v1/products/1003 "HTTP/1.1 200 OK"
2026-09-25 19:47:37,026 INFO    HTTP Request: GET http://localhost:9000/wp-json/wc/store/v1/products/1003 "HTTP/1.1 200 OK"
2026-09-25 19:47:37,029 INFO    HTTP Request: GET http://localhost:9000/wp-json/wc/store/v1/products/1001 "HTTP/1.1 200 OK"
2026-09-25 19:47:37,030 INFO    [1003] price 2,497,500 (state=Bid now, my_last=2,497,500, bids=2)
2026-09-25 19:47:37,031 INFO    [1001] price 1,590,000 (state=Bid now, my_last=1,590,000, bids=2)
2026-09-25 19:47:37,040 INFO    HTTP Request: POST http://localhost:9000/wp-admin/admin-ajax "HTTP/1.1 200 OK"
2026-09-25 19:47:37,044 INFO    [1003] fire 2,502,500 → success=True data={}
2026-09-25 19:47:37,041 INFO    HTTP Request: POST http://localhost:9000/wp-admin/admin-ajax "HTTP/1.1 200 OK"
2026-09-25 19:47:37,046 INFO    [1001] fire 1,595,000 → success=True data={}
2026-09-25 19:47:40,702 INFO    HTTP Request: GET http://localhost:9000/wp-json/wc/store/v1/products/1003 "HTTP/1.1 200 OK"
2026-09-25 19:47:40,708 INFO    HTTP Request: GET http://localhost:9000/wp-json/wc/store/v1/products/1003 "HTTP/1.1 200 OK"
2026-09-25 19:47:40,710 INFO    [1003] price 2,502,500 (state=Bid now, my_last=2,502,500, bids=3)
2026-09-25 19:47:40,716 INFO    HTTP Request: POST http://localhost:9000/wp-admin/admin-ajax "HTTP/1.1 200 OK"
2026-09-25 19:47:40,718 INFO    [1003] fire 2,507,500 → success=True data={}
2026-09-25 19:47:41,322 INFO    HTTP Request: GET http://localhost:9000/wp-json/wc/store/v1/products/1001 "HTTP/1.1 200 OK"
2026-09-25 19:47:41,327 INFO    HTTP Request: GET http://localhost:9000/wp-json/wc/store/v1/products/1001 "HTTP/1.1 200 OK"
2026-09-25 19:47:41,327 INFO    [1001] price 1,595,000 (state=Bid now, my_last=1,595,000, bids=3)
2026-09-25 19:47:41,329 INFO    HTTP Request: POST http://localhost:9000/wp-admin/admin-ajax "HTTP/1.1 200 OK"
2026-09-25 19:47:41,330 INFO    [1001] fire 1,600,000 → success=True data={}
2026-09-25 19:47:45,277 INFO    HTTP Request: GET http://localhost:9000/wp-json/wc/store/v1/products/1001 "HTTP/1.1 200 OK"
2026-09-25 19:47:45,280 INFO    HTTP Request: GET http://localhost:9000/wp-json/wc/store/v1/products/1001 "HTTP/1.1 200 OK"
2026-09-25 19:47:45,281 INFO    [1001] price 1,600,000 (state=Bid now, my_last=1,600,000, bids=4)
2026-09-25 19:47:45,284 INFO    HTTP Request: POST http://localhost:9000/wp-admin/admin-ajax "HTTP/1.1 200 OK"
2026-09-25 19:47:45,285 INFO    [1001] fire 1,605,000 → success=True data={}
2026-09-25 19:47:45,352 INFO    HTTP Request: GET http://localhost:9000/wp-json/wc/store/v1/products/1003 "HTTP/1.1 200 OK"
2026-09-25 19:47:45,356 INFO    HTTP Request: GET http://localhost:9000/wp-json/wc/store/v1/products/1003 "HTTP/1.1 200 OK"
2026-09-25 19:47:45,358 INFO    [1003] price 2,507,500 (state=Bid now, my_last=2,507,500, bids=4)
2026-09-25 19:47:45,363 INFO    HTTP Request: POST http://localhost:9000/wp-admin/admin-ajax "HTTP/1.1 200 OK"
2026-09-25 19:47:45,365 INFO    [1003] fire 2,512,500 → success=True data={}
2026-09-25 19:47:48,719 INFO    HTTP Request: GET http://localhost:9000/wp-json/wc/store/v1/products/1001 "HTTP/1.1 200 OK"
2026-09-25 19:47:48,725 INFO    HTTP Request: GET http://localhost:9000/wp-json/wc/store/v1/products/1001 "HTTP/1.1 200 OK"
2026-09-25 19:47:48,727 INFO    [1001] price 1,605,000 (state=Bid now, my_last=1,605,000, bids=5)
2026-09-25 19:47:48,733 INFO    HTTP Request: POST http://localhost:9000/wp-admin/admin-ajax "HTTP/1.1 200 OK"
2026-09-25 19:47:48,735 INFO    [1001] fire 1,610,000 → success=True data={}
2026-09-25 19:47:48,813 INFO    HTTP Request: GET http://localhost:9000/wp-json/wc/store/v1/products/1003 "HTTP/1.1 200 OK"
2026-09-25 19:47:48,821 INFO    HTTP Request: GET http://localhost:9000/wp-json/wc/store/v1/products/1003 "HTTP/1.1 200 OK"
2026-09-25 19:47:48,823 INFO    [1003] price 2,512,500 (state=Bid now, my_last=2,512,500, bids=5)
2026-09-25 19:47:48,832 INFO    HTTP Request: POST http://localhost:9000/wp-admin/admin-ajax "HTTP/1.1 200 OK"
2026-09-25 19:47:48,834 INFO    [1003] fire 2,517,500 → success=True data={}
2026-09-25 19:47:52,720 INFO    HTTP Request: GET http://localhost:9000/wp-json/wc/store/v1/products/1003 "HTTP/1.1 200 OK"
2026-09-25 19:47:52,726 INFO    HTTP Request: GET http://localhost:9000/wp-json/wc/store/v1/products/1003 "HTTP/1.1 200 OK"
2026-09-25 19:47:52,728 INFO    [1003] price 2,517,500 (state=Bid now, my_last=2,517,500, bids=6)
2026-09-25 19:47:52,735 INFO    HTTP Request: POST http://localhost:9000/wp-admin/admin-ajax "HTTP/1.1 200 OK"
2026-09-25 19:47:52,737 INFO    [1003] fire 2,522,500 → success=True data={}
2026-09-25 19:47:52,994 INFO    HTTP Request: GET http://localhost:9000/wp-json/wc/store/v1/products/1001 "HTTP/1.1 200 OK"
2026-09-25 19:47:53,000 INFO    HTTP Request: GET http://localhost:9000/wp-json/wc/store/v1/products/1001 "HTTP/1.1 200 OK"
2026-09-25 19:47:53,001 INFO    [1001] price 1,610,000 (state=Bid now, my_last=1,610,000, bids=6)
2026-09-25 19:47:53,007 INFO    HTTP Request: POST http://localhost:9000/wp-admin/admin-ajax "HTTP/1.1 200 OK"
2026-09-25 19:47:53,008 INFO    [1001] fire 1,615,000 → success=True data={}
2026-09-25 19:47:57,015 INFO    HTTP Request: GET http://localhost:9000/wp-json/wc/store/v1/products/1003 "HTTP/1.1 200 OK"
2026-09-25 19:47:57,022 INFO    HTTP Request: GET http://localhost:9000/wp-json/wc/store/v1/products/1003 "HTTP/1.1 200 OK"
2026-09-25 19:47:57,023 INFO    [1003] price 2,522,500 (state=Bid now, my_last=2,522,500, bids=7)
2026-09-25 19:47:57,030 INFO    HTTP Request: POST http://localhost:9000/wp-admin/admin-ajax "HTTP/1.1 200 OK"
2026-09-25 19:47:57,032 INFO    [1003] fire 2,527,500 → success=True data={}
2026-09-25 19:47:57,284 INFO    HTTP Request: GET http://localhost:9000/wp-json/wc/store/v1/products/1001 "HTTP/1.1 200 OK"
2026-09-25 19:47:57,291 INFO    HTTP Request: GET http://localhost:9000/wp-json/wc/store/v1/products/1001 "HTTP/1.1 200 OK"
2026-09-25 19:47:57,293 INFO    [1001] price 1,615,000 (state=Bid now, my_last=1,615,000, bids=7)
2026-09-25 19:47:57,300 INFO    HTTP Request: POST http://localhost:9000/wp-admin/admin-ajax "HTTP/1.1 200 OK"
2026-09-25 19:47:57,302 INFO    [1001] fire 1,620,000 → success=True data={}
2026-09-25 19:48:01,345 INFO    HTTP Request: GET http://localhost:9000/wp-json/wc/store/v1/products/1003 "HTTP/1.1 200 OK"
2026-09-25 19:48:01,348 INFO    HTTP Request: GET http://localhost:9000/wp-json/wc/store/v1/products/1003 "HTTP/1.1 200 OK"
2026-09-25 19:48:01,395 INFO    [1003] price 2,527,500 (state=Bid now, my_last=2,527,500, bids=8)
2026-09-25 19:48:01,397 INFO    HTTP Request: POST http://localhost:9000/wp-admin/admin-ajax "HTTP/1.1 200 OK"
2026-09-25 19:48:01,397 INFO    [1003] fire 2,532,500 → success=True data={}
2026-09-25 19:48:01,704 INFO    HTTP Request: GET http://localhost:9000/wp-json/wc/store/v1/products/1001 "HTTP/1.1 200 OK"
2026-09-25 19:48:01,707 INFO    HTTP Request: GET http://localhost:9000/wp-json/wc/store/v1/products/1001 "HTTP/1.1 200 OK"
2026-09-25 19:48:01,707 INFO    [1001] price 1,620,000 (state=Bid now, my_last=1,620,000, bids=8)
2026-09-25 19:48:01,710 INFO    HTTP Request: POST http://localhost:9000/wp-admin/admin-ajax "HTTP/1.1 200 OK"
2026-09-25 19:48:01,711 INFO    [1001] fire 1,625,000 → success=True data={}
2026-09-25 19:48:05,439 INFO    HTTP Request: GET http://localhost:9000/wp-json/wc/store/v1/products/1003 "HTTP/1.1 200 OK"
2026-09-25 19:48:05,446 INFO    HTTP Request: GET http://localhost:9000/wp-json/wc/store/v1/products/1003 "HTTP/1.1 200 OK"
2026-09-25 19:48:05,447 INFO    [1003] price 2,532,500 (state=Bid now, my_last=2,532,500, bids=9)
2026-09-25 19:48:05,452 INFO    HTTP Request: POST http://localhost:9000/wp-admin/admin-ajax "HTTP/1.1 200 OK"
2026-09-25 19:48:05,453 INFO    [1003] fire 2,537,500 → success=True data={}
2026-09-25 19:48:05,651 INFO    HTTP Request: GET http://localhost:9000/wp-json/wc/store/v1/products/1001 "HTTP/1.1 200 OK"
2026-09-25 19:48:05,658 INFO    HTTP Request: GET http://localhost:9000/wp-json/wc/store/v1/products/1001 "HTTP/1.1 200 OK"
2026-09-25 19:48:05,659 INFO    [1001] price 1,625,000 (state=Bid now, my_last=1,625,000, bids=9)
2026-09-25 19:48:05,667 INFO    HTTP Request: POST http://localhost:9000/wp-admin/admin-ajax "HTTP/1.1 200 OK"
2026-09-25 19:48:05,668 INFO    [1001] fire 1,630,000 → success=True data={}
2026-09-25 19:48:08,842 INFO    HTTP Request: GET http://localhost:9000/wp-json/wc/store/v1/products/1003 "HTTP/1.1 200 OK"
2026-09-25 19:48:08,844 INFO    HTTP Request: GET http://localhost:9000/wp-json/wc/store/v1/products/1003 "HTTP/1.1 200 OK"
2026-09-25 19:48:08,845 INFO    [1003] price 2,585,000 (state=Bid now, my_last=2,537,500, bids=10)
2026-09-25 19:48:08,847 INFO    HTTP Request: POST http://localhost:9000/wp-admin/admin-ajax "HTTP/1.1 200 OK"
2026-09-25 19:48:08,848 INFO    [1003] fire 2,590,000 → success=True data={}
2026-09-25 19:48:09,582 INFO    HTTP Request: GET http://localhost:9000/wp-json/wc/store/v1/products/1001 "HTTP/1.1 200 OK"
2026-09-25 19:48:09,590 INFO    HTTP Request: GET http://localhost:9000/wp-json/wc/store/v1/products/1001 "HTTP/1.1 200 OK"
2026-09-25 19:48:09,591 INFO    [1001] price 1,630,000 (state=Bid now, my_last=1,630,000, bids=10)
2026-09-25 19:48:09,598 INFO    HTTP Request: POST http://localhost:9000/wp-admin/admin-ajax "HTTP/1.1 200 OK"
2026-09-25 19:48:09,600 INFO    [1001] fire 1,635,000 → success=True data={}
2026-09-25 19:48:13,013 INFO    HTTP Request: GET http://localhost:9000/wp-json/wc/store/v1/products/1003 "HTTP/1.1 200 OK"
2026-09-25 19:48:13,016 INFO    HTTP Request: GET http://localhost:9000/wp-json/wc/store/v1/products/1003 "HTTP/1.1 200 OK"
2026-09-25 19:48:13,016 INFO    [1003] price 2,590,000 (state=Bid now, my_last=2,590,000, bids=11)
2026-09-25 19:48:13,019 INFO    HTTP Request: POST http://localhost:9000/wp-admin/admin-ajax "HTTP/1.1 200 OK"
2026-09-25 19:48:13,019 INFO    [1003] fire 2,595,000 → success=True data={}
2026-09-25 19:48:14,342 INFO    HTTP Request: GET http://localhost:9000/wp-json/wc/store/v1/products/1001 "HTTP/1.1 200 OK"
2026-09-25 19:48:14,347 INFO    HTTP Request: GET http://localhost:9000/wp-json/wc/store/v1/products/1001 "HTTP/1.1 200 OK"
2026-09-25 19:48:14,350 INFO    [1001] price 1,635,000 (state=Bid now, my_last=1,635,000, bids=11)
2026-09-25 19:48:14,356 INFO    HTTP Request: POST http://localhost:9000/wp-admin/admin-ajax "HTTP/1.1 200 OK"
2026-09-25 19:48:14,357 INFO    [1001] fire 1,640,000 → success=True data={}
2026-09-25 19:48:17,352 INFO    HTTP Request: GET http://localhost:9000/wp-json/wc/store/v1/products/1003 "HTTP/1.1 200 OK"
2026-09-25 19:48:17,354 INFO    HTTP Request: GET http://localhost:9000/wp-json/wc/store/v1/products/1003 "HTTP/1.1 200 OK"
2026-09-25 19:48:17,355 INFO    [1003] price 2,595,000 (state=Bid now, my_last=2,595,000, bids=12)
2026-09-25 19:48:17,357 INFO    HTTP Request: POST http://localhost:9000/wp-admin/admin-ajax "HTTP/1.1 200 OK"
2026-09-25 19:48:17,358 INFO    [1003] fire 2,600,000 → success=True data={}
2026-09-25 19:48:17,632 INFO    HTTP Request: GET http://localhost:9000/wp-json/wc/store/v1/products/1001 "HTTP/1.1 200 OK"
2026-09-25 19:48:17,638 INFO    HTTP Request: GET http://localhost:9000/wp-json/wc/store/v1/products/1001 "HTTP/1.1 200 OK"
2026-09-25 19:48:17,640 INFO    [1001] price 1,640,000 (state=Bid now, my_last=1,640,000, bids=12)
2026-09-25 19:48:17,646 INFO    HTTP Request: POST http://localhost:9000/wp-admin/admin-ajax "HTTP/1.1 200 OK"
2026-09-25 19:48:17,647 INFO    [1001] fire 1,645,000 → success=True data={}
2026-09-25 19:48:21,039 INFO    HTTP Request: GET http://localhost:9000/wp-json/wc/store/v1/products/1003 "HTTP/1.1 200 OK"
2026-09-25 19:48:21,045 INFO    HTTP Request: GET http://localhost:9000/wp-json/wc/store/v1/products/1003 "HTTP/1.1 200 OK"
2026-09-25 19:48:21,047 INFO    [1003] price 2,600,000 (state=Bid now, my_last=2,600,000, bids=13)
2026-09-25 19:48:21,053 INFO    HTTP Request: POST http://localhost:9000/wp-admin/admin-ajax "HTTP/1.1 200 OK"
2026-09-25 19:48:21,054 INFO    [1003] fire 2,605,000 → success=True data={}
2026-09-25 19:48:21,661 INFO    HTTP Request: GET http://localhost:9000/wp-json/wc/store/v1/products/1001 "HTTP/1.1 200 OK"
2026-09-25 19:48:21,668 INFO    HTTP Request: GET http://localhost:9000/wp-json/wc/store/v1/products/1001 "HTTP/1.1 200 OK"
2026-09-25 19:48:21,670 INFO    [1001] price 1,645,000 (state=Bid now, my_last=1,645,000, bids=13)
2026-09-25 19:48:21,674 INFO    HTTP Request: POST http://localhost:9000/wp-admin/admin-ajax "HTTP/1.1 200 OK"
2026-09-25 19:48:21,675 INFO    [1001] fire 1,650,000 → success=True data={}
2026-09-25 19:48:25,167 INFO    HTTP Request: GET http://localhost:9000/wp-json/wc/store/v1/products/1003 "HTTP/1.1 200 OK"
2026-09-25 19:48:25,186 INFO    HTTP Request: GET http://localhost:9000/wp-json/wc/store/v1/products/1003 "HTTP/1.1 200 OK"
2026-09-25 19:48:25,190 INFO    [1003] price 2,605,000 (state=Bid now, my_last=2,605,000, bids=14)
2026-09-25 19:48:25,213 INFO    HTTP Request: POST http://localhost:9000/wp-admin/admin-ajax "HTTP/1.1 200 OK"
2026-09-25 19:48:25,219 INFO    [1003] fire 2,610,000 → success=True data={}
2026-09-25 19:48:26,241 INFO    HTTP Request: GET http://localhost:9000/wp-json/wc/store/v1/products/1001 "HTTP/1.1 200 OK"
2026-09-25 19:48:26,244 INFO    HTTP Request: GET http://localhost:9000/wp-json/wc/store/v1/products/1001 "HTTP/1.1 200 OK"
2026-09-25 19:48:26,244 INFO    [1001] price 1,650,000 (state=Bid now, my_last=1,650,000, bids=14)
2026-09-25 19:48:26,247 INFO    HTTP Request: POST http://localhost:9000/wp-admin/admin-ajax "HTTP/1.1 200 OK"
2026-09-25 19:48:26,248 INFO    [1001] fire 1,655,000 → success=True data={}
2026-09-25 19:48:29,520 INFO    HTTP Request: GET http://localhost:9000/wp-json/wc/store/v1/products/1003 "HTTP/1.1 200 OK"
2026-09-25 19:48:29,526 INFO    HTTP Request: GET http://localhost:9000/wp-json/wc/store/v1/products/1003 "HTTP/1.1 200 OK"
2026-09-25 19:48:29,527 INFO    [1003] price 2,645,000 (state=Bid now, my_last=2,610,000, bids=15)
2026-09-25 19:48:29,535 INFO    HTTP Request: POST http://localhost:9000/wp-admin/admin-ajax "HTTP/1.1 200 OK"
2026-09-25 19:48:29,537 INFO    [1003] fire 2,650,000 → success=True data={}
2026-09-25 19:48:30,491 INFO    HTTP Request: GET http://localhost:9000/wp-json/wc/store/v1/products/1001 "HTTP/1.1 200 OK"
2026-09-25 19:48:30,496 INFO    HTTP Request: GET http://localhost:9000/wp-json/wc/store/v1/products/1001 "HTTP/1.1 200 OK"
2026-09-25 19:48:30,498 INFO    [1001] price 1,655,000 (state=Bid now, my_last=1,655,000, bids=15)
2026-09-25 19:48:30,503 INFO    HTTP Request: POST http://localhost:9000/wp-admin/admin-ajax "HTTP/1.1 200 OK"
2026-09-25 19:48:30,504 INFO    [1001] fire 1,660,000 → success=True data={}
2026-09-25 19:48:31,169 INFO    HTTP Request: GET http://localhost:9000/wp-json/wc/store/v1/products/1003 "HTTP/1.1 200 OK"
2026-09-25 19:48:31,178 INFO    HTTP Request: GET http://localhost:9000/wp-json/wc/store/v1/products/1003 "HTTP/1.1 200 OK"
2026-09-25 19:48:31,181 INFO    [1003] price 2,650,000 (state=Bid now, my_last=2,650,000, bids=16)
2026-09-25 19:48:31,189 INFO    HTTP Request: POST http://localhost:9000/wp-admin/admin-ajax "HTTP/1.1 200 OK"
2026-09-25 19:48:31,192 INFO    [1003] fire 2,655,000 → success=True data={}
2026-09-25 19:48:32,469 INFO    HTTP Request: GET http://localhost:9000/wp-json/wc/store/v1/products/1001 "HTTP/1.1 200 OK"
2026-09-25 19:48:32,478 INFO    HTTP Request: GET http://localhost:9000/wp-json/wc/store/v1/products/1001 "HTTP/1.1 200 OK"
2026-09-25 19:48:32,479 INFO    [1001] price 1,660,000 (state=Bid now, my_last=1,660,000, bids=16)
2026-09-25 19:48:32,485 INFO    HTTP Request: POST http://localhost:9000/wp-admin/admin-ajax "HTTP/1.1 200 OK"
2026-09-25 19:48:32,486 INFO    [1001] fire 1,665,000 → success=True data={}
2026-09-25 19:48:33,459 INFO    HTTP Request: GET http://localhost:9000/wp-json/wc/store/v1/products/1003 "HTTP/1.1 200 OK"
2026-09-25 19:48:33,465 INFO    HTTP Request: GET http://localhost:9000/wp-json/wc/store/v1/products/1003 "HTTP/1.1 200 OK"
2026-09-25 19:48:33,467 INFO    [1003] price 2,655,000 (state=Bid now, my_last=2,655,000, bids=17)
2026-09-25 19:48:33,474 INFO    HTTP Request: POST http://localhost:9000/wp-admin/admin-ajax "HTTP/1.1 200 OK"
2026-09-25 19:48:33,475 INFO    [1003] fire 2,660,000 → success=True data={}
2026-09-25 19:48:34,828 INFO    HTTP Request: GET http://localhost:9000/wp-json/wc/store/v1/products/1001 "HTTP/1.1 200 OK"
2026-09-25 19:48:34,835 INFO    HTTP Request: GET http://localhost:9000/wp-json/wc/store/v1/products/1001 "HTTP/1.1 200 OK"
2026-09-25 19:48:34,836 INFO    [1001] price 1,665,000 (state=Bid now, my_last=1,665,000, bids=17)
2026-09-25 19:48:34,842 INFO    HTTP Request: POST http://localhost:9000/wp-admin/admin-ajax "HTTP/1.1 200 OK"
2026-09-25 19:48:34,844 INFO    [1001] fire 1,670,000 → success=True data={}
2026-09-25 19:48:35,087 INFO    HTTP Request: GET http://localhost:9000/wp-json/wc/store/v1/products/1003 "HTTP/1.1 200 OK"
2026-09-25 19:48:35,089 INFO    HTTP Request: GET http://localhost:9000/wp-json/wc/store/v1/products/1003 "HTTP/1.1 200 OK"
2026-09-25 19:48:35,089 INFO    [1003] price 2,660,000 (state=Bid now, my_last=2,660,000, bids=18)
2026-09-25 19:48:35,091 INFO    HTTP Request: POST http://localhost:9000/wp-admin/admin-ajax "HTTP/1.1 200 OK"
2026-09-25 19:48:35,092 INFO    [1003] fire 2,665,000 → success=True data={}
2026-09-25 19:48:36,674 INFO    HTTP Request: GET http://localhost:9000/wp-json/wc/store/v1/products/1001 "HTTP/1.1 200 OK"
2026-09-25 19:48:36,681 INFO    HTTP Request: GET http://localhost:9000/wp-json/wc/store/v1/products/1001 "HTTP/1.1 200 OK"
2026-09-25 19:48:36,682 INFO    [1001] price 1,670,000 (state=Bid now, my_last=1,670,000, bids=18)
2026-09-25 19:48:36,689 INFO    HTTP Request: POST http://localhost:9000/wp-admin/admin-ajax "HTTP/1.1 200 OK"
2026-09-25 19:48:36,690 INFO    [1001] fire 1,675,000 → success=True data={}
2026-09-25 19:48:37,350 INFO    HTTP Request: GET http://localhost:9000/wp-json/wc/store/v1/products/1003 "HTTP/1.1 200 OK"
2026-09-25 19:48:37,357 INFO    HTTP Request: GET http://localhost:9000/wp-json/wc/store/v1/products/1003 "HTTP/1.1 200 OK"
2026-09-25 19:48:37,359 INFO    [1003] price 2,665,000 (state=Bid now, my_last=2,665,000, bids=19)
2026-09-25 19:48:37,366 INFO    HTTP Request: POST http://localhost:9000/wp-admin/admin-ajax "HTTP/1.1 200 OK"
2026-09-25 19:48:37,367 INFO    [1003] fire 2,670,000 → success=True data={}
2026-09-25 19:48:38,691 INFO    HTTP Request: GET http://localhost:9000/wp-json/wc/store/v1/products/1001 "HTTP/1.1 200 OK"
2026-09-25 19:48:38,693 INFO    HTTP Request: GET http://localhost:9000/wp-json/wc/store/v1/products/1001 "HTTP/1.1 200 OK"
2026-09-25 19:48:38,694 INFO    [1001] price 1,675,000 (state=Bid now, my_last=1,675,000, bids=19)
2026-09-25 19:48:38,696 INFO    HTTP Request: POST http://localhost:9000/wp-admin/admin-ajax "HTTP/1.1 200 OK"
2026-09-25 19:48:38,698 INFO    [1001] fire 1,680,000 → success=True data={}
2026-09-25 19:48:39,626 INFO    HTTP Request: GET http://localhost:9000/wp-json/wc/store/v1/products/1003 "HTTP/1.1 200 OK"
2026-09-25 19:48:39,635 INFO    HTTP Request: GET http://localhost:9000/wp-json/wc/store/v1/products/1003 "HTTP/1.1 200 OK"
2026-09-25 19:48:39,638 INFO    [1003] price 2,670,000 (state=Bid now, my_last=2,670,000, bids=20)
2026-09-25 19:48:39,645 INFO    HTTP Request: POST http://localhost:9000/wp-admin/admin-ajax "HTTP/1.1 200 OK"
2026-09-25 19:48:39,646 INFO    [1003] fire 2,675,000 → success=True data={}
2026-09-25 19:48:40,896 INFO    HTTP Request: GET http://localhost:9000/wp-json/wc/store/v1/products/1001 "HTTP/1.1 200 OK"
2026-09-25 19:48:40,908 INFO    HTTP Request: GET http://localhost:9000/wp-json/wc/store/v1/products/1001 "HTTP/1.1 200 OK"
2026-09-25 19:48:40,909 INFO    [1001] price 1,680,000 (state=Bid now, my_last=1,680,000, bids=20)
2026-09-25 19:48:40,918 INFO    HTTP Request: POST http://localhost:9000/wp-admin/admin-ajax "HTTP/1.1 200 OK"
2026-09-25 19:48:40,920 INFO    [1001] fire 1,685,000 → success=True data={}
2026-09-25 19:48:41,625 INFO    HTTP Request: GET http://localhost:9000/wp-json/wc/store/v1/products/1003 "HTTP/1.1 200 OK"
2026-09-25 19:48:41,630 INFO    HTTP Request: GET http://localhost:9000/wp-json/wc/store/v1/products/1003 "HTTP/1.1 200 OK"
2026-09-25 19:48:41,631 INFO    [1003] price 2,675,000 (state=Bid now, my_last=2,675,000, bids=21)
2026-09-25 19:48:41,637 INFO    HTTP Request: POST http://localhost:9000/wp-admin/admin-ajax "HTTP/1.1 200 OK"
2026-09-25 19:48:41,637 INFO    [1003] fire 2,680,000 → success=True data={}
2026-09-25 19:48:42,782 INFO    HTTP Request: GET http://localhost:9000/wp-json/wc/store/v1/products/1001 "HTTP/1.1 200 OK"
2026-09-25 19:48:42,789 INFO    HTTP Request: GET http://localhost:9000/wp-json/wc/store/v1/products/1001 "HTTP/1.1 200 OK"
2026-09-25 19:48:42,790 INFO    [1001] price 1,685,000 (state=Bid now, my_last=1,685,000, bids=21)
2026-09-25 19:48:42,797 INFO    HTTP Request: POST http://localhost:9000/wp-admin/admin-ajax "HTTP/1.1 200 OK"
2026-09-25 19:48:42,799 INFO    [1001] fire 1,690,000 → success=True data={}
2026-09-25 19:48:43,611 INFO    HTTP Request: GET http://localhost:9000/wp-json/wc/store/v1/products/1003 "HTTP/1.1 200 OK"
2026-09-25 19:48:43,615 INFO    HTTP Request: GET http://localhost:9000/wp-json/wc/store/v1/products/1003 "HTTP/1.1 200 OK"
2026-09-25 19:48:43,616 INFO    [1003] price 2,680,000 (state=Bid now, my_last=2,680,000, bids=22)
2026-09-25 19:48:43,619 INFO    HTTP Request: POST http://localhost:9000/wp-admin/admin-ajax "HTTP/1.1 200 OK"
2026-09-25 19:48:43,619 INFO    [1003] fire 2,685,000 → success=True data={}
2026-09-25 19:48:45,019 INFO    HTTP Request: GET http://localhost:9000/wp-json/wc/store/v1/products/1001 "HTTP/1.1 200 OK"
2026-09-25 19:48:45,025 INFO    HTTP Request: GET http://localhost:9000/wp-json/wc/store/v1/products/1001 "HTTP/1.1 200 OK"
2026-09-25 19:48:45,026 INFO    [1001] price 1,690,000 (state=Bid now, my_last=1,690,000, bids=22)
2026-09-25 19:48:45,033 INFO    HTTP Request: POST http://localhost:9000/wp-admin/admin-ajax "HTTP/1.1 200 OK"
2026-09-25 19:48:45,035 INFO    [1001] fire 1,695,000 → success=True data={}
2026-09-25 19:48:45,669 INFO    HTTP Request: GET http://localhost:9000/wp-json/wc/store/v1/products/1003 "HTTP/1.1 200 OK"
2026-09-25 19:48:45,675 INFO    HTTP Request: GET http://localhost:9000/wp-json/wc/store/v1/products/1003 "HTTP/1.1 200 OK"
2026-09-25 19:48:45,676 INFO    [1003] price 2,685,000 (state=Bid now, my_last=2,685,000, bids=23)
2026-09-25 19:48:45,682 INFO    HTTP Request: POST http://localhost:9000/wp-admin/admin-ajax "HTTP/1.1 200 OK"
2026-09-25 19:48:45,683 INFO    [1003] fire 2,690,000 → success=True data={}
2026-09-25 19:48:47,291 INFO    HTTP Request: GET http://localhost:9000/wp-json/wc/store/v1/products/1001 "HTTP/1.1 200 OK"
2026-09-25 19:48:47,298 INFO    HTTP Request: GET http://localhost:9000/wp-json/wc/store/v1/products/1001 "HTTP/1.1 200 OK"
2026-09-25 19:48:47,300 INFO    [1001] price 1,695,000 (state=Bid now, my_last=1,695,000, bids=23)
2026-09-25 19:48:47,306 INFO    HTTP Request: POST http://localhost:9000/wp-admin/admin-ajax "HTTP/1.1 200 OK"
2026-09-25 19:48:47,308 INFO    [1001] fire 1,700,000 → success=True data={}
2026-09-25 19:48:47,331 INFO    HTTP Request: GET http://localhost:9000/wp-json/wc/store/v1/products/1003 "HTTP/1.1 200 OK"
2026-09-25 19:48:47,334 INFO    HTTP Request: GET http://localhost:9000/wp-json/wc/store/v1/products/1003 "HTTP/1.1 200 OK"
2026-09-25 19:48:47,336 INFO    [1003] price 2,690,000 (state=Bid now, my_last=2,690,000, bids=24)
2026-09-25 19:48:47,339 INFO    HTTP Request: POST http://localhost:9000/wp-admin/admin-ajax "HTTP/1.1 200 OK"
2026-09-25 19:48:47,339 INFO    [1003] fire 2,695,000 → success=True data={}
2026-09-25 19:48:49,001 INFO    HTTP Request: GET http://localhost:9000/wp-json/wc/store/v1/products/1001 "HTTP/1.1 200 OK"
2026-09-25 19:48:49,007 INFO    HTTP Request: GET http://localhost:9000/wp-json/wc/store/v1/products/1001 "HTTP/1.1 200 OK"
2026-09-25 19:48:49,009 INFO    [1001] price 1,700,000 (state=Bid now, my_last=1,700,000, bids=24)
2026-09-25 19:48:49,015 INFO    HTTP Request: POST http://localhost:9000/wp-admin/admin-ajax "HTTP/1.1 200 OK"
2026-09-25 19:48:49,017 INFO    [1001] fire 1,705,000 → success=True data={}
2026-09-25 19:48:49,705 INFO    HTTP Request: GET http://localhost:9000/wp-json/wc/store/v1/products/1003 "HTTP/1.1 200 OK"
2026-09-25 19:48:49,712 INFO    HTTP Request: GET http://localhost:9000/wp-json/wc/store/v1/products/1003 "HTTP/1.1 200 OK"
2026-09-25 19:48:49,713 INFO    [1003] price 2,712,500 (state=Bid now, my_last=2,695,000, bids=25)
2026-09-25 19:48:49,720 INFO    HTTP Request: POST http://localhost:9000/wp-admin/admin-ajax "HTTP/1.1 200 OK"
2026-09-25 19:48:49,721 INFO    [1003] fire 2,717,500 → success=True data={}
2026-09-25 19:48:50,966 INFO    HTTP Request: GET http://localhost:9000/wp-json/wc/store/v1/products/1001 "HTTP/1.1 200 OK"
2026-09-25 19:48:50,974 INFO    HTTP Request: GET http://localhost:9000/wp-json/wc/store/v1/products/1001 "HTTP/1.1 200 OK"
2026-09-25 19:48:50,977 INFO    [1001] price 1,705,000 (state=Bid now, my_last=1,705,000, bids=25)
2026-09-25 19:48:50,991 INFO    HTTP Request: POST http://localhost:9000/wp-admin/admin-ajax "HTTP/1.1 200 OK"
2026-09-25 19:48:50,993 INFO    [1001] fire 1,710,000 → success=True data={}
2026-09-25 19:48:51,760 INFO    HTTP Request: GET http://localhost:9000/wp-json/wc/store/v1/products/1003 "HTTP/1.1 200 OK"
2026-09-25 19:48:51,770 INFO    HTTP Request: GET http://localhost:9000/wp-json/wc/store/v1/products/1003 "HTTP/1.1 200 OK"
2026-09-25 19:48:51,771 INFO    [1003] price 2,717,500 (state=Bid now, my_last=2,717,500, bids=26)
2026-09-25 19:48:51,778 INFO    HTTP Request: POST http://localhost:9000/wp-admin/admin-ajax "HTTP/1.1 200 OK"
2026-09-25 19:48:51,779 INFO    [1003] fire 2,722,500 → success=True data={}
2026-09-25 19:48:53,241 INFO    HTTP Request: GET http://localhost:9000/wp-json/wc/store/v1/products/1001 "HTTP/1.1 200 OK"
2026-09-25 19:48:53,244 INFO    HTTP Request: GET http://localhost:9000/wp-json/wc/store/v1/products/1001 "HTTP/1.1 200 OK"
2026-09-25 19:48:53,245 INFO    [1001] price 1,710,000 (state=Bid now, my_last=1,710,000, bids=26)
2026-09-25 19:48:53,249 INFO    HTTP Request: POST http://localhost:9000/wp-admin/admin-ajax "HTTP/1.1 200 OK"
2026-09-25 19:48:53,250 INFO    [1001] fire 1,715,000 → success=True data={}
2026-09-25 19:48:53,635 INFO    HTTP Request: GET http://localhost:9000/wp-json/wc/store/v1/products/1003 "HTTP/1.1 200 OK"
2026-09-25 19:48:53,638 INFO    HTTP Request: GET http://localhost:9000/wp-json/wc/store/v1/products/1003 "HTTP/1.1 200 OK"
2026-09-25 19:48:53,639 INFO    [1003] price 2,722,500 (state=Bid now, my_last=2,722,500, bids=27)
2026-09-25 19:48:53,642 INFO    HTTP Request: POST http://localhost:9000/wp-admin/admin-ajax "HTTP/1.1 200 OK"
2026-09-25 19:48:53,642 INFO    [1003] fire 2,727,500 → success=True data={}
2026-09-25 19:48:55,194 INFO    HTTP Request: GET http://localhost:9000/wp-json/wc/store/v1/products/1001 "HTTP/1.1 200 OK"
2026-09-25 19:48:55,198 INFO    HTTP Request: GET http://localhost:9000/wp-json/wc/store/v1/products/1001 "HTTP/1.1 200 OK"
2026-09-25 19:48:55,199 INFO    [1001] price 1,715,000 (state=Bid now, my_last=1,715,000, bids=27)
2026-09-25 19:48:55,203 INFO    HTTP Request: POST http://localhost:9000/wp-admin/admin-ajax "HTTP/1.1 200 OK"
2026-09-25 19:48:55,204 INFO    [1001] fire 1,720,000 → success=True data={}
2026-09-25 19:48:55,881 INFO    HTTP Request: GET http://localhost:9000/wp-json/wc/store/v1/products/1003 "HTTP/1.1 200 OK"
2026-09-25 19:48:55,887 INFO    HTTP Request: GET http://localhost:9000/wp-json/wc/store/v1/products/1003 "HTTP/1.1 200 OK"
2026-09-25 19:48:55,889 INFO    [1003] price 2,727,500 (state=Bid now, my_last=2,727,500, bids=28)
2026-09-25 19:48:55,895 INFO    HTTP Request: POST http://localhost:9000/wp-admin/admin-ajax "HTTP/1.1 200 OK"
2026-09-25 19:48:55,897 INFO    [1003] fire 2,732,500 → success=True data={}
2026-09-25 19:48:57,415 INFO    HTTP Request: GET http://localhost:9000/wp-json/wc/store/v1/products/1001 "HTTP/1.1 200 OK"
2026-09-25 19:48:57,421 INFO    HTTP Request: GET http://localhost:9000/wp-json/wc/store/v1/products/1001 "HTTP/1.1 200 OK"
2026-09-25 19:48:57,423 INFO    [1001] price 1,720,000 (state=Bid now, my_last=1,720,000, bids=28)
2026-09-25 19:48:57,429 INFO    HTTP Request: POST http://localhost:9000/wp-admin/admin-ajax "HTTP/1.1 200 OK"
2026-09-25 19:48:57,431 INFO    [1001] fire 1,725,000 → success=True data={}
2026-09-25 19:48:57,894 INFO    HTTP Request: GET http://localhost:9000/wp-json/wc/store/v1/products/1003 "HTTP/1.1 200 OK"
2026-09-25 19:48:57,902 INFO    HTTP Request: GET http://localhost:9000/wp-json/wc/store/v1/products/1003 "HTTP/1.1 200 OK"
2026-09-25 19:48:57,904 INFO    [1003] price 2,732,500 (state=Bid now, my_last=2,732,500, bids=29)
2026-09-25 19:48:57,912 INFO    HTTP Request: POST http://localhost:9000/wp-admin/admin-ajax "HTTP/1.1 200 OK"
2026-09-25 19:48:57,914 INFO    [1003] fire 2,737,500 → success=True data={}
2026-09-25 19:48:59,056 INFO    HTTP Request: GET http://localhost:9000/wp-json/wc/store/v1/products/1001 "HTTP/1.1 200 OK"
2026-09-25 19:48:59,059 INFO    HTTP Request: GET http://localhost:9000/wp-json/wc/store/v1/products/1001 "HTTP/1.1 200 OK"
2026-09-25 19:48:59,060 INFO    [1001] price 1,725,000 (state=Bid now, my_last=1,725,000, bids=29)
2026-09-25 19:48:59,063 INFO    HTTP Request: POST http://localhost:9000/wp-admin/admin-ajax "HTTP/1.1 200 OK"
2026-09-25 19:48:59,063 INFO    [1001] fire 1,730,000 → success=True data={}
2026-09-25 19:48:59,545 INFO    HTTP Request: GET http://localhost:9000/wp-json/wc/store/v1/products/1003 "HTTP/1.1 200 OK"
2026-09-25 19:48:59,553 INFO    HTTP Request: GET http://localhost:9000/wp-json/wc/store/v1/products/1003 "HTTP/1.1 200 OK"
2026-09-25 19:48:59,555 INFO    [1003] price 2,737,500 (state=Bid now, my_last=2,737,500, bids=30)
2026-09-25 19:48:59,561 INFO    HTTP Request: POST http://localhost:9000/wp-admin/admin-ajax "HTTP/1.1 200 OK"
2026-09-25 19:48:59,563 INFO    [1003] fire 2,742,500 → success=True data={}
2026-09-25 19:48:59,873 INFO    HTTP Request: GET http://localhost:9000/wp-json/wc/store/v1/products/1001 "HTTP/1.1 200 OK"
2026-09-25 19:48:59,879 INFO    HTTP Request: GET http://localhost:9000/wp-json/wc/store/v1/products/1001 "HTTP/1.1 200 OK"
2026-09-25 19:48:59,881 INFO    [1001] price 1,730,000 (state=Bid now, my_last=1,730,000, bids=30)
2026-09-25 19:48:59,889 INFO    HTTP Request: POST http://localhost:9000/wp-admin/admin-ajax "HTTP/1.1 200 OK"
2026-09-25 19:48:59,890 INFO    [1001] fire 1,735,000 → success=True data={}
2026-09-25 19:49:00,685 INFO    HTTP Request: GET http://localhost:9000/wp-json/wc/store/v1/products/1003 "HTTP/1.1 200 OK"
2026-09-25 19:49:00,688 INFO    HTTP Request: GET http://localhost:9000/wp-json/wc/store/v1/products/1003 "HTTP/1.1 200 OK"
2026-09-25 19:49:00,688 INFO    [1003] price 2,742,500 (state=Bid now, my_last=2,742,500, bids=31)
2026-09-25 19:49:00,692 INFO    HTTP Request: POST http://localhost:9000/wp-admin/admin-ajax "HTTP/1.1 200 OK"
2026-09-25 19:49:00,694 INFO    [1003] fire 2,747,500 → success=True data={}
2026-09-25 19:49:00,730 INFO    HTTP Request: GET http://localhost:9000/wp-json/wc/store/v1/products/1001 "HTTP/1.1 200 OK"
2026-09-25 19:49:00,733 INFO    HTTP Request: GET http://localhost:9000/wp-json/wc/store/v1/products/1001 "HTTP/1.1 200 OK"
2026-09-25 19:49:00,733 INFO    [1001] price 1,735,000 (state=Bid now, my_last=1,735,000, bids=31)
2026-09-25 19:49:00,736 INFO    HTTP Request: POST http://localhost:9000/wp-admin/admin-ajax "HTTP/1.1 200 OK"
2026-09-25 19:49:00,737 INFO    [1001] fire 1,740,000 → success=True data={}
2026-09-25 19:49:01,702 INFO    HTTP Request: GET http://localhost:9000/wp-json/wc/store/v1/products/1001 "HTTP/1.1 200 OK"
2026-09-25 19:49:01,710 INFO    HTTP Request: GET http://localhost:9000/wp-json/wc/store/v1/products/1001 "HTTP/1.1 200 OK"
2026-09-25 19:49:01,711 INFO    [1001] price 1,740,000 (state=Bid now, my_last=1,740,000, bids=32)
2026-09-25 19:49:01,721 INFO    HTTP Request: POST http://localhost:9000/wp-admin/admin-ajax "HTTP/1.1 200 OK"
2026-09-25 19:49:01,723 INFO    [1001] fire 1,745,000 → success=True data={}
2026-09-25 19:49:01,888 INFO    HTTP Request: GET http://localhost:9000/wp-json/wc/store/v1/products/1003 "HTTP/1.1 200 OK"
2026-09-25 19:49:01,894 INFO    HTTP Request: GET http://localhost:9000/wp-json/wc/store/v1/products/1003 "HTTP/1.1 200 OK"
2026-09-25 19:49:01,895 INFO    [1003] price 2,747,500 (state=Bid now, my_last=2,747,500, bids=32)
2026-09-25 19:49:01,903 INFO    HTTP Request: POST http://localhost:9000/wp-admin/admin-ajax "HTTP/1.1 200 OK"
2026-09-25 19:49:01,904 INFO    [1003] fire 2,752,500 → success=True data={}
2026-09-25 19:49:02,811 INFO    HTTP Request: GET http://localhost:9000/wp-json/wc/store/v1/products/1001 "HTTP/1.1 200 OK"
2026-09-25 19:49:02,817 INFO    HTTP Request: GET http://localhost:9000/wp-json/wc/store/v1/products/1001 "HTTP/1.1 200 OK"
2026-09-25 19:49:02,819 INFO    [1001] price 1,745,000 (state=Bid now, my_last=1,745,000, bids=33)
2026-09-25 19:49:02,828 INFO    HTTP Request: POST http://localhost:9000/wp-admin/admin-ajax "HTTP/1.1 200 OK"
2026-09-25 19:49:02,830 INFO    [1001] fire 1,750,000 → success=True data={}
2026-09-25 19:49:02,968 INFO    HTTP Request: GET http://localhost:9000/wp-json/wc/store/v1/products/1003 "HTTP/1.1 200 OK"
2026-09-25 19:49:02,975 INFO    HTTP Request: GET http://localhost:9000/wp-json/wc/store/v1/products/1003 "HTTP/1.1 200 OK"
2026-09-25 19:49:02,977 INFO    [1003] price 2,752,500 (state=Bid now, my_last=2,752,500, bids=33)
2026-09-25 19:49:02,986 INFO    HTTP Request: POST http://localhost:9000/wp-admin/admin-ajax "HTTP/1.1 200 OK"
2026-09-25 19:49:02,988 INFO    [1003] fire 2,757,500 → success=True data={}
2026-09-25 19:49:03,934 INFO    HTTP Request: GET http://localhost:9000/wp-json/wc/store/v1/products/1001 "HTTP/1.1 200 OK"
2026-09-25 19:49:03,942 INFO    HTTP Request: GET http://localhost:9000/wp-json/wc/store/v1/products/1001 "HTTP/1.1 200 OK"
2026-09-25 19:49:03,943 INFO    [1001] price 1,750,000 (state=Bid now, my_last=1,750,000, bids=34)
2026-09-25 19:49:03,954 INFO    HTTP Request: POST http://localhost:9000/wp-admin/admin-ajax "HTTP/1.1 200 OK"
2026-09-25 19:49:03,956 INFO    [1001] fire 1,755,000 → success=True data={}
2026-09-25 19:49:04,030 INFO    HTTP Request: GET http://localhost:9000/wp-json/wc/store/v1/products/1003 "HTTP/1.1 200 OK"
2026-09-25 19:49:04,036 INFO    HTTP Request: GET http://localhost:9000/wp-json/wc/store/v1/products/1003 "HTTP/1.1 200 OK"
2026-09-25 19:49:04,037 INFO    [1003] price 2,757,500 (state=Bid now, my_last=2,757,500, bids=34)
2026-09-25 19:49:04,042 INFO    HTTP Request: POST http://localhost:9000/wp-admin/admin-ajax "HTTP/1.1 200 OK"
2026-09-25 19:49:04,043 INFO    [1003] fire 2,762,500 → success=True data={}
2026-09-25 19:49:04,872 INFO    HTTP Request: GET http://localhost:9000/wp-json/wc/store/v1/products/1003 "HTTP/1.1 200 OK"
2026-09-25 19:49:04,878 INFO    HTTP Request: GET http://localhost:9000/wp-json/wc/store/v1/products/1003 "HTTP/1.1 200 OK"
2026-09-25 19:49:04,881 INFO    [1003] price 2,762,500 (state=Bid now, my_last=2,762,500, bids=35)
2026-09-25 19:49:04,888 INFO    HTTP Request: POST http://localhost:9000/wp-admin/admin-ajax "HTTP/1.1 200 OK"
2026-09-25 19:49:04,890 INFO    [1003] fire 2,767,500 → success=True data={}
2026-09-25 19:49:05,065 INFO    HTTP Request: GET http://localhost:9000/wp-json/wc/store/v1/products/1001 "HTTP/1.1 200 OK"
2026-09-25 19:49:05,070 INFO    HTTP Request: GET http://localhost:9000/wp-json/wc/store/v1/products/1001 "HTTP/1.1 200 OK"
2026-09-25 19:49:05,071 INFO    [1001] price 1,755,000 (state=Bid now, my_last=1,755,000, bids=35)
2026-09-25 19:49:05,075 INFO    HTTP Request: POST http://localhost:9000/wp-admin/admin-ajax "HTTP/1.1 200 OK"
2026-09-25 19:49:05,076 INFO    [1001] fire 1,760,000 → success=True data={}
2026-09-25 19:49:05,973 INFO    HTTP Request: GET http://localhost:9000/wp-json/wc/store/v1/products/1003 "HTTP/1.1 200 OK"
2026-09-25 19:49:05,977 INFO    HTTP Request: GET http://localhost:9000/wp-json/wc/store/v1/products/1003 "HTTP/1.1 200 OK"
2026-09-25 19:49:06,024 INFO    [1003] price 2,767,500 (state=Bid now, my_last=2,767,500, bids=36)
2026-09-25 19:49:06,025 INFO    HTTP Request: POST http://localhost:9000/wp-admin/admin-ajax "HTTP/1.1 200 OK"
2026-09-25 19:49:06,026 INFO    [1003] fire 2,772,500 → success=True data={}
2026-09-25 19:49:06,253 INFO    HTTP Request: GET http://localhost:9000/wp-json/wc/store/v1/products/1001 "HTTP/1.1 200 OK"
2026-09-25 19:49:06,259 INFO    HTTP Request: GET http://localhost:9000/wp-json/wc/store/v1/products/1001 "HTTP/1.1 200 OK"
2026-09-25 19:49:06,260 INFO    [1001] price 1,760,000 (state=Bid now, my_last=1,760,000, bids=36)
2026-09-25 19:49:06,267 INFO    HTTP Request: POST http://localhost:9000/wp-admin/admin-ajax "HTTP/1.1 200 OK"
2026-09-25 19:49:06,268 INFO    [1001] fire 1,765,000 → success=True data={}
2026-09-25 19:49:06,853 INFO    HTTP Request: GET http://localhost:9000/wp-json/wc/store/v1/products/1003 "HTTP/1.1 200 OK"
2026-09-25 19:49:06,863 INFO    HTTP Request: GET http://localhost:9000/wp-json/wc/store/v1/products/1003 "HTTP/1.1 200 OK"
2026-09-25 19:49:06,866 INFO    [1003] price 2,772,500 (state=Bid now, my_last=2,772,500, bids=37)
2026-09-25 19:49:06,874 INFO    HTTP Request: POST http://localhost:9000/wp-admin/admin-ajax "HTTP/1.1 200 OK"
2026-09-25 19:49:06,876 INFO    [1003] fire 2,777,500 → success=True data={}
2026-09-25 19:49:07,238 INFO    HTTP Request: GET http://localhost:9000/wp-json/wc/store/v1/products/1001 "HTTP/1.1 200 OK"
2026-09-25 19:49:07,248 INFO    HTTP Request: GET http://localhost:9000/wp-json/wc/store/v1/products/1001 "HTTP/1.1 200 OK"
2026-09-25 19:49:07,249 INFO    [1001] price 1,765,000 (state=Bid now, my_last=1,765,000, bids=37)
2026-09-25 19:49:07,257 INFO    HTTP Request: POST http://localhost:9000/wp-admin/admin-ajax "HTTP/1.1 200 OK"
2026-09-25 19:49:07,258 INFO    [1001] fire 1,770,000 → success=True data={}
2026-09-25 19:49:08,076 INFO    HTTP Request: GET http://localhost:9000/wp-json/wc/store/v1/products/1003 "HTTP/1.1 200 OK"
2026-09-25 19:49:08,081 INFO    HTTP Request: GET http://localhost:9000/wp-json/wc/store/v1/products/1003 "HTTP/1.1 200 OK"
2026-09-25 19:49:08,082 INFO    [1003] price 2,780,000 (state=Bid now, my_last=2,777,500, bids=38)
2026-09-25 19:49:08,086 INFO    HTTP Request: POST http://localhost:9000/wp-admin/admin-ajax "HTTP/1.1 200 OK"
2026-09-25 19:49:08,087 INFO    [1003] fire 2,785,000 → success=True data={}
2026-09-25 19:49:08,378 INFO    HTTP Request: GET http://localhost:9000/wp-json/wc/store/v1/products/1001 "HTTP/1.1 200 OK"
2026-09-25 19:49:08,379 INFO    HTTP Request: GET http://localhost:9000/wp-json/wc/store/v1/products/1001 "HTTP/1.1 200 OK"
2026-09-25 19:49:08,380 INFO    [1001] price 1,770,000 (state=Bid now, my_last=1,770,000, bids=38)
2026-09-25 19:49:08,382 INFO    HTTP Request: POST http://localhost:9000/wp-admin/admin-ajax "HTTP/1.1 200 OK"
2026-09-25 19:49:08,382 INFO    [1001] fire 1,775,000 → success=True data={}
2026-09-25 19:49:09,069 INFO    HTTP Request: GET http://localhost:9000/wp-json/wc/store/v1/products/1003 "HTTP/1.1 200 OK"
2026-09-25 19:49:09,071 INFO    HTTP Request: GET http://localhost:9000/wp-json/wc/store/v1/products/1003 "HTTP/1.1 200 OK"
2026-09-25 19:49:09,072 INFO    [1003] price 2,785,000 (state=Bid now, my_last=2,785,000, bids=39)
2026-09-25 19:49:09,074 INFO    HTTP Request: POST http://localhost:9000/wp-admin/admin-ajax "HTTP/1.1 200 OK"
2026-09-25 19:49:09,074 INFO    [1003] fire 2,790,000 → success=True data={}
2026-09-25 19:49:09,553 INFO    HTTP Request: GET http://localhost:9000/wp-json/wc/store/v1/products/1001 "HTTP/1.1 200 OK"
2026-09-25 19:49:09,555 INFO    HTTP Request: GET http://localhost:9000/wp-json/wc/store/v1/products/1001 "HTTP/1.1 200 OK"
2026-09-25 19:49:09,555 INFO    [1001] price 1,775,000 (state=Bid now, my_last=1,775,000, bids=39)
2026-09-25 19:49:09,557 INFO    HTTP Request: POST http://localhost:9000/wp-admin/admin-ajax "HTTP/1.1 200 OK"
2026-09-25 19:49:09,558 INFO    [1001] fire 1,780,000 → success=True data={}
2026-09-25 19:49:10,194 INFO    HTTP Request: GET http://localhost:9000/wp-json/wc/store/v1/products/1003 "HTTP/1.1 200 OK"
2026-09-25 19:49:10,202 INFO    HTTP Request: GET http://localhost:9000/wp-json/wc/store/v1/products/1003 "HTTP/1.1 200 OK"
2026-09-25 19:49:10,203 INFO    [1003] price 2,790,000 (state=Bid now, my_last=2,790,000, bids=40)
2026-09-25 19:49:10,209 INFO    HTTP Request: POST http://localhost:9000/wp-admin/admin-ajax "HTTP/1.1 200 OK"
2026-09-25 19:49:10,210 INFO    [1003] fire 2,795,000 → success=True data={}
2026-09-25 19:49:10,758 INFO    HTTP Request: GET http://localhost:9000/wp-json/wc/store/v1/products/1001 "HTTP/1.1 200 OK"
2026-09-25 19:49:10,765 INFO    HTTP Request: GET http://localhost:9000/wp-json/wc/store/v1/products/1001 "HTTP/1.1 200 OK"
2026-09-25 19:49:10,767 INFO    [1001] price 1,780,000 (state=Bid now, my_last=1,780,000, bids=40)
2026-09-25 19:49:10,773 INFO    HTTP Request: POST http://localhost:9000/wp-admin/admin-ajax "HTTP/1.1 200 OK"
2026-09-25 19:49:10,775 INFO    [1001] fire 1,785,000 → success=True data={}
2026-09-25 19:49:11,210 INFO    HTTP Request: GET http://localhost:9000/wp-json/wc/store/v1/products/1003 "HTTP/1.1 200 OK"
2026-09-25 19:49:11,214 INFO    HTTP Request: GET http://localhost:9000/wp-json/wc/store/v1/products/1003 "HTTP/1.1 200 OK"
2026-09-25 19:49:11,215 INFO    [1003] price 2,795,000 (state=Bid now, my_last=2,795,000, bids=41)
2026-09-25 19:49:11,218 INFO    HTTP Request: POST http://localhost:9000/wp-admin/admin-ajax "HTTP/1.1 200 OK"
2026-09-25 19:49:11,219 INFO    [1003] fire 2,800,000 → success=True data={}
2026-09-25 19:49:11,802 INFO    HTTP Request: GET http://localhost:9000/wp-json/wc/store/v1/products/1001 "HTTP/1.1 200 OK"
2026-09-25 19:49:11,809 INFO    HTTP Request: GET http://localhost:9000/wp-json/wc/store/v1/products/1001 "HTTP/1.1 200 OK"
2026-09-25 19:49:11,811 INFO    [1001] price 1,785,000 (state=Bid now, my_last=1,785,000, bids=41)
2026-09-25 19:49:11,818 INFO    HTTP Request: POST http://localhost:9000/wp-admin/admin-ajax "HTTP/1.1 200 OK"
2026-09-25 19:49:11,819 INFO    [1001] fire 1,790,000 → success=True data={}
2026-09-25 19:49:12,118 INFO    HTTP Request: GET http://localhost:9000/wp-json/wc/store/v1/products/1003 "HTTP/1.1 200 OK"
2026-09-25 19:49:12,125 INFO    HTTP Request: GET http://localhost:9000/wp-json/wc/store/v1/products/1003 "HTTP/1.1 200 OK"
2026-09-25 19:49:12,126 INFO    [1003] price 2,800,000 (state=Bid now, my_last=2,800,000, bids=42)
2026-09-25 19:49:12,134 INFO    HTTP Request: POST http://localhost:9000/wp-admin/admin-ajax "HTTP/1.1 200 OK"
2026-09-25 19:49:12,136 INFO    [1003] fire 2,805,000 → success=True data={}
2026-09-25 19:49:12,869 INFO    HTTP Request: GET http://localhost:9000/wp-json/wc/store/v1/products/1001 "HTTP/1.1 200 OK"
2026-09-25 19:49:12,874 INFO    HTTP Request: GET http://localhost:9000/wp-json/wc/store/v1/products/1001 "HTTP/1.1 200 OK"
2026-09-25 19:49:12,876 INFO    [1001] price 1,790,000 (state=Bid now, my_last=1,790,000, bids=42)
2026-09-25 19:49:12,884 INFO    HTTP Request: POST http://localhost:9000/wp-admin/admin-ajax "HTTP/1.1 200 OK"
2026-09-25 19:49:12,885 INFO    [1001] fire 1,795,000 → success=True data={}
2026-09-25 19:49:13,006 INFO    HTTP Request: GET http://localhost:9000/wp-json/wc/store/v1/products/1003 "HTTP/1.1 200 OK"
2026-09-25 19:49:13,012 INFO    HTTP Request: GET http://localhost:9000/wp-json/wc/store/v1/products/1003 "HTTP/1.1 200 OK"
2026-09-25 19:49:13,013 INFO    [1003] price 2,805,000 (state=Bid now, my_last=2,805,000, bids=43)
2026-09-25 19:49:13,020 INFO    HTTP Request: POST http://localhost:9000/wp-admin/admin-ajax "HTTP/1.1 200 OK"
2026-09-25 19:49:13,022 INFO    [1003] fire 2,810,000 → success=True data={}
2026-09-25 19:49:13,856 INFO    HTTP Request: GET http://localhost:9000/wp-json/wc/store/v1/products/1003 "HTTP/1.1 200 OK"
2026-09-25 19:49:13,863 INFO    HTTP Request: GET http://localhost:9000/wp-json/wc/store/v1/products/1003 "HTTP/1.1 200 OK"
2026-09-25 19:49:13,864 INFO    [1003] price 2,810,000 (state=Bid now, my_last=2,810,000, bids=44)
2026-09-25 19:49:13,868 INFO    HTTP Request: POST http://localhost:9000/wp-admin/admin-ajax "HTTP/1.1 200 OK"
2026-09-25 19:49:13,868 INFO    [1003] fire 2,815,000 → success=True data={}
2026-09-25 19:49:13,992 INFO    HTTP Request: GET http://localhost:9000/wp-json/wc/store/v1/products/1001 "HTTP/1.1 200 OK"
2026-09-25 19:49:14,003 INFO    HTTP Request: GET http://localhost:9000/wp-json/wc/store/v1/products/1001 "HTTP/1.1 200 OK"
2026-09-25 19:49:14,008 INFO    [1001] price 1,795,000 (state=Bid now, my_last=1,795,000, bids=43)
2026-09-25 19:49:14,022 INFO    HTTP Request: POST http://localhost:9000/wp-admin/admin-ajax "HTTP/1.1 200 OK"
2026-09-25 19:49:14,024 INFO    [1001] fire 1,800,000 → success=True data={}
2026-09-25 19:49:14,897 INFO    HTTP Request: GET http://localhost:9000/wp-json/wc/store/v1/products/1003 "HTTP/1.1 200 OK"
2026-09-25 19:49:14,903 INFO    HTTP Request: GET http://localhost:9000/wp-json/wc/store/v1/products/1003 "HTTP/1.1 200 OK"
2026-09-25 19:49:14,905 INFO    [1003] price 2,815,000 (state=Bid now, my_last=2,815,000, bids=45)
2026-09-25 19:49:14,911 INFO    HTTP Request: POST http://localhost:9000/wp-admin/admin-ajax "HTTP/1.1 200 OK"
2026-09-25 19:49:14,913 INFO    [1003] fire 2,820,000 → success=True data={}
2026-09-25 19:49:14,922 INFO    HTTP Request: GET http://localhost:9000/wp-json/wc/store/v1/products/1001 "HTTP/1.1 200 OK"
2026-09-25 19:49:14,928 INFO    HTTP Request: GET http://localhost:9000/wp-json/wc/store/v1/products/1001 "HTTP/1.1 200 OK"
2026-09-25 19:49:14,929 INFO    [1001] price 1,800,000 (state=Bid now, my_last=1,800,000, bids=44)
2026-09-25 19:49:14,939 INFO    HTTP Request: POST http://localhost:9000/wp-admin/admin-ajax "HTTP/1.1 200 OK"
2026-09-25 19:49:14,940 INFO    [1001] fire 1,805,000 → success=True data={}
2026-09-25 19:49:15,940 INFO    HTTP Request: GET http://localhost:9000/wp-json/wc/store/v1/products/1003 "HTTP/1.1 200 OK"
2026-09-25 19:49:15,947 INFO    HTTP Request: GET http://localhost:9000/wp-json/wc/store/v1/products/1003 "HTTP/1.1 200 OK"
2026-09-25 19:49:15,948 INFO    [1003] price 2,820,000 (state=Bid now, my_last=2,820,000, bids=46)
2026-09-25 19:49:15,954 INFO    HTTP Request: POST http://localhost:9000/wp-admin/admin-ajax "HTTP/1.1 200 OK"
2026-09-25 19:49:15,956 INFO    [1003] fire 2,825,000 → success=True data={}
2026-09-25 19:49:16,068 INFO    HTTP Request: GET http://localhost:9000/wp-json/wc/store/v1/products/1001 "HTTP/1.1 200 OK"
2026-09-25 19:49:16,071 INFO    HTTP Request: GET http://localhost:9000/wp-json/wc/store/v1/products/1001 "HTTP/1.1 200 OK"
2026-09-25 19:49:16,072 INFO    [1001] price 1,805,000 (state=Bid now, my_last=1,805,000, bids=45)
2026-09-25 19:49:16,076 INFO    HTTP Request: POST http://localhost:9000/wp-admin/admin-ajax "HTTP/1.1 200 OK"
2026-09-25 19:49:16,077 INFO    [1001] fire 1,810,000 → success=True data={}
2026-09-25 19:49:17,061 INFO    HTTP Request: GET http://localhost:9000/wp-json/wc/store/v1/products/1003 "HTTP/1.1 200 OK"
2026-09-25 19:49:17,069 INFO    HTTP Request: GET http://localhost:9000/wp-json/wc/store/v1/products/1003 "HTTP/1.1 200 OK"
2026-09-25 19:49:17,070 INFO    [1003] price 2,825,000 (state=Bid now, my_last=2,825,000, bids=47)
2026-09-25 19:49:17,077 INFO    HTTP Request: POST http://localhost:9000/wp-admin/admin-ajax "HTTP/1.1 200 OK"
2026-09-25 19:49:17,078 INFO    [1003] fire 2,830,000 → success=True data={}
2026-09-25 19:49:17,220 INFO    HTTP Request: GET http://localhost:9000/wp-json/wc/store/v1/products/1001 "HTTP/1.1 200 OK"
2026-09-25 19:49:17,225 INFO    HTTP Request: GET http://localhost:9000/wp-json/wc/store/v1/products/1001 "HTTP/1.1 200 OK"
2026-09-25 19:49:17,226 INFO    [1001] price 1,810,000 (state=Bid now, my_last=1,810,000, bids=46)
2026-09-25 19:49:17,232 INFO    HTTP Request: POST http://localhost:9000/wp-admin/admin-ajax "HTTP/1.1 200 OK"
2026-09-25 19:49:17,233 INFO    [1001] fire 1,815,000 → success=True data={}
2026-09-25 19:49:17,988 INFO    HTTP Request: GET http://localhost:9000/wp-json/wc/store/v1/products/1003 "HTTP/1.1 200 OK"
2026-09-25 19:49:17,994 INFO    HTTP Request: GET http://localhost:9000/wp-json/wc/store/v1/products/1003 "HTTP/1.1 200 OK"
2026-09-25 19:49:17,996 INFO    [1003] price 2,830,000 (state=Bid now, my_last=2,830,000, bids=48)
2026-09-25 19:49:18,002 INFO    HTTP Request: POST http://localhost:9000/wp-admin/admin-ajax "HTTP/1.1 200 OK"
2026-09-25 19:49:18,004 INFO    [1003] fire 2,835,000 → success=True data={}
2026-09-25 19:49:18,325 INFO    HTTP Request: GET http://localhost:9000/wp-json/wc/store/v1/products/1001 "HTTP/1.1 200 OK"
2026-09-25 19:49:18,332 INFO    HTTP Request: GET http://localhost:9000/wp-json/wc/store/v1/products/1001 "HTTP/1.1 200 OK"
2026-09-25 19:49:18,334 INFO    [1001] price 1,815,000 (state=Bid now, my_last=1,815,000, bids=47)
2026-09-25 19:49:18,340 INFO    HTTP Request: POST http://localhost:9000/wp-admin/admin-ajax "HTTP/1.1 200 OK"
2026-09-25 19:49:18,342 INFO    [1001] fire 1,820,000 → success=True data={}
2026-09-25 19:49:19,064 INFO    HTTP Request: GET http://localhost:9000/wp-json/wc/store/v1/products/1003 "HTTP/1.1 200 OK"
2026-09-25 19:49:19,071 INFO    HTTP Request: GET http://localhost:9000/wp-json/wc/store/v1/products/1003 "HTTP/1.1 200 OK"
2026-09-25 19:49:19,073 INFO    [1003] price 2,835,000 (state=Bid now, my_last=2,835,000, bids=49)
2026-09-25 19:49:19,079 INFO    HTTP Request: POST http://localhost:9000/wp-admin/admin-ajax "HTTP/1.1 200 OK"
2026-09-25 19:49:19,080 INFO    [1003] fire 2,840,000 → success=True data={}
2026-09-25 19:49:19,182 INFO    HTTP Request: GET http://localhost:9000/wp-json/wc/store/v1/products/1001 "HTTP/1.1 200 OK"
2026-09-25 19:49:19,189 INFO    HTTP Request: GET http://localhost:9000/wp-json/wc/store/v1/products/1001 "HTTP/1.1 200 OK"
2026-09-25 19:49:19,190 INFO    [1001] price 1,820,000 (state=Bid now, my_last=1,820,000, bids=48)
2026-09-25 19:49:19,198 INFO    HTTP Request: POST http://localhost:9000/wp-admin/admin-ajax "HTTP/1.1 200 OK"
2026-09-25 19:49:19,199 INFO    [1001] fire 1,825,000 → success=True data={}
2026-09-25 19:49:20,224 INFO    HTTP Request: GET http://localhost:9000/wp-json/wc/store/v1/products/1003 "HTTP/1.1 200 OK"
2026-09-25 19:49:20,234 INFO    HTTP Request: GET http://localhost:9000/wp-json/wc/store/v1/products/1003 "HTTP/1.1 200 OK"
2026-09-25 19:49:20,235 INFO    [1003] price 2,840,000 (state=Bid now, my_last=2,840,000, bids=50)
2026-09-25 19:49:20,244 INFO    HTTP Request: POST http://localhost:9000/wp-admin/admin-ajax "HTTP/1.1 200 OK"
2026-09-25 19:49:20,246 INFO    [1003] fire 2,845,000 → success=True data={}
2026-09-25 19:49:20,322 INFO    HTTP Request: GET http://localhost:9000/wp-json/wc/store/v1/products/1001 "HTTP/1.1 200 OK"
2026-09-25 19:49:20,325 INFO    HTTP Request: GET http://localhost:9000/wp-json/wc/store/v1/products/1001 "HTTP/1.1 200 OK"
2026-09-25 19:49:20,325 INFO    [1001] price 1,825,000 (state=Bid now, my_last=1,825,000, bids=49)
2026-09-25 19:49:20,329 INFO    HTTP Request: POST http://localhost:9000/wp-admin/admin-ajax "HTTP/1.1 200 OK"
2026-09-25 19:49:20,330 INFO    [1001] fire 1,830,000 → success=True data={}
2026-09-25 19:49:21,179 INFO    HTTP Request: GET http://localhost:9000/wp-json/wc/store/v1/products/1003 "HTTP/1.1 200 OK"
2026-09-25 19:49:21,185 INFO    HTTP Request: GET http://localhost:9000/wp-json/wc/store/v1/products/1003 "HTTP/1.1 200 OK"
2026-09-25 19:49:21,187 INFO    [1003] price 2,845,000 (state=Bid now, my_last=2,845,000, bids=51)
2026-09-25 19:49:21,195 INFO    HTTP Request: POST http://localhost:9000/wp-admin/admin-ajax "HTTP/1.1 200 OK"
2026-09-25 19:49:21,197 INFO    [1003] fire 2,850,000 → success=True data={}
2026-09-25 19:49:21,452 INFO    HTTP Request: GET http://localhost:9000/wp-json/wc/store/v1/products/1001 "HTTP/1.1 200 OK"
2026-09-25 19:49:21,458 INFO    HTTP Request: GET http://localhost:9000/wp-json/wc/store/v1/products/1001 "HTTP/1.1 200 OK"
2026-09-25 19:49:21,460 INFO    [1001] price 1,830,000 (state=Bid now, my_last=1,830,000, bids=50)
2026-09-25 19:49:21,467 INFO    HTTP Request: POST http://localhost:9000/wp-admin/admin-ajax "HTTP/1.1 200 OK"
2026-09-25 19:49:21,468 INFO    [1001] fire 1,835,000 → success=True data={}
2026-09-25 19:49:22,091 INFO    HTTP Request: GET http://localhost:9000/wp-json/wc/store/v1/products/1003 "HTTP/1.1 200 OK"
2026-09-25 19:49:22,098 INFO    HTTP Request: GET http://localhost:9000/wp-json/wc/store/v1/products/1003 "HTTP/1.1 200 OK"
2026-09-25 19:49:22,099 INFO    [1003] price 2,850,000 (state=Bid now, my_last=2,850,000, bids=52)
2026-09-25 19:49:22,105 INFO    HTTP Request: POST http://localhost:9000/wp-admin/admin-ajax "HTTP/1.1 200 OK"
2026-09-25 19:49:22,107 INFO    [1003] fire 2,855,000 → success=True data={}
2026-09-25 19:49:22,515 INFO    HTTP Request: GET http://localhost:9000/wp-json/wc/store/v1/products/1001 "HTTP/1.1 200 OK"
2026-09-25 19:49:22,523 INFO    HTTP Request: GET http://localhost:9000/wp-json/wc/store/v1/products/1001 "HTTP/1.1 200 OK"
2026-09-25 19:49:22,524 INFO    [1001] price 1,835,000 (state=Bid now, my_last=1,835,000, bids=51)
2026-09-25 19:49:22,528 INFO    HTTP Request: POST http://localhost:9000/wp-admin/admin-ajax "HTTP/1.1 200 OK"
2026-09-25 19:49:22,529 INFO    [1001] fire 1,840,000 → success=True data={}
2026-09-25 19:49:23,255 INFO    HTTP Request: GET http://localhost:9000/wp-json/wc/store/v1/products/1003 "HTTP/1.1 200 OK"
2026-09-25 19:49:23,259 INFO    HTTP Request: GET http://localhost:9000/wp-json/wc/store/v1/products/1003 "HTTP/1.1 200 OK"
2026-09-25 19:49:23,260 INFO    [1003] price 2,855,000 (state=Bid now, my_last=2,855,000, bids=53)
2026-09-25 19:49:23,263 INFO    HTTP Request: POST http://localhost:9000/wp-admin/admin-ajax "HTTP/1.1 200 OK"
2026-09-25 19:49:23,264 INFO    [1003] fire 2,860,000 → success=True data={}
2026-09-25 19:49:23,482 INFO    HTTP Request: GET http://localhost:9000/wp-json/wc/store/v1/products/1001 "HTTP/1.1 200 OK"
2026-09-25 19:49:23,485 INFO    HTTP Request: GET http://localhost:9000/wp-json/wc/store/v1/products/1001 "HTTP/1.1 200 OK"
2026-09-25 19:49:23,485 INFO    [1001] price 1,840,000 (state=Bid now, my_last=1,840,000, bids=52)
2026-09-25 19:49:23,522 INFO    HTTP Request: POST http://localhost:9000/wp-admin/admin-ajax "HTTP/1.1 200 OK"
2026-09-25 19:49:23,522 INFO    [1001] fire 1,845,000 → success=True data={}
2026-09-25 19:49:24,135 INFO    HTTP Request: GET http://localhost:9000/wp-json/wc/store/v1/products/1003 "HTTP/1.1 200 OK"
2026-09-25 19:49:24,139 INFO    HTTP Request: GET http://localhost:9000/wp-json/wc/store/v1/products/1003 "HTTP/1.1 200 OK"
2026-09-25 19:49:24,140 INFO    [1003] price 2,860,000 (state=Bid now, my_last=2,860,000, bids=54)
2026-09-25 19:49:24,142 INFO    HTTP Request: POST http://localhost:9000/wp-admin/admin-ajax "HTTP/1.1 200 OK"
2026-09-25 19:49:24,143 INFO    [1003] fire 2,865,000 → success=True data={}
2026-09-25 19:49:24,700 INFO    HTTP Request: GET http://localhost:9000/wp-json/wc/store/v1/products/1001 "HTTP/1.1 200 OK"
2026-09-25 19:49:24,706 INFO    HTTP Request: GET http://localhost:9000/wp-json/wc/store/v1/products/1001 "HTTP/1.1 200 OK"
2026-09-25 19:49:24,707 INFO    [1001] price 1,845,000 (state=Bid now, my_last=1,845,000, bids=53)
2026-09-25 19:49:24,716 INFO    HTTP Request: POST http://localhost:9000/wp-admin/admin-ajax "HTTP/1.1 200 OK"
2026-09-25 19:49:24,718 INFO    [1001] fire 1,850,000 → success=True data={}
2026-09-25 19:49:24,969 INFO    HTTP Request: GET http://localhost:9000/wp-json/wc/store/v1/products/1003 "HTTP/1.1 200 OK"
2026-09-25 19:49:24,974 INFO    HTTP Request: GET http://localhost:9000/wp-json/wc/store/v1/products/1003 "HTTP/1.1 200 OK"
2026-09-25 19:49:24,976 INFO    [1003] price 2,865,000 (state=Bid now, my_last=2,865,000, bids=55)
2026-09-25 19:49:24,983 INFO    HTTP Request: POST http://localhost:9000/wp-admin/admin-ajax "HTTP/1.1 200 OK"
2026-09-25 19:49:24,984 INFO    [1003] fire 2,870,000 → success=True data={}
2026-09-25 19:49:25,524 INFO    HTTP Request: GET http://localhost:9000/wp-json/wc/store/v1/products/1001 "HTTP/1.1 200 OK"
2026-09-25 19:49:25,531 INFO    HTTP Request: GET http://localhost:9000/wp-json/wc/store/v1/products/1001 "HTTP/1.1 200 OK"
2026-09-25 19:49:25,532 INFO    [1001] price 1,850,000 (state=Bid now, my_last=1,850,000, bids=54)
2026-09-25 19:49:25,539 INFO    HTTP Request: POST http://localhost:9000/wp-admin/admin-ajax "HTTP/1.1 200 OK"
2026-09-25 19:49:25,540 INFO    [1001] fire 1,855,000 → success=True data={}
2026-09-25 19:49:26,036 INFO    HTTP Request: GET http://localhost:9000/wp-json/wc/store/v1/products/1003 "HTTP/1.1 200 OK"
2026-09-25 19:49:26,041 INFO    HTTP Request: GET http://localhost:9000/wp-json/wc/store/v1/products/1003 "HTTP/1.1 200 OK"
2026-09-25 19:49:26,043 INFO    [1003] price 2,870,000 (state=Bid now, my_last=2,870,000, bids=56)
2026-09-25 19:49:26,051 INFO    HTTP Request: POST http://localhost:9000/wp-admin/admin-ajax "HTTP/1.1 200 OK"
2026-09-25 19:49:26,052 INFO    [1003] fire 2,875,000 → success=True data={}
2026-09-25 19:49:26,498 INFO    HTTP Request: GET http://localhost:9000/wp-json/wc/store/v1/products/1001 "HTTP/1.1 200 OK"
2026-09-25 19:49:26,504 INFO    HTTP Request: GET http://localhost:9000/wp-json/wc/store/v1/products/1001 "HTTP/1.1 200 OK"
2026-09-25 19:49:26,505 INFO    [1001] price 1,855,000 (state=Bid now, my_last=1,855,000, bids=55)
2026-09-25 19:49:26,508 INFO    HTTP Request: POST http://localhost:9000/wp-admin/admin-ajax "HTTP/1.1 200 OK"
2026-09-25 19:49:26,509 INFO    [1001] fire 1,860,000 → success=True data={}
2026-09-25 19:49:26,922 INFO    HTTP Request: GET http://localhost:9000/wp-json/wc/store/v1/products/1003 "HTTP/1.1 200 OK"
2026-09-25 19:49:26,923 INFO    HTTP Request: GET http://localhost:9000/wp-json/wc/store/v1/products/1003 "HTTP/1.1 200 OK"
2026-09-25 19:49:26,924 INFO    [1003] price 2,875,000 (state=Bid now, my_last=2,875,000, bids=57)
2026-09-25 19:49:26,931 INFO    HTTP Request: POST http://localhost:9000/wp-admin/admin-ajax "HTTP/1.1 200 OK"
2026-09-25 19:49:26,931 INFO    [1003] fire 2,880,000 → success=True data={}
2026-09-25 19:49:27,456 INFO    HTTP Request: GET http://localhost:9000/wp-json/wc/store/v1/products/1001 "HTTP/1.1 200 OK"
2026-09-25 19:49:27,463 INFO    HTTP Request: GET http://localhost:9000/wp-json/wc/store/v1/products/1001 "HTTP/1.1 200 OK"
2026-09-25 19:49:27,464 INFO    [1001] price 1,860,000 (state=Bid now, my_last=1,860,000, bids=56)
2026-09-25 19:49:27,471 INFO    HTTP Request: POST http://localhost:9000/wp-admin/admin-ajax "HTTP/1.1 200 OK"
2026-09-25 19:49:27,472 INFO    [1001] fire 1,865,000 → success=True data={}
2026-09-25 19:49:28,072 INFO    HTTP Request: GET http://localhost:9000/wp-json/wc/store/v1/products/1003 "HTTP/1.1 200 OK"
2026-09-25 19:49:28,077 INFO    HTTP Request: GET http://localhost:9000/wp-json/wc/store/v1/products/1003 "HTTP/1.1 200 OK"
2026-09-25 19:49:28,080 INFO    [1003] auction closed (state=View)
2026-09-25 19:49:28,082 INFO    [1003] endgame done: bids=58 last_bid=2,880,000
2026-09-25 19:49:28,487 INFO    [1001] endgame done: bids=57 last_bid=1,865,000
2026-09-25 19:49:28,487 INFO    done
