2026-09-25 20:11:25,573 INFO    log file: logs/snipe-1001-20260925-201125.log
2026-09-25 20:11:25,573 INFO    target: product=1001  vehicle_id=1  armed_bid_id=1  max=10,500,000
2026-09-25 20:11:25,645 INFO    HTTP Request: HEAD http://localhost:9000/ "HTTP/1.1 404 Not Found"
2026-09-25 20:11:25,648 INFO    clock offset: -0.642s  (rtt=8ms, samples=1)
2026-09-25 20:11:25,651 INFO    HTTP Request: HEAD http://localhost:9000/ "HTTP/1.1 404 Not Found"
2026-09-25 20:11:25,652 INFO    clock offset: -0.642s  (rtt=4ms, samples=2)
2026-09-25 20:11:25,653 INFO    [1001] starting  max=10,500,000
2026-09-25 20:11:25,654 INFO    HTTP Request: GET http://localhost:9000/product/toyota-hilux-2019/ "HTTP/1.1 200 OK"
2026-09-25 20:11:25,655 INFO    [1001] finish_time=1790356710  remaining=425s
2026-09-25 20:11:25,657 INFO    HTTP Request: GET http://localhost:9000/wp-json/wc/store/v1/products/1001 "HTTP/1.1 200 OK"
2026-09-25 20:11:25,657 INFO    [1001] initial state=Bid now
2026-09-25 20:11:25,658 INFO    HTTP Request: GET http://localhost:9000/wp-json/wc/store/v1/products/1001 "HTTP/1.1 200 OK"
2026-09-25 20:11:25,659 INFO    [1001] initial price=1,230,000
2026-09-25 20:11:25,659 INFO    [1001] monitoring until T-120s...
2026-09-25 20:11:25,660 INFO    HTTP Request: GET http://localhost:9000/wp-json/wc/store/v1/products/1001 "HTTP/1.1 200 OK"
2026-09-25 20:11:25,665 INFO    HTTP Request: GET http://localhost:9000/wp-json/wc/store/v1/products/1001 "HTTP/1.1 200 OK"
2026-09-25 20:11:25,665 INFO    [1001] tick   1  price=1,230,000  state=Bid now
2026-09-25 20:11:48,686 INFO    HTTP Request: GET http://localhost:9000/wp-json/wc/store/v1/products/1001 "HTTP/1.1 200 OK"
2026-09-25 20:11:48,693 INFO    HTTP Request: GET http://localhost:9000/wp-json/wc/store/v1/products/1001 "HTTP/1.1 200 OK"
2026-09-25 20:11:48,695 INFO    [1001] tick   2  price=1,250,000  state=Bid now
2026-09-25 20:12:11,770 INFO    HTTP Request: GET http://localhost:9000/wp-json/wc/store/v1/products/1001 "HTTP/1.1 200 OK"
2026-09-25 20:12:11,778 INFO    HTTP Request: GET http://localhost:9000/wp-json/wc/store/v1/products/1001 "HTTP/1.1 200 OK"
2026-09-25 20:12:11,779 INFO    [1001] tick   3  price=1,280,000  state=Bid now
2026-09-25 20:12:30,880 INFO    HTTP Request: GET http://localhost:9000/wp-json/wc/store/v1/products/1001 "HTTP/1.1 200 OK"
2026-09-25 20:12:30,886 INFO    HTTP Request: GET http://localhost:9000/wp-json/wc/store/v1/products/1001 "HTTP/1.1 200 OK"
2026-09-25 20:12:30,887 INFO    [1001] tick   4  price=1,325,000  state=Bid now
2026-09-25 20:12:53,945 INFO    HTTP Request: GET http://localhost:9000/wp-json/wc/store/v1/products/1001 "HTTP/1.1 200 OK"
2026-09-25 20:12:53,951 INFO    HTTP Request: GET http://localhost:9000/wp-json/wc/store/v1/products/1001 "HTTP/1.1 200 OK"
2026-09-25 20:12:53,953 INFO    [1001] tick   5  price=1,360,000  state=Bid now
2026-09-25 20:13:10,604 INFO    HTTP Request: GET http://localhost:9000/wp-json/wc/store/v1/products/1001 "HTTP/1.1 200 OK"
2026-09-25 20:13:10,612 INFO    HTTP Request: GET http://localhost:9000/wp-json/wc/store/v1/products/1001 "HTTP/1.1 200 OK"
2026-09-25 20:13:10,613 INFO    [1001] tick   6  price=1,365,000  state=Bid now
2026-09-25 20:13:23,436 INFO    interrupted by user
2026-09-25 20:13:23,437 INFO    done
